[0.045s] Invoking command in '/home/cjson/project/ROS_BEGINNING/build/turtlesim_msgs': CMAKE_PREFIX_PATH=${CMAKE_PREFIX_PATH}:/opt/ros/lyrical:/home/cjson/ros2_lyrical/install/rqt_bag_plugins:/home/cjson/ros2_lyrical/install/launch_testing_examples:/home/cjson/ros2_lyrical/install/ros2bag:/home/cjson/ros2_lyrical/install/tracetools_test:/home/cjson/ros2_lyrical/install/tracetools_launch:/home/cjson/ros2_lyrical/install/topic_monitor:/home/cjson/ros2_lyrical/install/tf2_tools:/home/cjson/ros2_lyrical/install/examples_tf2_py:/home/cjson/ros2_lyrical/install/tf2_ros_py:/home/cjson/ros2_lyrical/install/sros2:/home/cjson/ros2_lyrical/install/rqt_topic:/home/cjson/ros2_lyrical/install/rqt_srv:/home/cjson/ros2_lyrical/install/rqt_shell:/home/cjson/ros2_lyrical/install/rqt_service_caller:/home/cjson/ros2_lyrical/install/rqt_reconfigure:/home/cjson/ros2_lyrical/install/rqt_py_console:/home/cjson/ros2_lyrical/install/rqt_publisher:/home/cjson/ros2_lyrical/install/rqt_plot:/home/cjson/ros2_lyrical/install/rqt_action:/home/cjson/ros2_lyrical/install/rqt_msg:/home/cjson/ros2_lyrical/install/rqt_console:/home/cjson/ros2_lyrical/install/rqt:/home/cjson/ros2_lyrical/install/rqt_graph:/home/cjson/ros2_lyrical/install/rqt_bag:/home/cjson/ros2_lyrical/install/rqt_gui_py:/home/cjson/ros2_lyrical/install/rqt_gui:/home/cjson/ros2_lyrical/install/rosbag2_examples_py:/home/cjson/ros2_lyrical/install/ros2trace:/home/cjson/ros2_lyrical/install/ros2topic:/home/cjson/ros2_lyrical/install/ros2test:/home/cjson/ros2_lyrical/install/ros2component:/home/cjson/ros2_lyrical/install/ros2param:/home/cjson/ros2_lyrical/install/ros2lifecycle:/home/cjson/ros2_lyrical/install/ros2service:/home/cjson/ros2_lyrical/install/ros2run:/home/cjson/ros2_lyrical/install/ros2plugin:/home/cjson/ros2_lyrical/install/ros2launch:/home/cjson/ros2_lyrical/install/ros2pkg:/home/cjson/ros2_lyrical/install/ros2node:/home/cjson/ros2_lyrical/install/ros2multicast:/home/cjson/ros2_lyrical/install/ros2interface:/home/cjson/ros2_lyrical/install/ros2doctor:/home/cjson/ros2_lyrical/install/ros2action:/home/cjson/ros2_lyrical/install/ros2cli:/home/cjson/ros2_lyrical/install/quality_of_service_demo_py:/home/cjson/ros2_lyrical/install/lifecycle_py:/home/cjson/ros2_lyrical/install/launch_testing_ros:/home/cjson/ros2_lyrical/install/launch_ros:/home/cjson/ros2_lyrical/install/examples_rclpy_pointcloud_publisher:/home/cjson/ros2_lyrical/install/examples_rclpy_minimal_subscriber:/home/cjson/ros2_lyrical/install/examples_rclpy_minimal_service:/home/cjson/ros2_lyrical/install/examples_rclpy_minimal_publisher:/home/cjson/ros2_lyrical/install/examples_rclpy_minimal_client:/home/cjson/ros2_lyrical/install/examples_rclpy_minimal_action_server:/home/cjson/ros2_lyrical/install/examples_rclpy_minimal_action_client:/home/cjson/ros2_lyrical/install/examples_rclpy_guard_conditions:/home/cjson/ros2_lyrical/install/examples_rclpy_executors:/home/cjson/ros2_lyrical/install/demo_nodes_py:/home/cjson/ros2_lyrical/install/camera_info_manager_py:/home/cjson/ros2_lyrical/install/action_tutorials_py:/home/cjson/ros2_lyrical/install/sensor_msgs_py:/home/cjson/ros2_lyrical/install/ament_uncrustify:/home/cjson/ros2_lyrical/install/tracetools_trace:/home/cjson/ros2_lyrical/install/tracetools_read:/home/cjson/ros2_lyrical/install/test_tracetools_launch:/home/cjson/ros2_lyrical/install/test_ros2trace:/home/cjson/ros2_lyrical/install/test_launch_ros:/home/cjson/ros2_lyrical/install/rpyutils:/home/cjson/ros2_lyrical/install/rosidl_runtime_py:/home/cjson/ros2_lyrical/install/rosidl_pycommon:/home/cjson/ros2_lyrical/install/rosidl_cli:/home/cjson/ros2_lyrical/install/qt_dotgraph:/home/cjson/ros2_lyrical/install/launch_pytest:/home/cjson/ros2_lyrical/install/launch_testing:/home/cjson/ros2_lyrical/install/launch_yaml:/home/cjson/ros2_lyrical/install/launch_xml:/home/cjson/ros2_lyrical/install/launch:/home/cjson/ros2_lyrical/install/domain_coordinator:/home/cjson/ros2_lyrical/install/ament_xmllint:/home/cjson/ros2_lyrical/install/ament_pyflakes:/home/cjson/ros2_lyrical/install/ament_pycodestyle:/home/cjson/ros2_lyrical/install/ament_pep257:/home/cjson/ros2_lyrical/install/ament_pclint:/home/cjson/ros2_lyrical/install/ament_package:/home/cjson/ros2_lyrical/install/ament_mypy:/home/cjson/ros2_lyrical/install/ament_lint_cmake:/home/cjson/ros2_lyrical/install/ament_flake8:/home/cjson/ros2_lyrical/install/ament_copyright:/home/cjson/ros2_lyrical/install/ament_lint:/home/cjson/ros2_lyrical/install/ament_index_python:/home/cjson/ros2_lyrical/install/ament_cpplint:/home/cjson/ros2_lyrical/install/ament_cppcheck:/home/cjson/ros2_lyrical/install/ament_clang_tidy:/home/cjson/ros2_lyrical/install/ament_clang_format /usr/bin/cmake --build /home/cjson/project/ROS_BEGINNING/build/turtlesim_msgs -- -j10 -l10
[0.183s] [  2%] Built target turtlesim_msgs__rosidl_generator_type_description
[0.183s] [  2%] Built target turtlesim_msgs__rs
[0.244s] [  2%] Built target turtlesim_msgs__cpp
[0.258s] [ 27%] Built target turtlesim_msgs__rosidl_generator_c
[0.328s] [ 36%] Built target turtlesim_msgs__rosidl_typesupport_introspection_c
[0.336s] [ 45%] Built target turtlesim_msgs__rosidl_typesupport_c
[0.337s] [ 54%] Built target turtlesim_msgs__rosidl_typesupport_fastrtps_c
[0.352s] [ 74%] Built target turtlesim_msgs__rosidl_typesupport_cpp
[0.352s] [ 74%] Built target turtlesim_msgs__rosidl_typesupport_introspection_cpp
[0.415s] [ 84%] Built target turtlesim_msgs__rosidl_typesupport_fastrtps_cpp
[0.476s] [ 84%] Built target turtlesim_msgs
[0.537s] [ 85%] Built target turtlesim_msgs__py
[0.611s] [ 94%] Built target turtlesim_msgs__rosidl_generator_py
[0.622s] [ 94%] Built target ament_cmake_python_sync_turtlesim_msgs
[0.675s] [100%] Built target turtlesim_msgs_s__rosidl_typesupport_introspection_c
[0.675s] [100%] Built target turtlesim_msgs_s__rosidl_typesupport_c
[0.676s] [100%] Built target turtlesim_msgs_s__rosidl_typesupport_fastrtps_c
[1.263s] running egg_info
[1.310s] writing turtlesim_msgs.egg-info/PKG-INFO
[1.311s] writing dependency_links to turtlesim_msgs.egg-info/dependency_links.txt
[1.311s] writing top-level names to turtlesim_msgs.egg-info/top_level.txt
[1.468s] reading manifest file 'turtlesim_msgs.egg-info/SOURCES.txt'
[1.469s] writing manifest file 'turtlesim_msgs.egg-info/SOURCES.txt'
[1.571s] [100%] Built target ament_cmake_python_build_turtlesim_msgs_egg
[1.621s] Invoked command in '/home/cjson/project/ROS_BEGINNING/build/turtlesim_msgs' returned '0': CMAKE_PREFIX_PATH=${CMAKE_PREFIX_PATH}:/opt/ros/lyrical:/home/cjson/ros2_lyrical/install/rqt_bag_plugins:/home/cjson/ros2_lyrical/install/launch_testing_examples:/home/cjson/ros2_lyrical/install/ros2bag:/home/cjson/ros2_lyrical/install/tracetools_test:/home/cjson/ros2_lyrical/install/tracetools_launch:/home/cjson/ros2_lyrical/install/topic_monitor:/home/cjson/ros2_lyrical/install/tf2_tools:/home/cjson/ros2_lyrical/install/examples_tf2_py:/home/cjson/ros2_lyrical/install/tf2_ros_py:/home/cjson/ros2_lyrical/install/sros2:/home/cjson/ros2_lyrical/install/rqt_topic:/home/cjson/ros2_lyrical/install/rqt_srv:/home/cjson/ros2_lyrical/install/rqt_shell:/home/cjson/ros2_lyrical/install/rqt_service_caller:/home/cjson/ros2_lyrical/install/rqt_reconfigure:/home/cjson/ros2_lyrical/install/rqt_py_console:/home/cjson/ros2_lyrical/install/rqt_publisher:/home/cjson/ros2_lyrical/install/rqt_plot:/home/cjson/ros2_lyrical/install/rqt_action:/home/cjson/ros2_lyrical/install/rqt_msg:/home/cjson/ros2_lyrical/install/rqt_console:/home/cjson/ros2_lyrical/install/rqt:/home/cjson/ros2_lyrical/install/rqt_graph:/home/cjson/ros2_lyrical/install/rqt_bag:/home/cjson/ros2_lyrical/install/rqt_gui_py:/home/cjson/ros2_lyrical/install/rqt_gui:/home/cjson/ros2_lyrical/install/rosbag2_examples_py:/home/cjson/ros2_lyrical/install/ros2trace:/home/cjson/ros2_lyrical/install/ros2topic:/home/cjson/ros2_lyrical/install/ros2test:/home/cjson/ros2_lyrical/install/ros2component:/home/cjson/ros2_lyrical/install/ros2param:/home/cjson/ros2_lyrical/install/ros2lifecycle:/home/cjson/ros2_lyrical/install/ros2service:/home/cjson/ros2_lyrical/install/ros2run:/home/cjson/ros2_lyrical/install/ros2plugin:/home/cjson/ros2_lyrical/install/ros2launch:/home/cjson/ros2_lyrical/install/ros2pkg:/home/cjson/ros2_lyrical/install/ros2node:/home/cjson/ros2_lyrical/install/ros2multicast:/home/cjson/ros2_lyrical/install/ros2interface:/home/cjson/ros2_lyrical/install/ros2doctor:/home/cjson/ros2_lyrical/install/ros2action:/home/cjson/ros2_lyrical/install/ros2cli:/home/cjson/ros2_lyrical/install/quality_of_service_demo_py:/home/cjson/ros2_lyrical/install/lifecycle_py:/home/cjson/ros2_lyrical/install/launch_testing_ros:/home/cjson/ros2_lyrical/install/launch_ros:/home/cjson/ros2_lyrical/install/examples_rclpy_pointcloud_publisher:/home/cjson/ros2_lyrical/install/examples_rclpy_minimal_subscriber:/home/cjson/ros2_lyrical/install/examples_rclpy_minimal_service:/home/cjson/ros2_lyrical/install/examples_rclpy_minimal_publisher:/home/cjson/ros2_lyrical/install/examples_rclpy_minimal_client:/home/cjson/ros2_lyrical/install/examples_rclpy_minimal_action_server:/home/cjson/ros2_lyrical/install/examples_rclpy_minimal_action_client:/home/cjson/ros2_lyrical/install/examples_rclpy_guard_conditions:/home/cjson/ros2_lyrical/install/examples_rclpy_executors:/home/cjson/ros2_lyrical/install/demo_nodes_py:/home/cjson/ros2_lyrical/install/camera_info_manager_py:/home/cjson/ros2_lyrical/install/action_tutorials_py:/home/cjson/ros2_lyrical/install/sensor_msgs_py:/home/cjson/ros2_lyrical/install/ament_uncrustify:/home/cjson/ros2_lyrical/install/tracetools_trace:/home/cjson/ros2_lyrical/install/tracetools_read:/home/cjson/ros2_lyrical/install/test_tracetools_launch:/home/cjson/ros2_lyrical/install/test_ros2trace:/home/cjson/ros2_lyrical/install/test_launch_ros:/home/cjson/ros2_lyrical/install/rpyutils:/home/cjson/ros2_lyrical/install/rosidl_runtime_py:/home/cjson/ros2_lyrical/install/rosidl_pycommon:/home/cjson/ros2_lyrical/install/rosidl_cli:/home/cjson/ros2_lyrical/install/qt_dotgraph:/home/cjson/ros2_lyrical/install/launch_pytest:/home/cjson/ros2_lyrical/install/launch_testing:/home/cjson/ros2_lyrical/install/launch_yaml:/home/cjson/ros2_lyrical/install/launch_xml:/home/cjson/ros2_lyrical/install/launch:/home/cjson/ros2_lyrical/install/domain_coordinator:/home/cjson/ros2_lyrical/install/ament_xmllint:/home/cjson/ros2_lyrical/install/ament_pyflakes:/home/cjson/ros2_lyrical/install/ament_pycodestyle:/home/cjson/ros2_lyrical/install/ament_pep257:/home/cjson/ros2_lyrical/install/ament_pclint:/home/cjson/ros2_lyrical/install/ament_package:/home/cjson/ros2_lyrical/install/ament_mypy:/home/cjson/ros2_lyrical/install/ament_lint_cmake:/home/cjson/ros2_lyrical/install/ament_flake8:/home/cjson/ros2_lyrical/install/ament_copyright:/home/cjson/ros2_lyrical/install/ament_lint:/home/cjson/ros2_lyrical/install/ament_index_python:/home/cjson/ros2_lyrical/install/ament_cpplint:/home/cjson/ros2_lyrical/install/ament_cppcheck:/home/cjson/ros2_lyrical/install/ament_clang_tidy:/home/cjson/ros2_lyrical/install/ament_clang_format /usr/bin/cmake --build /home/cjson/project/ROS_BEGINNING/build/turtlesim_msgs -- -j10 -l10
[1.651s] Invoking command in '/home/cjson/project/ROS_BEGINNING/build/turtlesim_msgs': CMAKE_PREFIX_PATH=${CMAKE_PREFIX_PATH}:/opt/ros/lyrical:/home/cjson/ros2_lyrical/install/rqt_bag_plugins:/home/cjson/ros2_lyrical/install/launch_testing_examples:/home/cjson/ros2_lyrical/install/ros2bag:/home/cjson/ros2_lyrical/install/tracetools_test:/home/cjson/ros2_lyrical/install/tracetools_launch:/home/cjson/ros2_lyrical/install/topic_monitor:/home/cjson/ros2_lyrical/install/tf2_tools:/home/cjson/ros2_lyrical/install/examples_tf2_py:/home/cjson/ros2_lyrical/install/tf2_ros_py:/home/cjson/ros2_lyrical/install/sros2:/home/cjson/ros2_lyrical/install/rqt_topic:/home/cjson/ros2_lyrical/install/rqt_srv:/home/cjson/ros2_lyrical/install/rqt_shell:/home/cjson/ros2_lyrical/install/rqt_service_caller:/home/cjson/ros2_lyrical/install/rqt_reconfigure:/home/cjson/ros2_lyrical/install/rqt_py_console:/home/cjson/ros2_lyrical/install/rqt_publisher:/home/cjson/ros2_lyrical/install/rqt_plot:/home/cjson/ros2_lyrical/install/rqt_action:/home/cjson/ros2_lyrical/install/rqt_msg:/home/cjson/ros2_lyrical/install/rqt_console:/home/cjson/ros2_lyrical/install/rqt:/home/cjson/ros2_lyrical/install/rqt_graph:/home/cjson/ros2_lyrical/install/rqt_bag:/home/cjson/ros2_lyrical/install/rqt_gui_py:/home/cjson/ros2_lyrical/install/rqt_gui:/home/cjson/ros2_lyrical/install/rosbag2_examples_py:/home/cjson/ros2_lyrical/install/ros2trace:/home/cjson/ros2_lyrical/install/ros2topic:/home/cjson/ros2_lyrical/install/ros2test:/home/cjson/ros2_lyrical/install/ros2component:/home/cjson/ros2_lyrical/install/ros2param:/home/cjson/ros2_lyrical/install/ros2lifecycle:/home/cjson/ros2_lyrical/install/ros2service:/home/cjson/ros2_lyrical/install/ros2run:/home/cjson/ros2_lyrical/install/ros2plugin:/home/cjson/ros2_lyrical/install/ros2launch:/home/cjson/ros2_lyrical/install/ros2pkg:/home/cjson/ros2_lyrical/install/ros2node:/home/cjson/ros2_lyrical/install/ros2multicast:/home/cjson/ros2_lyrical/install/ros2interface:/home/cjson/ros2_lyrical/install/ros2doctor:/home/cjson/ros2_lyrical/install/ros2action:/home/cjson/ros2_lyrical/install/ros2cli:/home/cjson/ros2_lyrical/install/quality_of_service_demo_py:/home/cjson/ros2_lyrical/install/lifecycle_py:/home/cjson/ros2_lyrical/install/launch_testing_ros:/home/cjson/ros2_lyrical/install/launch_ros:/home/cjson/ros2_lyrical/install/examples_rclpy_pointcloud_publisher:/home/cjson/ros2_lyrical/install/examples_rclpy_minimal_subscriber:/home/cjson/ros2_lyrical/install/examples_rclpy_minimal_service:/home/cjson/ros2_lyrical/install/examples_rclpy_minimal_publisher:/home/cjson/ros2_lyrical/install/examples_rclpy_minimal_client:/home/cjson/ros2_lyrical/install/examples_rclpy_minimal_action_server:/home/cjson/ros2_lyrical/install/examples_rclpy_minimal_action_client:/home/cjson/ros2_lyrical/install/examples_rclpy_guard_conditions:/home/cjson/ros2_lyrical/install/examples_rclpy_executors:/home/cjson/ros2_lyrical/install/demo_nodes_py:/home/cjson/ros2_lyrical/install/camera_info_manager_py:/home/cjson/ros2_lyrical/install/action_tutorials_py:/home/cjson/ros2_lyrical/install/sensor_msgs_py:/home/cjson/ros2_lyrical/install/ament_uncrustify:/home/cjson/ros2_lyrical/install/tracetools_trace:/home/cjson/ros2_lyrical/install/tracetools_read:/home/cjson/ros2_lyrical/install/test_tracetools_launch:/home/cjson/ros2_lyrical/install/test_ros2trace:/home/cjson/ros2_lyrical/install/test_launch_ros:/home/cjson/ros2_lyrical/install/rpyutils:/home/cjson/ros2_lyrical/install/rosidl_runtime_py:/home/cjson/ros2_lyrical/install/rosidl_pycommon:/home/cjson/ros2_lyrical/install/rosidl_cli:/home/cjson/ros2_lyrical/install/qt_dotgraph:/home/cjson/ros2_lyrical/install/launch_pytest:/home/cjson/ros2_lyrical/install/launch_testing:/home/cjson/ros2_lyrical/install/launch_yaml:/home/cjson/ros2_lyrical/install/launch_xml:/home/cjson/ros2_lyrical/install/launch:/home/cjson/ros2_lyrical/install/domain_coordinator:/home/cjson/ros2_lyrical/install/ament_xmllint:/home/cjson/ros2_lyrical/install/ament_pyflakes:/home/cjson/ros2_lyrical/install/ament_pycodestyle:/home/cjson/ros2_lyrical/install/ament_pep257:/home/cjson/ros2_lyrical/install/ament_pclint:/home/cjson/ros2_lyrical/install/ament_package:/home/cjson/ros2_lyrical/install/ament_mypy:/home/cjson/ros2_lyrical/install/ament_lint_cmake:/home/cjson/ros2_lyrical/install/ament_flake8:/home/cjson/ros2_lyrical/install/ament_copyright:/home/cjson/ros2_lyrical/install/ament_lint:/home/cjson/ros2_lyrical/install/ament_index_python:/home/cjson/ros2_lyrical/install/ament_cpplint:/home/cjson/ros2_lyrical/install/ament_cppcheck:/home/cjson/ros2_lyrical/install/ament_clang_tidy:/home/cjson/ros2_lyrical/install/ament_clang_format /usr/bin/cmake --install /home/cjson/project/ROS_BEGINNING/build/turtlesim_msgs
[1.672s] -- Install configuration: ""
[1.673s] -- Execute custom install script
[1.673s] -- Up-to-date symlink: /home/cjson/project/ROS_BEGINNING/install/turtlesim_msgs/share/ament_index/resource_index/rosidl_interfaces/turtlesim_msgs
[1.673s] -- Up-to-date symlink: /home/cjson/project/ROS_BEGINNING/install/turtlesim_msgs/share/turtlesim_msgs/action/RotateAbsolute.json
[1.674s] -- Up-to-date symlink: /home/cjson/project/ROS_BEGINNING/install/turtlesim_msgs/share/turtlesim_msgs/msg/Color.json
[1.674s] -- Up-to-date symlink: /home/cjson/project/ROS_BEGINNING/install/turtlesim_msgs/share/turtlesim_msgs/msg/Pose.json
[1.674s] -- Up-to-date symlink: /home/cjson/project/ROS_BEGINNING/install/turtlesim_msgs/share/turtlesim_msgs/srv/Kill.json
[1.675s] -- Up-to-date symlink: /home/cjson/project/ROS_BEGINNING/install/turtlesim_msgs/share/turtlesim_msgs/srv/SetPen.json
[1.675s] -- Up-to-date symlink: /home/cjson/project/ROS_BEGINNING/install/turtlesim_msgs/share/turtlesim_msgs/srv/Spawn.json
[1.675s] -- Up-to-date symlink: /home/cjson/project/ROS_BEGINNING/install/turtlesim_msgs/share/turtlesim_msgs/srv/TeleportAbsolute.json
[1.676s] -- Up-to-date symlink: /home/cjson/project/ROS_BEGINNING/install/turtlesim_msgs/share/turtlesim_msgs/srv/TeleportRelative.json
[1.676s] -- Up-to-date symlink: /home/cjson/project/ROS_BEGINNING/install/turtlesim_msgs/include/turtlesim_msgs/turtlesim_msgs/action/detail/rotate_absolute__functions.h
[1.677s] -- Up-to-date symlink: /home/cjson/project/ROS_BEGINNING/install/turtlesim_msgs/include/turtlesim_msgs/turtlesim_msgs/action/detail/rotate_absolute__struct.h
[1.677s] -- Up-to-date symlink: /home/cjson/project/ROS_BEGINNING/install/turtlesim_msgs/include/turtlesim_msgs/turtlesim_msgs/action/detail/rotate_absolute__type_support.h
[1.677s] -- Up-to-date symlink: /home/cjson/project/ROS_BEGINNING/install/turtlesim_msgs/include/turtlesim_msgs/turtlesim_msgs/action/rotate_absolute.h
[1.677s] -- Up-to-date symlink: /home/cjson/project/ROS_BEGINNING/install/turtlesim_msgs/include/turtlesim_msgs/turtlesim_msgs/msg/color.h
[1.678s] -- Up-to-date symlink: /home/cjson/project/ROS_BEGINNING/install/turtlesim_msgs/include/turtlesim_msgs/turtlesim_msgs/msg/detail/color__functions.h
[1.678s] -- Up-to-date symlink: /home/cjson/project/ROS_BEGINNING/install/turtlesim_msgs/include/turtlesim_msgs/turtlesim_msgs/msg/detail/color__struct.h
[1.678s] -- Up-to-date symlink: /home/cjson/project/ROS_BEGINNING/install/turtlesim_msgs/include/turtlesim_msgs/turtlesim_msgs/msg/detail/color__type_support.h
[1.678s] -- Up-to-date symlink: /home/cjson/project/ROS_BEGINNING/install/turtlesim_msgs/include/turtlesim_msgs/turtlesim_msgs/msg/detail/pose__functions.h
[1.679s] -- Up-to-date symlink: /home/cjson/project/ROS_BEGINNING/install/turtlesim_msgs/include/turtlesim_msgs/turtlesim_msgs/msg/detail/pose__struct.h
[1.679s] -- Up-to-date symlink: /home/cjson/project/ROS_BEGINNING/install/turtlesim_msgs/include/turtlesim_msgs/turtlesim_msgs/msg/detail/pose__type_support.h
[1.679s] -- Up-to-date symlink: /home/cjson/project/ROS_BEGINNING/install/turtlesim_msgs/include/turtlesim_msgs/turtlesim_msgs/msg/pose.h
[1.679s] -- Up-to-date symlink: /home/cjson/project/ROS_BEGINNING/install/turtlesim_msgs/include/turtlesim_msgs/turtlesim_msgs/msg/rosidl_generator_c__visibility_control.h
[1.680s] -- Up-to-date symlink: /home/cjson/project/ROS_BEGINNING/install/turtlesim_msgs/include/turtlesim_msgs/turtlesim_msgs/srv/detail/kill__functions.h
[1.680s] -- Up-to-date symlink: /home/cjson/project/ROS_BEGINNING/install/turtlesim_msgs/include/turtlesim_msgs/turtlesim_msgs/srv/detail/kill__struct.h
[1.680s] -- Up-to-date symlink: /home/cjson/project/ROS_BEGINNING/install/turtlesim_msgs/include/turtlesim_msgs/turtlesim_msgs/srv/detail/kill__type_support.h
[1.681s] -- Up-to-date symlink: /home/cjson/project/ROS_BEGINNING/install/turtlesim_msgs/include/turtlesim_msgs/turtlesim_msgs/srv/detail/set_pen__functions.h
[1.681s] -- Up-to-date symlink: /home/cjson/project/ROS_BEGINNING/install/turtlesim_msgs/include/turtlesim_msgs/turtlesim_msgs/srv/detail/set_pen__struct.h
[1.681s] -- Up-to-date symlink: /home/cjson/project/ROS_BEGINNING/install/turtlesim_msgs/include/turtlesim_msgs/turtlesim_msgs/srv/detail/set_pen__type_support.h
[1.682s] -- Up-to-date symlink: /home/cjson/project/ROS_BEGINNING/install/turtlesim_msgs/include/turtlesim_msgs/turtlesim_msgs/srv/detail/spawn__functions.h
[1.682s] -- Up-to-date symlink: /home/cjson/project/ROS_BEGINNING/install/turtlesim_msgs/include/turtlesim_msgs/turtlesim_msgs/srv/detail/spawn__struct.h
[1.682s] -- Up-to-date symlink: /home/cjson/project/ROS_BEGINNING/install/turtlesim_msgs/include/turtlesim_msgs/turtlesim_msgs/srv/detail/spawn__type_support.h
[1.682s] -- Up-to-date symlink: /home/cjson/project/ROS_BEGINNING/install/turtlesim_msgs/include/turtlesim_msgs/turtlesim_msgs/srv/detail/teleport_absolute__functions.h
[1.683s] -- Up-to-date symlink: /home/cjson/project/ROS_BEGINNING/install/turtlesim_msgs/include/turtlesim_msgs/turtlesim_msgs/srv/detail/teleport_absolute__struct.h
[1.683s] -- Up-to-date symlink: /home/cjson/project/ROS_BEGINNING/install/turtlesim_msgs/include/turtlesim_msgs/turtlesim_msgs/srv/detail/teleport_absolute__type_support.h
[1.683s] -- Up-to-date symlink: /home/cjson/project/ROS_BEGINNING/install/turtlesim_msgs/include/turtlesim_msgs/turtlesim_msgs/srv/detail/teleport_relative__functions.h
[1.683s] -- Up-to-date symlink: /home/cjson/project/ROS_BEGINNING/install/turtlesim_msgs/include/turtlesim_msgs/turtlesim_msgs/srv/detail/teleport_relative__struct.h
[1.683s] -- Up-to-date symlink: /home/cjson/project/ROS_BEGINNING/install/turtlesim_msgs/include/turtlesim_msgs/turtlesim_msgs/srv/detail/teleport_relative__type_support.h
[1.683s] -- Up-to-date symlink: /home/cjson/project/ROS_BEGINNING/install/turtlesim_msgs/include/turtlesim_msgs/turtlesim_msgs/srv/kill.h
[1.684s] -- Up-to-date symlink: /home/cjson/project/ROS_BEGINNING/install/turtlesim_msgs/include/turtlesim_msgs/turtlesim_msgs/srv/set_pen.h
[1.684s] -- Up-to-date symlink: /home/cjson/project/ROS_BEGINNING/install/turtlesim_msgs/include/turtlesim_msgs/turtlesim_msgs/srv/spawn.h
[1.684s] -- Up-to-date symlink: /home/cjson/project/ROS_BEGINNING/install/turtlesim_msgs/include/turtlesim_msgs/turtlesim_msgs/srv/teleport_absolute.h
[1.684s] -- Up-to-date symlink: /home/cjson/project/ROS_BEGINNING/install/turtlesim_msgs/include/turtlesim_msgs/turtlesim_msgs/srv/teleport_relative.h
[1.684s] -- Up-to-date symlink: /home/cjson/project/ROS_BEGINNING/install/turtlesim_msgs/share/turtlesim_msgs/environment/library_path.sh
[1.685s] -- Up-to-date symlink: /home/cjson/project/ROS_BEGINNING/install/turtlesim_msgs/share/turtlesim_msgs/environment/library_path.dsv
[1.685s] -- Up-to-date symlink: /home/cjson/project/ROS_BEGINNING/install/turtlesim_msgs/include/turtlesim_msgs/turtlesim_msgs/action/detail/rotate_absolute__rosidl_typesupport_fastrtps_c.h
[1.685s] -- Up-to-date symlink: /home/cjson/project/ROS_BEGINNING/install/turtlesim_msgs/include/turtlesim_msgs/turtlesim_msgs/msg/detail/color__rosidl_typesupport_fastrtps_c.h
[1.685s] -- Up-to-date symlink: /home/cjson/project/ROS_BEGINNING/install/turtlesim_msgs/include/turtlesim_msgs/turtlesim_msgs/msg/detail/pose__rosidl_typesupport_fastrtps_c.h
[1.686s] -- Up-to-date symlink: /home/cjson/project/ROS_BEGINNING/install/turtlesim_msgs/include/turtlesim_msgs/turtlesim_msgs/msg/rosidl_typesupport_fastrtps_c__visibility_control.h
[1.686s] -- Up-to-date symlink: /home/cjson/project/ROS_BEGINNING/install/turtlesim_msgs/include/turtlesim_msgs/turtlesim_msgs/srv/detail/kill__rosidl_typesupport_fastrtps_c.h
[1.686s] -- Up-to-date symlink: /home/cjson/project/ROS_BEGINNING/install/turtlesim_msgs/include/turtlesim_msgs/turtlesim_msgs/srv/detail/set_pen__rosidl_typesupport_fastrtps_c.h
[1.686s] -- Up-to-date symlink: /home/cjson/project/ROS_BEGINNING/install/turtlesim_msgs/include/turtlesim_msgs/turtlesim_msgs/srv/detail/spawn__rosidl_typesupport_fastrtps_c.h
[1.686s] -- Up-to-date symlink: /home/cjson/project/ROS_BEGINNING/install/turtlesim_msgs/include/turtlesim_msgs/turtlesim_msgs/srv/detail/teleport_absolute__rosidl_typesupport_fastrtps_c.h
[1.686s] -- Up-to-date symlink: /home/cjson/project/ROS_BEGINNING/install/turtlesim_msgs/include/turtlesim_msgs/turtlesim_msgs/srv/detail/teleport_relative__rosidl_typesupport_fastrtps_c.h
[1.687s] -- Up-to-date symlink: /home/cjson/project/ROS_BEGINNING/install/turtlesim_msgs/include/turtlesim_msgs/turtlesim_msgs/action/detail/rotate_absolute__builder.hpp
[1.687s] -- Up-to-date symlink: /home/cjson/project/ROS_BEGINNING/install/turtlesim_msgs/include/turtlesim_msgs/turtlesim_msgs/action/detail/rotate_absolute__struct.hpp
[1.688s] -- Up-to-date symlink: /home/cjson/project/ROS_BEGINNING/install/turtlesim_msgs/include/turtlesim_msgs/turtlesim_msgs/action/detail/rotate_absolute__traits.hpp
[1.688s] -- Up-to-date symlink: /home/cjson/project/ROS_BEGINNING/install/turtlesim_msgs/include/turtlesim_msgs/turtlesim_msgs/action/detail/rotate_absolute__type_support.hpp
[1.688s] -- Up-to-date symlink: /home/cjson/project/ROS_BEGINNING/install/turtlesim_msgs/include/turtlesim_msgs/turtlesim_msgs/action/rotate_absolute.hpp
[1.688s] -- Up-to-date symlink: /home/cjson/project/ROS_BEGINNING/install/turtlesim_msgs/include/turtlesim_msgs/turtlesim_msgs/msg/color.hpp
[1.689s] -- Up-to-date symlink: /home/cjson/project/ROS_BEGINNING/install/turtlesim_msgs/include/turtlesim_msgs/turtlesim_msgs/msg/detail/color__builder.hpp
[1.689s] -- Up-to-date symlink: /home/cjson/project/ROS_BEGINNING/install/turtlesim_msgs/include/turtlesim_msgs/turtlesim_msgs/msg/detail/color__struct.hpp
[1.689s] -- Up-to-date symlink: /home/cjson/project/ROS_BEGINNING/install/turtlesim_msgs/include/turtlesim_msgs/turtlesim_msgs/msg/detail/color__traits.hpp
[1.689s] -- Up-to-date symlink: /home/cjson/project/ROS_BEGINNING/install/turtlesim_msgs/include/turtlesim_msgs/turtlesim_msgs/msg/detail/color__type_support.hpp
[1.689s] -- Up-to-date symlink: /home/cjson/project/ROS_BEGINNING/install/turtlesim_msgs/include/turtlesim_msgs/turtlesim_msgs/msg/detail/pose__builder.hpp
[1.690s] -- Up-to-date symlink: /home/cjson/project/ROS_BEGINNING/install/turtlesim_msgs/include/turtlesim_msgs/turtlesim_msgs/msg/detail/pose__struct.hpp
[1.690s] -- Up-to-date symlink: /home/cjson/project/ROS_BEGINNING/install/turtlesim_msgs/include/turtlesim_msgs/turtlesim_msgs/msg/detail/pose__traits.hpp
[1.690s] -- Up-to-date symlink: /home/cjson/project/ROS_BEGINNING/install/turtlesim_msgs/include/turtlesim_msgs/turtlesim_msgs/msg/detail/pose__type_support.hpp
[1.691s] -- Up-to-date symlink: /home/cjson/project/ROS_BEGINNING/install/turtlesim_msgs/include/turtlesim_msgs/turtlesim_msgs/msg/pose.hpp
[1.691s] -- Up-to-date symlink: /home/cjson/project/ROS_BEGINNING/install/turtlesim_msgs/include/turtlesim_msgs/turtlesim_msgs/msg/rosidl_generator_cpp__visibility_control.hpp
[1.691s] -- Up-to-date symlink: /home/cjson/project/ROS_BEGINNING/install/turtlesim_msgs/include/turtlesim_msgs/turtlesim_msgs/srv/detail/kill__builder.hpp
[1.691s] -- Up-to-date symlink: /home/cjson/project/ROS_BEGINNING/install/turtlesim_msgs/include/turtlesim_msgs/turtlesim_msgs/srv/detail/kill__struct.hpp
[1.691s] -- Up-to-date symlink: /home/cjson/project/ROS_BEGINNING/install/turtlesim_msgs/include/turtlesim_msgs/turtlesim_msgs/srv/detail/kill__traits.hpp
[1.692s] -- Up-to-date symlink: /home/cjson/project/ROS_BEGINNING/install/turtlesim_msgs/include/turtlesim_msgs/turtlesim_msgs/srv/detail/kill__type_support.hpp
[1.692s] -- Up-to-date symlink: /home/cjson/project/ROS_BEGINNING/install/turtlesim_msgs/include/turtlesim_msgs/turtlesim_msgs/srv/detail/set_pen__builder.hpp
[1.692s] -- Up-to-date symlink: /home/cjson/project/ROS_BEGINNING/install/turtlesim_msgs/include/turtlesim_msgs/turtlesim_msgs/srv/detail/set_pen__struct.hpp
[1.692s] -- Up-to-date symlink: /home/cjson/project/ROS_BEGINNING/install/turtlesim_msgs/include/turtlesim_msgs/turtlesim_msgs/srv/detail/set_pen__traits.hpp
[1.692s] -- Up-to-date symlink: /home/cjson/project/ROS_BEGINNING/install/turtlesim_msgs/include/turtlesim_msgs/turtlesim_msgs/srv/detail/set_pen__type_support.hpp
[1.693s] -- Up-to-date symlink: /home/cjson/project/ROS_BEGINNING/install/turtlesim_msgs/include/turtlesim_msgs/turtlesim_msgs/srv/detail/spawn__builder.hpp
[1.693s] -- Up-to-date symlink: /home/cjson/project/ROS_BEGINNING/install/turtlesim_msgs/include/turtlesim_msgs/turtlesim_msgs/srv/detail/spawn__struct.hpp
[1.693s] -- Up-to-date symlink: /home/cjson/project/ROS_BEGINNING/install/turtlesim_msgs/include/turtlesim_msgs/turtlesim_msgs/srv/detail/spawn__traits.hpp
[1.693s] -- Up-to-date symlink: /home/cjson/project/ROS_BEGINNING/install/turtlesim_msgs/include/turtlesim_msgs/turtlesim_msgs/srv/detail/spawn__type_support.hpp
[1.693s] -- Up-to-date symlink: /home/cjson/project/ROS_BEGINNING/install/turtlesim_msgs/include/turtlesim_msgs/turtlesim_msgs/srv/detail/teleport_absolute__builder.hpp
[1.694s] -- Up-to-date symlink: /home/cjson/project/ROS_BEGINNING/install/turtlesim_msgs/include/turtlesim_msgs/turtlesim_msgs/srv/detail/teleport_absolute__struct.hpp
[1.694s] -- Up-to-date symlink: /home/cjson/project/ROS_BEGINNING/install/turtlesim_msgs/include/turtlesim_msgs/turtlesim_msgs/srv/detail/teleport_absolute__traits.hpp
[1.694s] -- Up-to-date symlink: /home/cjson/project/ROS_BEGINNING/install/turtlesim_msgs/include/turtlesim_msgs/turtlesim_msgs/srv/detail/teleport_absolute__type_support.hpp
[1.694s] -- Up-to-date symlink: /home/cjson/project/ROS_BEGINNING/install/turtlesim_msgs/include/turtlesim_msgs/turtlesim_msgs/srv/detail/teleport_relative__builder.hpp
[1.695s] -- Up-to-date symlink: /home/cjson/project/ROS_BEGINNING/install/turtlesim_msgs/include/turtlesim_msgs/turtlesim_msgs/srv/detail/teleport_relative__struct.hpp
[1.695s] -- Up-to-date symlink: /home/cjson/project/ROS_BEGINNING/install/turtlesim_msgs/include/turtlesim_msgs/turtlesim_msgs/srv/detail/teleport_relative__traits.hpp
[1.695s] -- Up-to-date symlink: /home/cjson/project/ROS_BEGINNING/install/turtlesim_msgs/include/turtlesim_msgs/turtlesim_msgs/srv/detail/teleport_relative__type_support.hpp
[1.695s] -- Up-to-date symlink: /home/cjson/project/ROS_BEGINNING/install/turtlesim_msgs/include/turtlesim_msgs/turtlesim_msgs/srv/kill.hpp
[1.696s] -- Up-to-date symlink: /home/cjson/project/ROS_BEGINNING/install/turtlesim_msgs/include/turtlesim_msgs/turtlesim_msgs/srv/set_pen.hpp
[1.696s] -- Up-to-date symlink: /home/cjson/project/ROS_BEGINNING/install/turtlesim_msgs/include/turtlesim_msgs/turtlesim_msgs/srv/spawn.hpp
[1.696s] -- Up-to-date symlink: /home/cjson/project/ROS_BEGINNING/install/turtlesim_msgs/include/turtlesim_msgs/turtlesim_msgs/srv/teleport_absolute.hpp
[1.696s] -- Up-to-date symlink: /home/cjson/project/ROS_BEGINNING/install/turtlesim_msgs/include/turtlesim_msgs/turtlesim_msgs/srv/teleport_relative.hpp
[1.697s] -- Up-to-date symlink: /home/cjson/project/ROS_BEGINNING/install/turtlesim_msgs/include/turtlesim_msgs/turtlesim_msgs/action/detail/rotate_absolute__rosidl_typesupport_fastrtps_cpp.hpp
[1.697s] -- Up-to-date symlink: /home/cjson/project/ROS_BEGINNING/install/turtlesim_msgs/include/turtlesim_msgs/turtlesim_msgs/msg/detail/color__rosidl_typesupport_fastrtps_cpp.hpp
[1.697s] -- Up-to-date symlink: /home/cjson/project/ROS_BEGINNING/install/turtlesim_msgs/include/turtlesim_msgs/turtlesim_msgs/msg/detail/pose__rosidl_typesupport_fastrtps_cpp.hpp
[1.697s] -- Up-to-date symlink: /home/cjson/project/ROS_BEGINNING/install/turtlesim_msgs/include/turtlesim_msgs/turtlesim_msgs/msg/rosidl_typesupport_fastrtps_cpp__visibility_control.h
[1.697s] -- Up-to-date symlink: /home/cjson/project/ROS_BEGINNING/install/turtlesim_msgs/include/turtlesim_msgs/turtlesim_msgs/srv/detail/kill__rosidl_typesupport_fastrtps_cpp.hpp
[1.698s] -- Up-to-date symlink: /home/cjson/project/ROS_BEGINNING/install/turtlesim_msgs/include/turtlesim_msgs/turtlesim_msgs/srv/detail/set_pen__rosidl_typesupport_fastrtps_cpp.hpp
[1.698s] -- Up-to-date symlink: /home/cjson/project/ROS_BEGINNING/install/turtlesim_msgs/include/turtlesim_msgs/turtlesim_msgs/srv/detail/spawn__rosidl_typesupport_fastrtps_cpp.hpp
[1.698s] -- Up-to-date symlink: /home/cjson/project/ROS_BEGINNING/install/turtlesim_msgs/include/turtlesim_msgs/turtlesim_msgs/srv/detail/teleport_absolute__rosidl_typesupport_fastrtps_cpp.hpp
[1.698s] -- Up-to-date symlink: /home/cjson/project/ROS_BEGINNING/install/turtlesim_msgs/include/turtlesim_msgs/turtlesim_msgs/srv/detail/teleport_relative__rosidl_typesupport_fastrtps_cpp.hpp
[1.699s] -- Up-to-date symlink: /home/cjson/project/ROS_BEGINNING/install/turtlesim_msgs/include/turtlesim_msgs/turtlesim_msgs/action/detail/rotate_absolute__rosidl_typesupport_introspection_c.h
[1.699s] -- Up-to-date symlink: /home/cjson/project/ROS_BEGINNING/install/turtlesim_msgs/include/turtlesim_msgs/turtlesim_msgs/msg/detail/color__rosidl_typesupport_introspection_c.h
[1.699s] -- Up-to-date symlink: /home/cjson/project/ROS_BEGINNING/install/turtlesim_msgs/include/turtlesim_msgs/turtlesim_msgs/msg/detail/pose__rosidl_typesupport_introspection_c.h
[1.699s] -- Up-to-date symlink: /home/cjson/project/ROS_BEGINNING/install/turtlesim_msgs/include/turtlesim_msgs/turtlesim_msgs/msg/rosidl_typesupport_introspection_c__visibility_control.h
[1.699s] -- Up-to-date symlink: /home/cjson/project/ROS_BEGINNING/install/turtlesim_msgs/include/turtlesim_msgs/turtlesim_msgs/srv/detail/kill__rosidl_typesupport_introspection_c.h
[1.700s] -- Up-to-date symlink: /home/cjson/project/ROS_BEGINNING/install/turtlesim_msgs/include/turtlesim_msgs/turtlesim_msgs/srv/detail/set_pen__rosidl_typesupport_introspection_c.h
[1.700s] -- Up-to-date symlink: /home/cjson/project/ROS_BEGINNING/install/turtlesim_msgs/include/turtlesim_msgs/turtlesim_msgs/srv/detail/spawn__rosidl_typesupport_introspection_c.h
[1.700s] -- Up-to-date symlink: /home/cjson/project/ROS_BEGINNING/install/turtlesim_msgs/include/turtlesim_msgs/turtlesim_msgs/srv/detail/teleport_absolute__rosidl_typesupport_introspection_c.h
[1.700s] -- Up-to-date symlink: /home/cjson/project/ROS_BEGINNING/install/turtlesim_msgs/include/turtlesim_msgs/turtlesim_msgs/srv/detail/teleport_relative__rosidl_typesupport_introspection_c.h
[1.701s] -- Up-to-date symlink: /home/cjson/project/ROS_BEGINNING/install/turtlesim_msgs/include/turtlesim_msgs/turtlesim_msgs/action/detail/rotate_absolute__rosidl_typesupport_introspection_cpp.hpp
[1.701s] -- Up-to-date symlink: /home/cjson/project/ROS_BEGINNING/install/turtlesim_msgs/include/turtlesim_msgs/turtlesim_msgs/msg/detail/color__rosidl_typesupport_introspection_cpp.hpp
[1.701s] -- Up-to-date symlink: /home/cjson/project/ROS_BEGINNING/install/turtlesim_msgs/include/turtlesim_msgs/turtlesim_msgs/msg/detail/pose__rosidl_typesupport_introspection_cpp.hpp
[1.702s] -- Up-to-date symlink: /home/cjson/project/ROS_BEGINNING/install/turtlesim_msgs/include/turtlesim_msgs/turtlesim_msgs/srv/detail/kill__rosidl_typesupport_introspection_cpp.hpp
[1.702s] -- Up-to-date symlink: /home/cjson/project/ROS_BEGINNING/install/turtlesim_msgs/include/turtlesim_msgs/turtlesim_msgs/srv/detail/set_pen__rosidl_typesupport_introspection_cpp.hpp
[1.702s] -- Up-to-date symlink: /home/cjson/project/ROS_BEGINNING/install/turtlesim_msgs/include/turtlesim_msgs/turtlesim_msgs/srv/detail/spawn__rosidl_typesupport_introspection_cpp.hpp
[1.702s] -- Up-to-date symlink: /home/cjson/project/ROS_BEGINNING/install/turtlesim_msgs/include/turtlesim_msgs/turtlesim_msgs/srv/detail/teleport_absolute__rosidl_typesupport_introspection_cpp.hpp
[1.703s] -- Up-to-date symlink: /home/cjson/project/ROS_BEGINNING/install/turtlesim_msgs/include/turtlesim_msgs/turtlesim_msgs/srv/detail/teleport_relative__rosidl_typesupport_introspection_cpp.hpp
[1.703s] -- Up-to-date symlink: /home/cjson/project/ROS_BEGINNING/install/turtlesim_msgs/share/turtlesim_msgs/environment/pythonpath.sh
[1.703s] -- Up-to-date symlink: /home/cjson/project/ROS_BEGINNING/install/turtlesim_msgs/share/turtlesim_msgs/environment/pythonpath.dsv
[1.703s] -- Up-to-date symlink: /home/cjson/project/ROS_BEGINNING/install/turtlesim_msgs/lib/python3.14/site-packages/turtlesim_msgs/turtlesim_msgs_s__rosidl_typesupport_fastrtps_c.so
[1.704s] -- Up-to-date symlink: /home/cjson/project/ROS_BEGINNING/install/turtlesim_msgs/lib/python3.14/site-packages/turtlesim_msgs/turtlesim_msgs_s__rosidl_typesupport_introspection_c.so
[1.704s] -- Up-to-date symlink: /home/cjson/project/ROS_BEGINNING/install/turtlesim_msgs/lib/python3.14/site-packages/turtlesim_msgs/turtlesim_msgs_s__rosidl_typesupport_c.so
[1.704s] -- Up-to-date symlink: /home/cjson/project/ROS_BEGINNING/install/turtlesim_msgs/share/ament_index/resource_index/rust_packages/turtlesim_msgs
[1.705s] -- Up-to-date symlink: /home/cjson/project/ROS_BEGINNING/install/turtlesim_msgs/share/turtlesim_msgs/rust/Cargo.toml
[1.705s] -- Up-to-date symlink: /home/cjson/project/ROS_BEGINNING/install/turtlesim_msgs/share/turtlesim_msgs/rust/build.rs
[1.706s] -- Up-to-date symlink: /home/cjson/project/ROS_BEGINNING/install/turtlesim_msgs/share/turtlesim_msgs/rust/src/action.rs
[1.706s] -- Up-to-date symlink: /home/cjson/project/ROS_BEGINNING/install/turtlesim_msgs/share/turtlesim_msgs/rust/src/action/rmw.rs
[1.706s] -- Up-to-date symlink: /home/cjson/project/ROS_BEGINNING/install/turtlesim_msgs/share/turtlesim_msgs/rust/src/lib.rs
[1.706s] -- Up-to-date symlink: /home/cjson/project/ROS_BEGINNING/install/turtlesim_msgs/share/turtlesim_msgs/rust/src/msg.rs
[1.706s] -- Up-to-date symlink: /home/cjson/project/ROS_BEGINNING/install/turtlesim_msgs/share/turtlesim_msgs/rust/src/msg/rmw.rs
[1.707s] -- Up-to-date symlink: /home/cjson/project/ROS_BEGINNING/install/turtlesim_msgs/share/turtlesim_msgs/rust/src/srv.rs
[1.707s] -- Up-to-date symlink: /home/cjson/project/ROS_BEGINNING/install/turtlesim_msgs/share/turtlesim_msgs/rust/src/srv/rmw.rs
[1.707s] -- Up-to-date symlink: /home/cjson/project/ROS_BEGINNING/install/turtlesim_msgs/share/turtlesim_msgs/action/RotateAbsolute.idl
[1.707s] -- Up-to-date symlink: /home/cjson/project/ROS_BEGINNING/install/turtlesim_msgs/share/turtlesim_msgs/msg/Color.idl
[1.707s] -- Up-to-date symlink: /home/cjson/project/ROS_BEGINNING/install/turtlesim_msgs/share/turtlesim_msgs/msg/Pose.idl
[1.708s] -- Up-to-date symlink: /home/cjson/project/ROS_BEGINNING/install/turtlesim_msgs/share/turtlesim_msgs/srv/Kill.idl
[1.708s] -- Up-to-date symlink: /home/cjson/project/ROS_BEGINNING/install/turtlesim_msgs/share/turtlesim_msgs/srv/SetPen.idl
[1.708s] -- Up-to-date symlink: /home/cjson/project/ROS_BEGINNING/install/turtlesim_msgs/share/turtlesim_msgs/srv/Spawn.idl
[1.708s] -- Up-to-date symlink: /home/cjson/project/ROS_BEGINNING/install/turtlesim_msgs/share/turtlesim_msgs/srv/TeleportAbsolute.idl
[1.708s] -- Up-to-date symlink: /home/cjson/project/ROS_BEGINNING/install/turtlesim_msgs/share/turtlesim_msgs/srv/TeleportRelative.idl
[1.709s] -- Up-to-date symlink: /home/cjson/project/ROS_BEGINNING/install/turtlesim_msgs/share/turtlesim_msgs/action/RotateAbsolute.action
[1.709s] -- Up-to-date symlink: /home/cjson/project/ROS_BEGINNING/install/turtlesim_msgs/share/turtlesim_msgs/msg/Color.msg
[1.709s] -- Up-to-date symlink: /home/cjson/project/ROS_BEGINNING/install/turtlesim_msgs/share/turtlesim_msgs/msg/Pose.msg
[1.709s] -- Up-to-date symlink: /home/cjson/project/ROS_BEGINNING/install/turtlesim_msgs/share/turtlesim_msgs/srv/Kill.srv
[1.710s] -- Up-to-date symlink: /home/cjson/project/ROS_BEGINNING/install/turtlesim_msgs/share/turtlesim_msgs/srv/SetPen.srv
[1.710s] -- Up-to-date symlink: /home/cjson/project/ROS_BEGINNING/install/turtlesim_msgs/share/turtlesim_msgs/srv/Spawn.srv
[1.710s] -- Up-to-date symlink: /home/cjson/project/ROS_BEGINNING/install/turtlesim_msgs/share/turtlesim_msgs/srv/TeleportAbsolute.srv
[1.710s] -- Up-to-date symlink: /home/cjson/project/ROS_BEGINNING/install/turtlesim_msgs/share/turtlesim_msgs/srv/TeleportRelative.srv
[1.711s] -- Up-to-date symlink: /home/cjson/project/ROS_BEGINNING/install/turtlesim_msgs/share/ament_index/resource_index/package_run_dependencies/turtlesim_msgs
[1.711s] -- Up-to-date symlink: /home/cjson/project/ROS_BEGINNING/install/turtlesim_msgs/share/ament_index/resource_index/parent_prefix_path/turtlesim_msgs
[1.711s] -- Up-to-date symlink: /home/cjson/project/ROS_BEGINNING/install/turtlesim_msgs/share/turtlesim_msgs/environment/ament_prefix_path.sh
[1.712s] -- Up-to-date symlink: /home/cjson/project/ROS_BEGINNING/install/turtlesim_msgs/share/turtlesim_msgs/environment/ament_prefix_path.dsv
[1.712s] -- Up-to-date symlink: /home/cjson/project/ROS_BEGINNING/install/turtlesim_msgs/share/turtlesim_msgs/environment/path.sh
[1.712s] -- Up-to-date symlink: /home/cjson/project/ROS_BEGINNING/install/turtlesim_msgs/share/turtlesim_msgs/environment/path.dsv
[1.713s] -- Up-to-date symlink: /home/cjson/project/ROS_BEGINNING/install/turtlesim_msgs/share/turtlesim_msgs/local_setup.bash
[1.713s] -- Up-to-date symlink: /home/cjson/project/ROS_BEGINNING/install/turtlesim_msgs/share/turtlesim_msgs/local_setup.fish
[1.713s] -- Up-to-date symlink: /home/cjson/project/ROS_BEGINNING/install/turtlesim_msgs/share/turtlesim_msgs/local_setup.sh
[1.714s] -- Up-to-date symlink: /home/cjson/project/ROS_BEGINNING/install/turtlesim_msgs/share/turtlesim_msgs/local_setup.zsh
[1.714s] -- Up-to-date symlink: /home/cjson/project/ROS_BEGINNING/install/turtlesim_msgs/share/turtlesim_msgs/local_setup.dsv
[1.714s] -- Symlinking: /home/cjson/project/ROS_BEGINNING/install/turtlesim_msgs/share/turtlesim_msgs/package.dsv
[1.737s] -- Up-to-date symlink: /home/cjson/project/ROS_BEGINNING/install/turtlesim_msgs/share/ament_index/resource_index/packages/turtlesim_msgs
[1.738s] -- Up-to-date symlink: /home/cjson/project/ROS_BEGINNING/install/turtlesim_msgs/lib/python3.14/site-packages/turtlesim_msgs-1.10.9-py3.14.egg-info/PKG-INFO
[1.738s] -- Up-to-date symlink: /home/cjson/project/ROS_BEGINNING/install/turtlesim_msgs/lib/python3.14/site-packages/turtlesim_msgs-1.10.9-py3.14.egg-info/SOURCES.txt
[1.738s] -- Up-to-date symlink: /home/cjson/project/ROS_BEGINNING/install/turtlesim_msgs/lib/python3.14/site-packages/turtlesim_msgs-1.10.9-py3.14.egg-info/dependency_links.txt
[1.739s] -- Up-to-date symlink: /home/cjson/project/ROS_BEGINNING/install/turtlesim_msgs/lib/python3.14/site-packages/turtlesim_msgs-1.10.9-py3.14.egg-info/top_level.txt
[1.740s] -- Up-to-date symlink: /home/cjson/project/ROS_BEGINNING/install/turtlesim_msgs/lib/python3.14/site-packages/turtlesim_msgs/__init__.py
[1.740s] -- Up-to-date symlink: /home/cjson/project/ROS_BEGINNING/install/turtlesim_msgs/lib/python3.14/site-packages/turtlesim_msgs/_turtlesim_msgs_s.ep.rosidl_typesupport_c.c
[1.740s] -- Up-to-date symlink: /home/cjson/project/ROS_BEGINNING/install/turtlesim_msgs/lib/python3.14/site-packages/turtlesim_msgs/_turtlesim_msgs_s.ep.rosidl_typesupport_fastrtps_c.c
[1.740s] -- Up-to-date symlink: /home/cjson/project/ROS_BEGINNING/install/turtlesim_msgs/lib/python3.14/site-packages/turtlesim_msgs/_turtlesim_msgs_s.ep.rosidl_typesupport_introspection_c.c
[1.740s] -- Up-to-date symlink: /home/cjson/project/ROS_BEGINNING/install/turtlesim_msgs/lib/python3.14/site-packages/turtlesim_msgs/action/__init__.py
[1.740s] -- Up-to-date symlink: /home/cjson/project/ROS_BEGINNING/install/turtlesim_msgs/lib/python3.14/site-packages/turtlesim_msgs/action/_rotate_absolute.py
[1.741s] -- Up-to-date symlink: /home/cjson/project/ROS_BEGINNING/install/turtlesim_msgs/lib/python3.14/site-packages/turtlesim_msgs/action/_rotate_absolute_s.c
[1.741s] -- Up-to-date symlink: /home/cjson/project/ROS_BEGINNING/install/turtlesim_msgs/lib/python3.14/site-packages/turtlesim_msgs/msg/__init__.py
[1.741s] -- Up-to-date symlink: /home/cjson/project/ROS_BEGINNING/install/turtlesim_msgs/lib/python3.14/site-packages/turtlesim_msgs/msg/_color.py
[1.742s] -- Up-to-date symlink: /home/cjson/project/ROS_BEGINNING/install/turtlesim_msgs/lib/python3.14/site-packages/turtlesim_msgs/msg/_color_s.c
[1.742s] -- Up-to-date symlink: /home/cjson/project/ROS_BEGINNING/install/turtlesim_msgs/lib/python3.14/site-packages/turtlesim_msgs/msg/_pose.py
[1.742s] -- Up-to-date symlink: /home/cjson/project/ROS_BEGINNING/install/turtlesim_msgs/lib/python3.14/site-packages/turtlesim_msgs/msg/_pose_s.c
[1.742s] -- Up-to-date symlink: /home/cjson/project/ROS_BEGINNING/install/turtlesim_msgs/lib/python3.14/site-packages/turtlesim_msgs/py.typed
[1.742s] -- Up-to-date symlink: /home/cjson/project/ROS_BEGINNING/install/turtlesim_msgs/lib/python3.14/site-packages/turtlesim_msgs/srv/__init__.py
[1.743s] -- Up-to-date symlink: /home/cjson/project/ROS_BEGINNING/install/turtlesim_msgs/lib/python3.14/site-packages/turtlesim_msgs/srv/_kill.py
[1.743s] -- Up-to-date symlink: /home/cjson/project/ROS_BEGINNING/install/turtlesim_msgs/lib/python3.14/site-packages/turtlesim_msgs/srv/_kill_s.c
[1.743s] -- Up-to-date symlink: /home/cjson/project/ROS_BEGINNING/install/turtlesim_msgs/lib/python3.14/site-packages/turtlesim_msgs/srv/_set_pen.py
[1.744s] -- Up-to-date symlink: /home/cjson/project/ROS_BEGINNING/install/turtlesim_msgs/lib/python3.14/site-packages/turtlesim_msgs/srv/_set_pen_s.c
[1.744s] -- Up-to-date symlink: /home/cjson/project/ROS_BEGINNING/install/turtlesim_msgs/lib/python3.14/site-packages/turtlesim_msgs/srv/_spawn.py
[1.744s] -- Up-to-date symlink: /home/cjson/project/ROS_BEGINNING/install/turtlesim_msgs/lib/python3.14/site-packages/turtlesim_msgs/srv/_spawn_s.c
[1.745s] -- Up-to-date symlink: /home/cjson/project/ROS_BEGINNING/install/turtlesim_msgs/lib/python3.14/site-packages/turtlesim_msgs/srv/_teleport_absolute.py
[1.745s] -- Up-to-date symlink: /home/cjson/project/ROS_BEGINNING/install/turtlesim_msgs/lib/python3.14/site-packages/turtlesim_msgs/srv/_teleport_absolute_s.c
[1.745s] -- Up-to-date symlink: /home/cjson/project/ROS_BEGINNING/install/turtlesim_msgs/lib/python3.14/site-packages/turtlesim_msgs/srv/_teleport_relative.py
[1.745s] -- Up-to-date symlink: /home/cjson/project/ROS_BEGINNING/install/turtlesim_msgs/lib/python3.14/site-packages/turtlesim_msgs/srv/_teleport_relative_s.c
[1.745s] -- Up-to-date symlink: /home/cjson/project/ROS_BEGINNING/install/turtlesim_msgs/lib/python3.14/site-packages/turtlesim_msgs/turtlesim_msgs_s__rosidl_typesupport_c.so
[1.745s] -- Up-to-date symlink: /home/cjson/project/ROS_BEGINNING/install/turtlesim_msgs/lib/python3.14/site-packages/turtlesim_msgs/turtlesim_msgs_s__rosidl_typesupport_fastrtps_c.so
[1.746s] -- Up-to-date symlink: /home/cjson/project/ROS_BEGINNING/install/turtlesim_msgs/lib/python3.14/site-packages/turtlesim_msgs/turtlesim_msgs_s__rosidl_typesupport_introspection_c.so
[1.746s] -- Up-to-date symlink: /home/cjson/project/ROS_BEGINNING/install/turtlesim_msgs/share/turtlesim_msgs/cmake/rosidl_cmake-extras.cmake
[1.746s] -- Up-to-date symlink: /home/cjson/project/ROS_BEGINNING/install/turtlesim_msgs/share/turtlesim_msgs/cmake/ament_cmake_export_dependencies-extras.cmake
[1.746s] -- Up-to-date symlink: /home/cjson/project/ROS_BEGINNING/install/turtlesim_msgs/share/turtlesim_msgs/cmake/ament_cmake_export_include_directories-extras.cmake
[1.746s] -- Up-to-date symlink: /home/cjson/project/ROS_BEGINNING/install/turtlesim_msgs/share/turtlesim_msgs/cmake/ament_cmake_export_libraries-extras.cmake
[1.746s] -- Up-to-date symlink: /home/cjson/project/ROS_BEGINNING/install/turtlesim_msgs/share/turtlesim_msgs/cmake/ament_cmake_export_targets-extras.cmake
[1.747s] -- Up-to-date symlink: /home/cjson/project/ROS_BEGINNING/install/turtlesim_msgs/share/turtlesim_msgs/cmake/rosidl_cmake_export_typesupport_targets-extras.cmake
[1.747s] -- Up-to-date symlink: /home/cjson/project/ROS_BEGINNING/install/turtlesim_msgs/share/turtlesim_msgs/cmake/rosidl_cmake_export_typesupport_libraries-extras.cmake
[1.747s] -- Up-to-date symlink: /home/cjson/project/ROS_BEGINNING/install/turtlesim_msgs/share/turtlesim_msgs/cmake/rosidl_cmake_aggregate_target-extras.cmake
[1.747s] -- Up-to-date symlink: /home/cjson/project/ROS_BEGINNING/install/turtlesim_msgs/share/turtlesim_msgs/cmake/turtlesim_msgsConfig.cmake
[1.747s] -- Up-to-date symlink: /home/cjson/project/ROS_BEGINNING/install/turtlesim_msgs/share/turtlesim_msgs/cmake/turtlesim_msgsConfig-version.cmake
[1.748s] -- Up-to-date symlink: /home/cjson/project/ROS_BEGINNING/install/turtlesim_msgs/share/turtlesim_msgs/package.xml
[1.748s] -- Up-to-date: /home/cjson/project/ROS_BEGINNING/install/turtlesim_msgs/lib/libturtlesim_msgs__rosidl_generator_c.so
[1.748s] -- Up-to-date: /home/cjson/project/ROS_BEGINNING/install/turtlesim_msgs/lib/libturtlesim_msgs__rosidl_typesupport_fastrtps_c.so
[1.749s] -- Up-to-date: /home/cjson/project/ROS_BEGINNING/install/turtlesim_msgs/lib/libturtlesim_msgs__rosidl_typesupport_fastrtps_cpp.so
[1.749s] -- Up-to-date: /home/cjson/project/ROS_BEGINNING/install/turtlesim_msgs/lib/libturtlesim_msgs__rosidl_typesupport_introspection_c.so
[1.749s] -- Up-to-date: /home/cjson/project/ROS_BEGINNING/install/turtlesim_msgs/lib/libturtlesim_msgs__rosidl_typesupport_c.so
[1.750s] -- Up-to-date: /home/cjson/project/ROS_BEGINNING/install/turtlesim_msgs/lib/libturtlesim_msgs__rosidl_typesupport_introspection_cpp.so
[1.750s] -- Up-to-date: /home/cjson/project/ROS_BEGINNING/install/turtlesim_msgs/lib/libturtlesim_msgs__rosidl_typesupport_cpp.so
[1.751s] -- Up-to-date: /home/cjson/project/ROS_BEGINNING/install/turtlesim_msgs/lib/libturtlesim_msgs__rosidl_generator_py.so
[1.751s] -- Up-to-date: /home/cjson/project/ROS_BEGINNING/install/turtlesim_msgs/share/turtlesim_msgs/cmake/export_turtlesim_msgs__rosidl_generator_cExport.cmake
[1.752s] -- Up-to-date: /home/cjson/project/ROS_BEGINNING/install/turtlesim_msgs/share/turtlesim_msgs/cmake/export_turtlesim_msgs__rosidl_generator_cExport-noconfig.cmake
[1.752s] -- Up-to-date: /home/cjson/project/ROS_BEGINNING/install/turtlesim_msgs/share/turtlesim_msgs/cmake/export_turtlesim_msgs__rosidl_typesupport_fastrtps_cExport.cmake
[1.752s] -- Up-to-date: /home/cjson/project/ROS_BEGINNING/install/turtlesim_msgs/share/turtlesim_msgs/cmake/export_turtlesim_msgs__rosidl_typesupport_fastrtps_cExport-noconfig.cmake
[1.753s] -- Up-to-date: /home/cjson/project/ROS_BEGINNING/install/turtlesim_msgs/share/turtlesim_msgs/cmake/export_turtlesim_msgs__rosidl_generator_cppExport.cmake
[1.753s] -- Up-to-date: /home/cjson/project/ROS_BEGINNING/install/turtlesim_msgs/share/turtlesim_msgs/cmake/export_turtlesim_msgs__rosidl_typesupport_fastrtps_cppExport.cmake
[1.753s] -- Up-to-date: /home/cjson/project/ROS_BEGINNING/install/turtlesim_msgs/share/turtlesim_msgs/cmake/export_turtlesim_msgs__rosidl_typesupport_fastrtps_cppExport-noconfig.cmake
[1.753s] -- Up-to-date: /home/cjson/project/ROS_BEGINNING/install/turtlesim_msgs/share/turtlesim_msgs/cmake/turtlesim_msgs__rosidl_typesupport_introspection_cExport.cmake
[1.753s] -- Up-to-date: /home/cjson/project/ROS_BEGINNING/install/turtlesim_msgs/share/turtlesim_msgs/cmake/turtlesim_msgs__rosidl_typesupport_introspection_cExport-noconfig.cmake
[1.754s] -- Up-to-date: /home/cjson/project/ROS_BEGINNING/install/turtlesim_msgs/share/turtlesim_msgs/cmake/turtlesim_msgs__rosidl_typesupport_cExport.cmake
[1.754s] -- Up-to-date: /home/cjson/project/ROS_BEGINNING/install/turtlesim_msgs/share/turtlesim_msgs/cmake/turtlesim_msgs__rosidl_typesupport_cExport-noconfig.cmake
[1.754s] -- Up-to-date: /home/cjson/project/ROS_BEGINNING/install/turtlesim_msgs/share/turtlesim_msgs/cmake/turtlesim_msgs__rosidl_typesupport_introspection_cppExport.cmake
[1.754s] -- Up-to-date: /home/cjson/project/ROS_BEGINNING/install/turtlesim_msgs/share/turtlesim_msgs/cmake/turtlesim_msgs__rosidl_typesupport_introspection_cppExport-noconfig.cmake
[1.754s] -- Up-to-date: /home/cjson/project/ROS_BEGINNING/install/turtlesim_msgs/share/turtlesim_msgs/cmake/turtlesim_msgs__rosidl_typesupport_cppExport.cmake
[1.754s] -- Up-to-date: /home/cjson/project/ROS_BEGINNING/install/turtlesim_msgs/share/turtlesim_msgs/cmake/turtlesim_msgs__rosidl_typesupport_cppExport-noconfig.cmake
[1.754s] -- Up-to-date: /home/cjson/project/ROS_BEGINNING/install/turtlesim_msgs/share/turtlesim_msgs/cmake/export_turtlesim_msgs__rosidl_generator_pyExport.cmake
[1.754s] -- Up-to-date: /home/cjson/project/ROS_BEGINNING/install/turtlesim_msgs/share/turtlesim_msgs/cmake/export_turtlesim_msgs__rosidl_generator_pyExport-noconfig.cmake
[1.921s] Listing '/home/cjson/project/ROS_BEGINNING/install/turtlesim_msgs/lib/python3.14/site-packages/turtlesim_msgs'...
[1.921s] Listing '/home/cjson/project/ROS_BEGINNING/install/turtlesim_msgs/lib/python3.14/site-packages/turtlesim_msgs/action'...
[1.921s] Listing '/home/cjson/project/ROS_BEGINNING/install/turtlesim_msgs/lib/python3.14/site-packages/turtlesim_msgs/msg'...
[1.921s] Listing '/home/cjson/project/ROS_BEGINNING/install/turtlesim_msgs/lib/python3.14/site-packages/turtlesim_msgs/srv'...
[1.932s] Invoked command in '/home/cjson/project/ROS_BEGINNING/build/turtlesim_msgs' returned '0': CMAKE_PREFIX_PATH=${CMAKE_PREFIX_PATH}:/opt/ros/lyrical:/home/cjson/ros2_lyrical/install/rqt_bag_plugins:/home/cjson/ros2_lyrical/install/launch_testing_examples:/home/cjson/ros2_lyrical/install/ros2bag:/home/cjson/ros2_lyrical/install/tracetools_test:/home/cjson/ros2_lyrical/install/tracetools_launch:/home/cjson/ros2_lyrical/install/topic_monitor:/home/cjson/ros2_lyrical/install/tf2_tools:/home/cjson/ros2_lyrical/install/examples_tf2_py:/home/cjson/ros2_lyrical/install/tf2_ros_py:/home/cjson/ros2_lyrical/install/sros2:/home/cjson/ros2_lyrical/install/rqt_topic:/home/cjson/ros2_lyrical/install/rqt_srv:/home/cjson/ros2_lyrical/install/rqt_shell:/home/cjson/ros2_lyrical/install/rqt_service_caller:/home/cjson/ros2_lyrical/install/rqt_reconfigure:/home/cjson/ros2_lyrical/install/rqt_py_console:/home/cjson/ros2_lyrical/install/rqt_publisher:/home/cjson/ros2_lyrical/install/rqt_plot:/home/cjson/ros2_lyrical/install/rqt_action:/home/cjson/ros2_lyrical/install/rqt_msg:/home/cjson/ros2_lyrical/install/rqt_console:/home/cjson/ros2_lyrical/install/rqt:/home/cjson/ros2_lyrical/install/rqt_graph:/home/cjson/ros2_lyrical/install/rqt_bag:/home/cjson/ros2_lyrical/install/rqt_gui_py:/home/cjson/ros2_lyrical/install/rqt_gui:/home/cjson/ros2_lyrical/install/rosbag2_examples_py:/home/cjson/ros2_lyrical/install/ros2trace:/home/cjson/ros2_lyrical/install/ros2topic:/home/cjson/ros2_lyrical/install/ros2test:/home/cjson/ros2_lyrical/install/ros2component:/home/cjson/ros2_lyrical/install/ros2param:/home/cjson/ros2_lyrical/install/ros2lifecycle:/home/cjson/ros2_lyrical/install/ros2service:/home/cjson/ros2_lyrical/install/ros2run:/home/cjson/ros2_lyrical/install/ros2plugin:/home/cjson/ros2_lyrical/install/ros2launch:/home/cjson/ros2_lyrical/install/ros2pkg:/home/cjson/ros2_lyrical/install/ros2node:/home/cjson/ros2_lyrical/install/ros2multicast:/home/cjson/ros2_lyrical/install/ros2interface:/home/cjson/ros2_lyrical/install/ros2doctor:/home/cjson/ros2_lyrical/install/ros2action:/home/cjson/ros2_lyrical/install/ros2cli:/home/cjson/ros2_lyrical/install/quality_of_service_demo_py:/home/cjson/ros2_lyrical/install/lifecycle_py:/home/cjson/ros2_lyrical/install/launch_testing_ros:/home/cjson/ros2_lyrical/install/launch_ros:/home/cjson/ros2_lyrical/install/examples_rclpy_pointcloud_publisher:/home/cjson/ros2_lyrical/install/examples_rclpy_minimal_subscriber:/home/cjson/ros2_lyrical/install/examples_rclpy_minimal_service:/home/cjson/ros2_lyrical/install/examples_rclpy_minimal_publisher:/home/cjson/ros2_lyrical/install/examples_rclpy_minimal_client:/home/cjson/ros2_lyrical/install/examples_rclpy_minimal_action_server:/home/cjson/ros2_lyrical/install/examples_rclpy_minimal_action_client:/home/cjson/ros2_lyrical/install/examples_rclpy_guard_conditions:/home/cjson/ros2_lyrical/install/examples_rclpy_executors:/home/cjson/ros2_lyrical/install/demo_nodes_py:/home/cjson/ros2_lyrical/install/camera_info_manager_py:/home/cjson/ros2_lyrical/install/action_tutorials_py:/home/cjson/ros2_lyrical/install/sensor_msgs_py:/home/cjson/ros2_lyrical/install/ament_uncrustify:/home/cjson/ros2_lyrical/install/tracetools_trace:/home/cjson/ros2_lyrical/install/tracetools_read:/home/cjson/ros2_lyrical/install/test_tracetools_launch:/home/cjson/ros2_lyrical/install/test_ros2trace:/home/cjson/ros2_lyrical/install/test_launch_ros:/home/cjson/ros2_lyrical/install/rpyutils:/home/cjson/ros2_lyrical/install/rosidl_runtime_py:/home/cjson/ros2_lyrical/install/rosidl_pycommon:/home/cjson/ros2_lyrical/install/rosidl_cli:/home/cjson/ros2_lyrical/install/qt_dotgraph:/home/cjson/ros2_lyrical/install/launch_pytest:/home/cjson/ros2_lyrical/install/launch_testing:/home/cjson/ros2_lyrical/install/launch_yaml:/home/cjson/ros2_lyrical/install/launch_xml:/home/cjson/ros2_lyrical/install/launch:/home/cjson/ros2_lyrical/install/domain_coordinator:/home/cjson/ros2_lyrical/install/ament_xmllint:/home/cjson/ros2_lyrical/install/ament_pyflakes:/home/cjson/ros2_lyrical/install/ament_pycodestyle:/home/cjson/ros2_lyrical/install/ament_pep257:/home/cjson/ros2_lyrical/install/ament_pclint:/home/cjson/ros2_lyrical/install/ament_package:/home/cjson/ros2_lyrical/install/ament_mypy:/home/cjson/ros2_lyrical/install/ament_lint_cmake:/home/cjson/ros2_lyrical/install/ament_flake8:/home/cjson/ros2_lyrical/install/ament_copyright:/home/cjson/ros2_lyrical/install/ament_lint:/home/cjson/ros2_lyrical/install/ament_index_python:/home/cjson/ros2_lyrical/install/ament_cpplint:/home/cjson/ros2_lyrical/install/ament_cppcheck:/home/cjson/ros2_lyrical/install/ament_clang_tidy:/home/cjson/ros2_lyrical/install/ament_clang_format /usr/bin/cmake --install /home/cjson/project/ROS_BEGINNING/build/turtlesim_msgs
