[0.044s] Invoking command in '/home/cjson/project/ROS_BEGINNING/build/turtlesim_msgs': CMAKE_PREFIX_PATH=${CMAKE_PREFIX_PATH}:/opt/ros/lyrical:/home/cjson/ros2_lyrical/install/rqt_bag_plugins:/home/cjson/ros2_lyrical/install/launch_testing_examples:/home/cjson/ros2_lyrical/install/ros2bag:/home/cjson/ros2_lyrical/install/tracetools_test:/home/cjson/ros2_lyrical/install/tracetools_launch:/home/cjson/ros2_lyrical/install/topic_monitor:/home/cjson/ros2_lyrical/install/tf2_tools:/home/cjson/ros2_lyrical/install/examples_tf2_py:/home/cjson/ros2_lyrical/install/tf2_ros_py:/home/cjson/ros2_lyrical/install/sros2:/home/cjson/ros2_lyrical/install/rqt_topic:/home/cjson/ros2_lyrical/install/rqt_srv:/home/cjson/ros2_lyrical/install/rqt_shell:/home/cjson/ros2_lyrical/install/rqt_service_caller:/home/cjson/ros2_lyrical/install/rqt_reconfigure:/home/cjson/ros2_lyrical/install/rqt_py_console:/home/cjson/ros2_lyrical/install/rqt_publisher:/home/cjson/ros2_lyrical/install/rqt_plot:/home/cjson/ros2_lyrical/install/rqt_action:/home/cjson/ros2_lyrical/install/rqt_msg:/home/cjson/ros2_lyrical/install/rqt_console:/home/cjson/ros2_lyrical/install/rqt:/home/cjson/ros2_lyrical/install/rqt_graph:/home/cjson/ros2_lyrical/install/rqt_bag:/home/cjson/ros2_lyrical/install/rqt_gui_py:/home/cjson/ros2_lyrical/install/rqt_gui:/home/cjson/ros2_lyrical/install/rosbag2_examples_py:/home/cjson/ros2_lyrical/install/ros2trace:/home/cjson/ros2_lyrical/install/ros2topic:/home/cjson/ros2_lyrical/install/ros2test:/home/cjson/ros2_lyrical/install/ros2component:/home/cjson/ros2_lyrical/install/ros2param:/home/cjson/ros2_lyrical/install/ros2lifecycle:/home/cjson/ros2_lyrical/install/ros2service:/home/cjson/ros2_lyrical/install/ros2run:/home/cjson/ros2_lyrical/install/ros2plugin:/home/cjson/ros2_lyrical/install/ros2launch:/home/cjson/ros2_lyrical/install/ros2pkg:/home/cjson/ros2_lyrical/install/ros2node:/home/cjson/ros2_lyrical/install/ros2multicast:/home/cjson/ros2_lyrical/install/ros2interface:/home/cjson/ros2_lyrical/install/ros2doctor:/home/cjson/ros2_lyrical/install/ros2action:/home/cjson/ros2_lyrical/install/ros2cli:/home/cjson/ros2_lyrical/install/quality_of_service_demo_py:/home/cjson/ros2_lyrical/install/lifecycle_py:/home/cjson/ros2_lyrical/install/launch_testing_ros:/home/cjson/ros2_lyrical/install/launch_ros:/home/cjson/ros2_lyrical/install/examples_rclpy_pointcloud_publisher:/home/cjson/ros2_lyrical/install/examples_rclpy_minimal_subscriber:/home/cjson/ros2_lyrical/install/examples_rclpy_minimal_service:/home/cjson/ros2_lyrical/install/examples_rclpy_minimal_publisher:/home/cjson/ros2_lyrical/install/examples_rclpy_minimal_client:/home/cjson/ros2_lyrical/install/examples_rclpy_minimal_action_server:/home/cjson/ros2_lyrical/install/examples_rclpy_minimal_action_client:/home/cjson/ros2_lyrical/install/examples_rclpy_guard_conditions:/home/cjson/ros2_lyrical/install/examples_rclpy_executors:/home/cjson/ros2_lyrical/install/demo_nodes_py:/home/cjson/ros2_lyrical/install/camera_info_manager_py:/home/cjson/ros2_lyrical/install/action_tutorials_py:/home/cjson/ros2_lyrical/install/sensor_msgs_py:/home/cjson/ros2_lyrical/install/ament_uncrustify:/home/cjson/ros2_lyrical/install/tracetools_trace:/home/cjson/ros2_lyrical/install/tracetools_read:/home/cjson/ros2_lyrical/install/test_tracetools_launch:/home/cjson/ros2_lyrical/install/test_ros2trace:/home/cjson/ros2_lyrical/install/test_launch_ros:/home/cjson/ros2_lyrical/install/rpyutils:/home/cjson/ros2_lyrical/install/rosidl_runtime_py:/home/cjson/ros2_lyrical/install/rosidl_pycommon:/home/cjson/ros2_lyrical/install/rosidl_cli:/home/cjson/ros2_lyrical/install/qt_dotgraph:/home/cjson/ros2_lyrical/install/launch_pytest:/home/cjson/ros2_lyrical/install/launch_testing:/home/cjson/ros2_lyrical/install/launch_yaml:/home/cjson/ros2_lyrical/install/launch_xml:/home/cjson/ros2_lyrical/install/launch:/home/cjson/ros2_lyrical/install/domain_coordinator:/home/cjson/ros2_lyrical/install/ament_xmllint:/home/cjson/ros2_lyrical/install/ament_pyflakes:/home/cjson/ros2_lyrical/install/ament_pycodestyle:/home/cjson/ros2_lyrical/install/ament_pep257:/home/cjson/ros2_lyrical/install/ament_pclint:/home/cjson/ros2_lyrical/install/ament_package:/home/cjson/ros2_lyrical/install/ament_mypy:/home/cjson/ros2_lyrical/install/ament_lint_cmake:/home/cjson/ros2_lyrical/install/ament_flake8:/home/cjson/ros2_lyrical/install/ament_copyright:/home/cjson/ros2_lyrical/install/ament_lint:/home/cjson/ros2_lyrical/install/ament_index_python:/home/cjson/ros2_lyrical/install/ament_cpplint:/home/cjson/ros2_lyrical/install/ament_cppcheck:/home/cjson/ros2_lyrical/install/ament_clang_tidy:/home/cjson/ros2_lyrical/install/ament_clang_format /usr/bin/cmake /home/cjson/project/ROS_BEGINNING/src/ros_tutorials/turtlesim_msgs -DAMENT_CMAKE_SYMLINK_INSTALL=1 -DCMAKE_INSTALL_PREFIX=/home/cjson/project/ROS_BEGINNING/install/turtlesim_msgs
[0.227s] -- The C compiler identification is GNU 15.2.0
[0.583s] -- The CXX compiler identification is GNU 15.2.0
[0.790s] -- Detecting C compiler ABI info
[0.996s] -- Detecting C compiler ABI info - done
[1.016s] -- Check for working C compiler: /usr/bin/cc - skipped
[1.017s] -- Detecting C compile features
[1.017s] -- Detecting C compile features - done
[1.041s] -- Detecting CXX compiler ABI info
[1.258s] -- Detecting CXX compiler ABI info - done
[1.277s] -- Check for working CXX compiler: /usr/bin/c++ - skipped
[1.277s] -- Detecting CXX compile features
[1.278s] -- Detecting CXX compile features - done
[1.330s] -- Found ament_cmake: 2.8.7 (/home/cjson/ros2_lyrical/install/ament_cmake/share/ament_cmake/cmake)
[7.071s] -- Override CMake install command with custom implementation using symlinks instead of copying resources
[7.676s] -- Found builtin_interfaces: 2.4.5 (/home/cjson/ros2_lyrical/install/builtin_interfaces/share/builtin_interfaces/cmake)
[8.005s] -- Found rosidl_generator_c: 5.2.1 (/home/cjson/ros2_lyrical/install/rosidl_generator_c/share/rosidl_generator_c/cmake)
[8.112s] -- Found rosidl_generator_cpp: 5.2.1 (/home/cjson/ros2_lyrical/install/rosidl_generator_cpp/share/rosidl_generator_cpp/cmake)
[8.290s] -- Using all available rosidl_typesupport_c: rosidl_typesupport_fastrtps_c;rosidl_typesupport_introspection_c
[8.430s] -- Using all available rosidl_typesupport_cpp: rosidl_typesupport_fastrtps_cpp;rosidl_typesupport_introspection_cpp
[8.558s] -- Found rosidl_default_generators: 1.8.1 (/home/cjson/ros2_lyrical/install/rosidl_default_generators/share/rosidl_default_generators/cmake)
[8.786s] -- Found rosidl_adapter: 5.2.1 (/home/cjson/ros2_lyrical/install/rosidl_adapter/share/rosidl_adapter/cmake)
[9.190s] -- Found Python3: /usr/bin/python3 (found version "3.14.4") found components: Interpreter
[10.743s] -- Found ament_cmake_cppcheck: 0.20.6 (/home/cjson/ros2_lyrical/install/ament_cmake_cppcheck/share/ament_cmake_cppcheck/cmake)
[10.798s] -- Found ament_cmake_cpplint: 0.20.6 (/home/cjson/ros2_lyrical/install/ament_cmake_cpplint/share/ament_cmake_cpplint/cmake)
[10.843s] -- Found ament_cmake_uncrustify: 0.20.6 (/home/cjson/ros2_lyrical/install/ament_cmake_uncrustify/share/ament_cmake_uncrustify/cmake)
[12.866s] -- Using all available rosidl_typesupport_c: rosidl_typesupport_fastrtps_c;rosidl_typesupport_introspection_c
[13.750s] -- Using all available rosidl_typesupport_cpp: rosidl_typesupport_fastrtps_cpp;rosidl_typesupport_introspection_cpp
[15.180s] -- Found Python3: /usr/bin/python3 (found version "3.14.4") found components: Interpreter Development NumPy Development.Module Development.Embed
[15.354s] -- Found ament_cmake_flake8: 0.20.6 (/home/cjson/ros2_lyrical/install/ament_cmake_flake8/share/ament_cmake_flake8/cmake)
[15.416s] -- Found ament_cmake_pep257: 0.20.6 (/home/cjson/ros2_lyrical/install/ament_cmake_pep257/share/ament_cmake_pep257/cmake)
[15.481s] -- Found ament_cmake_mypy: 0.20.6 (/home/cjson/ros2_lyrical/install/ament_cmake_mypy/share/ament_cmake_mypy/cmake)
[15.574s] -- Found Python3: /usr/bin/python3 (found version "3.14.4") found components: Interpreter
[15.599s] -- Configuring done (15.5s)
[15.742s] -- Generating done (0.1s)
[15.780s] -- Build files have been written to: /home/cjson/project/ROS_BEGINNING/build/turtlesim_msgs
[15.807s] Invoked command in '/home/cjson/project/ROS_BEGINNING/build/turtlesim_msgs' returned '0': CMAKE_PREFIX_PATH=${CMAKE_PREFIX_PATH}:/opt/ros/lyrical:/home/cjson/ros2_lyrical/install/rqt_bag_plugins:/home/cjson/ros2_lyrical/install/launch_testing_examples:/home/cjson/ros2_lyrical/install/ros2bag:/home/cjson/ros2_lyrical/install/tracetools_test:/home/cjson/ros2_lyrical/install/tracetools_launch:/home/cjson/ros2_lyrical/install/topic_monitor:/home/cjson/ros2_lyrical/install/tf2_tools:/home/cjson/ros2_lyrical/install/examples_tf2_py:/home/cjson/ros2_lyrical/install/tf2_ros_py:/home/cjson/ros2_lyrical/install/sros2:/home/cjson/ros2_lyrical/install/rqt_topic:/home/cjson/ros2_lyrical/install/rqt_srv:/home/cjson/ros2_lyrical/install/rqt_shell:/home/cjson/ros2_lyrical/install/rqt_service_caller:/home/cjson/ros2_lyrical/install/rqt_reconfigure:/home/cjson/ros2_lyrical/install/rqt_py_console:/home/cjson/ros2_lyrical/install/rqt_publisher:/home/cjson/ros2_lyrical/install/rqt_plot:/home/cjson/ros2_lyrical/install/rqt_action:/home/cjson/ros2_lyrical/install/rqt_msg:/home/cjson/ros2_lyrical/install/rqt_console:/home/cjson/ros2_lyrical/install/rqt:/home/cjson/ros2_lyrical/install/rqt_graph:/home/cjson/ros2_lyrical/install/rqt_bag:/home/cjson/ros2_lyrical/install/rqt_gui_py:/home/cjson/ros2_lyrical/install/rqt_gui:/home/cjson/ros2_lyrical/install/rosbag2_examples_py:/home/cjson/ros2_lyrical/install/ros2trace:/home/cjson/ros2_lyrical/install/ros2topic:/home/cjson/ros2_lyrical/install/ros2test:/home/cjson/ros2_lyrical/install/ros2component:/home/cjson/ros2_lyrical/install/ros2param:/home/cjson/ros2_lyrical/install/ros2lifecycle:/home/cjson/ros2_lyrical/install/ros2service:/home/cjson/ros2_lyrical/install/ros2run:/home/cjson/ros2_lyrical/install/ros2plugin:/home/cjson/ros2_lyrical/install/ros2launch:/home/cjson/ros2_lyrical/install/ros2pkg:/home/cjson/ros2_lyrical/install/ros2node:/home/cjson/ros2_lyrical/install/ros2multicast:/home/cjson/ros2_lyrical/install/ros2interface:/home/cjson/ros2_lyrical/install/ros2doctor:/home/cjson/ros2_lyrical/install/ros2action:/home/cjson/ros2_lyrical/install/ros2cli:/home/cjson/ros2_lyrical/install/quality_of_service_demo_py:/home/cjson/ros2_lyrical/install/lifecycle_py:/home/cjson/ros2_lyrical/install/launch_testing_ros:/home/cjson/ros2_lyrical/install/launch_ros:/home/cjson/ros2_lyrical/install/examples_rclpy_pointcloud_publisher:/home/cjson/ros2_lyrical/install/examples_rclpy_minimal_subscriber:/home/cjson/ros2_lyrical/install/examples_rclpy_minimal_service:/home/cjson/ros2_lyrical/install/examples_rclpy_minimal_publisher:/home/cjson/ros2_lyrical/install/examples_rclpy_minimal_client:/home/cjson/ros2_lyrical/install/examples_rclpy_minimal_action_server:/home/cjson/ros2_lyrical/install/examples_rclpy_minimal_action_client:/home/cjson/ros2_lyrical/install/examples_rclpy_guard_conditions:/home/cjson/ros2_lyrical/install/examples_rclpy_executors:/home/cjson/ros2_lyrical/install/demo_nodes_py:/home/cjson/ros2_lyrical/install/camera_info_manager_py:/home/cjson/ros2_lyrical/install/action_tutorials_py:/home/cjson/ros2_lyrical/install/sensor_msgs_py:/home/cjson/ros2_lyrical/install/ament_uncrustify:/home/cjson/ros2_lyrical/install/tracetools_trace:/home/cjson/ros2_lyrical/install/tracetools_read:/home/cjson/ros2_lyrical/install/test_tracetools_launch:/home/cjson/ros2_lyrical/install/test_ros2trace:/home/cjson/ros2_lyrical/install/test_launch_ros:/home/cjson/ros2_lyrical/install/rpyutils:/home/cjson/ros2_lyrical/install/rosidl_runtime_py:/home/cjson/ros2_lyrical/install/rosidl_pycommon:/home/cjson/ros2_lyrical/install/rosidl_cli:/home/cjson/ros2_lyrical/install/qt_dotgraph:/home/cjson/ros2_lyrical/install/launch_pytest:/home/cjson/ros2_lyrical/install/launch_testing:/home/cjson/ros2_lyrical/install/launch_yaml:/home/cjson/ros2_lyrical/install/launch_xml:/home/cjson/ros2_lyrical/install/launch:/home/cjson/ros2_lyrical/install/domain_coordinator:/home/cjson/ros2_lyrical/install/ament_xmllint:/home/cjson/ros2_lyrical/install/ament_pyflakes:/home/cjson/ros2_lyrical/install/ament_pycodestyle:/home/cjson/ros2_lyrical/install/ament_pep257:/home/cjson/ros2_lyrical/install/ament_pclint:/home/cjson/ros2_lyrical/install/ament_package:/home/cjson/ros2_lyrical/install/ament_mypy:/home/cjson/ros2_lyrical/install/ament_lint_cmake:/home/cjson/ros2_lyrical/install/ament_flake8:/home/cjson/ros2_lyrical/install/ament_copyright:/home/cjson/ros2_lyrical/install/ament_lint:/home/cjson/ros2_lyrical/install/ament_index_python:/home/cjson/ros2_lyrical/install/ament_cpplint:/home/cjson/ros2_lyrical/install/ament_cppcheck:/home/cjson/ros2_lyrical/install/ament_clang_tidy:/home/cjson/ros2_lyrical/install/ament_clang_format /usr/bin/cmake /home/cjson/project/ROS_BEGINNING/src/ros_tutorials/turtlesim_msgs -DAMENT_CMAKE_SYMLINK_INSTALL=1 -DCMAKE_INSTALL_PREFIX=/home/cjson/project/ROS_BEGINNING/install/turtlesim_msgs
[15.809s] Invoking command in '/home/cjson/project/ROS_BEGINNING/build/turtlesim_msgs': CMAKE_PREFIX_PATH=${CMAKE_PREFIX_PATH}:/opt/ros/lyrical:/home/cjson/ros2_lyrical/install/rqt_bag_plugins:/home/cjson/ros2_lyrical/install/launch_testing_examples:/home/cjson/ros2_lyrical/install/ros2bag:/home/cjson/ros2_lyrical/install/tracetools_test:/home/cjson/ros2_lyrical/install/tracetools_launch:/home/cjson/ros2_lyrical/install/topic_monitor:/home/cjson/ros2_lyrical/install/tf2_tools:/home/cjson/ros2_lyrical/install/examples_tf2_py:/home/cjson/ros2_lyrical/install/tf2_ros_py:/home/cjson/ros2_lyrical/install/sros2:/home/cjson/ros2_lyrical/install/rqt_topic:/home/cjson/ros2_lyrical/install/rqt_srv:/home/cjson/ros2_lyrical/install/rqt_shell:/home/cjson/ros2_lyrical/install/rqt_service_caller:/home/cjson/ros2_lyrical/install/rqt_reconfigure:/home/cjson/ros2_lyrical/install/rqt_py_console:/home/cjson/ros2_lyrical/install/rqt_publisher:/home/cjson/ros2_lyrical/install/rqt_plot:/home/cjson/ros2_lyrical/install/rqt_action:/home/cjson/ros2_lyrical/install/rqt_msg:/home/cjson/ros2_lyrical/install/rqt_console:/home/cjson/ros2_lyrical/install/rqt:/home/cjson/ros2_lyrical/install/rqt_graph:/home/cjson/ros2_lyrical/install/rqt_bag:/home/cjson/ros2_lyrical/install/rqt_gui_py:/home/cjson/ros2_lyrical/install/rqt_gui:/home/cjson/ros2_lyrical/install/rosbag2_examples_py:/home/cjson/ros2_lyrical/install/ros2trace:/home/cjson/ros2_lyrical/install/ros2topic:/home/cjson/ros2_lyrical/install/ros2test:/home/cjson/ros2_lyrical/install/ros2component:/home/cjson/ros2_lyrical/install/ros2param:/home/cjson/ros2_lyrical/install/ros2lifecycle:/home/cjson/ros2_lyrical/install/ros2service:/home/cjson/ros2_lyrical/install/ros2run:/home/cjson/ros2_lyrical/install/ros2plugin:/home/cjson/ros2_lyrical/install/ros2launch:/home/cjson/ros2_lyrical/install/ros2pkg:/home/cjson/ros2_lyrical/install/ros2node:/home/cjson/ros2_lyrical/install/ros2multicast:/home/cjson/ros2_lyrical/install/ros2interface:/home/cjson/ros2_lyrical/install/ros2doctor:/home/cjson/ros2_lyrical/install/ros2action:/home/cjson/ros2_lyrical/install/ros2cli:/home/cjson/ros2_lyrical/install/quality_of_service_demo_py:/home/cjson/ros2_lyrical/install/lifecycle_py:/home/cjson/ros2_lyrical/install/launch_testing_ros:/home/cjson/ros2_lyrical/install/launch_ros:/home/cjson/ros2_lyrical/install/examples_rclpy_pointcloud_publisher:/home/cjson/ros2_lyrical/install/examples_rclpy_minimal_subscriber:/home/cjson/ros2_lyrical/install/examples_rclpy_minimal_service:/home/cjson/ros2_lyrical/install/examples_rclpy_minimal_publisher:/home/cjson/ros2_lyrical/install/examples_rclpy_minimal_client:/home/cjson/ros2_lyrical/install/examples_rclpy_minimal_action_server:/home/cjson/ros2_lyrical/install/examples_rclpy_minimal_action_client:/home/cjson/ros2_lyrical/install/examples_rclpy_guard_conditions:/home/cjson/ros2_lyrical/install/examples_rclpy_executors:/home/cjson/ros2_lyrical/install/demo_nodes_py:/home/cjson/ros2_lyrical/install/camera_info_manager_py:/home/cjson/ros2_lyrical/install/action_tutorials_py:/home/cjson/ros2_lyrical/install/sensor_msgs_py:/home/cjson/ros2_lyrical/install/ament_uncrustify:/home/cjson/ros2_lyrical/install/tracetools_trace:/home/cjson/ros2_lyrical/install/tracetools_read:/home/cjson/ros2_lyrical/install/test_tracetools_launch:/home/cjson/ros2_lyrical/install/test_ros2trace:/home/cjson/ros2_lyrical/install/test_launch_ros:/home/cjson/ros2_lyrical/install/rpyutils:/home/cjson/ros2_lyrical/install/rosidl_runtime_py:/home/cjson/ros2_lyrical/install/rosidl_pycommon:/home/cjson/ros2_lyrical/install/rosidl_cli:/home/cjson/ros2_lyrical/install/qt_dotgraph:/home/cjson/ros2_lyrical/install/launch_pytest:/home/cjson/ros2_lyrical/install/launch_testing:/home/cjson/ros2_lyrical/install/launch_yaml:/home/cjson/ros2_lyrical/install/launch_xml:/home/cjson/ros2_lyrical/install/launch:/home/cjson/ros2_lyrical/install/domain_coordinator:/home/cjson/ros2_lyrical/install/ament_xmllint:/home/cjson/ros2_lyrical/install/ament_pyflakes:/home/cjson/ros2_lyrical/install/ament_pycodestyle:/home/cjson/ros2_lyrical/install/ament_pep257:/home/cjson/ros2_lyrical/install/ament_pclint:/home/cjson/ros2_lyrical/install/ament_package:/home/cjson/ros2_lyrical/install/ament_mypy:/home/cjson/ros2_lyrical/install/ament_lint_cmake:/home/cjson/ros2_lyrical/install/ament_flake8:/home/cjson/ros2_lyrical/install/ament_copyright:/home/cjson/ros2_lyrical/install/ament_lint:/home/cjson/ros2_lyrical/install/ament_index_python:/home/cjson/ros2_lyrical/install/ament_cpplint:/home/cjson/ros2_lyrical/install/ament_cppcheck:/home/cjson/ros2_lyrical/install/ament_clang_tidy:/home/cjson/ros2_lyrical/install/ament_clang_format /usr/bin/cmake --build /home/cjson/project/ROS_BEGINNING/build/turtlesim_msgs -- -j10 -l10
[15.960s] [  2%] [1m[34mGenerating type hashes for ROS interfaces[0m
[15.960s] [  2%] [1m[34mGenerating Rust code for ROS interfaces[0m
[16.563s] [  2%] Built target turtlesim_msgs__rosidl_generator_type_description
[16.606s] [  3%] [1m[34mGenerating C code for ROS interfaces[0m
[16.646s] [  3%] [1m[34mGenerating C++ code for ROS interfaces[0m
[16.739s] [  3%] Built target turtlesim_msgs__rs
[18.216s] [  3%] Built target turtlesim_msgs__cpp
[18.588s] [  4%] [32mBuilding C object CMakeFiles/turtlesim_msgs__rosidl_generator_c.dir/rosidl_generator_c/turtlesim_msgs/msg/detail/pose__type_support.c.o[0m
[18.590s] [  7%] [32mBuilding C object CMakeFiles/turtlesim_msgs__rosidl_generator_c.dir/rosidl_generator_c/turtlesim_msgs/action/detail/rotate_absolute__description.c.o[0m
[18.590s] [  7%] [32mBuilding C object CMakeFiles/turtlesim_msgs__rosidl_generator_c.dir/rosidl_generator_c/turtlesim_msgs/msg/detail/pose__description.c.o[0m
[18.590s] [  7%] [32mBuilding C object CMakeFiles/turtlesim_msgs__rosidl_generator_c.dir/rosidl_generator_c/turtlesim_msgs/msg/detail/color__functions.c.o[0m
[18.591s] [  9%] [32mBuilding C object CMakeFiles/turtlesim_msgs__rosidl_generator_c.dir/rosidl_generator_c/turtlesim_msgs/msg/detail/color__type_support.c.o[0m
[18.591s] [  9%] [32mBuilding C object CMakeFiles/turtlesim_msgs__rosidl_generator_c.dir/rosidl_generator_c/turtlesim_msgs/msg/detail/color__description.c.o[0m
[18.591s] [ 10%] [32mBuilding C object CMakeFiles/turtlesim_msgs__rosidl_generator_c.dir/rosidl_generator_c/turtlesim_msgs/action/detail/rotate_absolute__functions.c.o[0m
[18.592s] [ 11%] [32mBuilding C object CMakeFiles/turtlesim_msgs__rosidl_generator_c.dir/rosidl_generator_c/turtlesim_msgs/action/detail/rotate_absolute__type_support.c.o[0m
[18.599s] [ 12%] [32mBuilding C object CMakeFiles/turtlesim_msgs__rosidl_generator_c.dir/rosidl_generator_c/turtlesim_msgs/msg/detail/pose__functions.c.o[0m
[18.694s] [ 14%] [32mBuilding C object CMakeFiles/turtlesim_msgs__rosidl_generator_c.dir/rosidl_generator_c/turtlesim_msgs/srv/detail/kill__functions.c.o[0m
[18.694s] [ 14%] [32mBuilding C object CMakeFiles/turtlesim_msgs__rosidl_generator_c.dir/rosidl_generator_c/turtlesim_msgs/srv/detail/kill__type_support.c.o[0m
[18.696s] [ 15%] [32mBuilding C object CMakeFiles/turtlesim_msgs__rosidl_generator_c.dir/rosidl_generator_c/turtlesim_msgs/srv/detail/kill__description.c.o[0m
[18.723s] [ 16%] [32mBuilding C object CMakeFiles/turtlesim_msgs__rosidl_generator_c.dir/rosidl_generator_c/turtlesim_msgs/srv/detail/set_pen__description.c.o[0m
[18.724s] [ 17%] [32mBuilding C object CMakeFiles/turtlesim_msgs__rosidl_generator_c.dir/rosidl_generator_c/turtlesim_msgs/srv/detail/set_pen__functions.c.o[0m
[18.740s] [ 18%] [32mBuilding C object CMakeFiles/turtlesim_msgs__rosidl_generator_c.dir/rosidl_generator_c/turtlesim_msgs/srv/detail/spawn__description.c.o[0m
[18.808s] [ 19%] [32mBuilding C object CMakeFiles/turtlesim_msgs__rosidl_generator_c.dir/rosidl_generator_c/turtlesim_msgs/srv/detail/spawn__functions.c.o[0m
[18.827s] [ 20%] [32mBuilding C object CMakeFiles/turtlesim_msgs__rosidl_generator_c.dir/rosidl_generator_c/turtlesim_msgs/srv/detail/spawn__type_support.c.o[0m
[18.849s] [ 20%] [32mBuilding C object CMakeFiles/turtlesim_msgs__rosidl_generator_c.dir/rosidl_generator_c/turtlesim_msgs/srv/detail/teleport_absolute__description.c.o[0m
[18.865s] [ 21%] [32mBuilding C object CMakeFiles/turtlesim_msgs__rosidl_generator_c.dir/rosidl_generator_c/turtlesim_msgs/srv/detail/teleport_absolute__type_support.c.o[0m
[18.872s] [ 22%] [32mBuilding C object CMakeFiles/turtlesim_msgs__rosidl_generator_c.dir/rosidl_generator_c/turtlesim_msgs/srv/detail/teleport_absolute__functions.c.o[0m
[18.876s] [ 23%] [32mBuilding C object CMakeFiles/turtlesim_msgs__rosidl_generator_c.dir/rosidl_generator_c/turtlesim_msgs/srv/detail/set_pen__type_support.c.o[0m
[18.878s] [ 24%] [32mBuilding C object CMakeFiles/turtlesim_msgs__rosidl_generator_c.dir/rosidl_generator_c/turtlesim_msgs/srv/detail/teleport_relative__description.c.o[0m
[18.938s] [ 25%] [32mBuilding C object CMakeFiles/turtlesim_msgs__rosidl_generator_c.dir/rosidl_generator_c/turtlesim_msgs/srv/detail/teleport_relative__type_support.c.o[0m
[18.940s] [ 26%] [32mBuilding C object CMakeFiles/turtlesim_msgs__rosidl_generator_c.dir/rosidl_generator_c/turtlesim_msgs/srv/detail/teleport_relative__functions.c.o[0m
[19.054s] [ 27%] [1m[32mLinking C shared library libturtlesim_msgs__rosidl_generator_c.so[0m
[19.183s] [ 27%] Built target turtlesim_msgs__rosidl_generator_c
[19.215s] [ 28%] [1m[34mGenerating C introspection for ROS interfaces[0m
[19.220s] [ 30%] [1m[34mGenerating C type support for eProsima Fast-RTPS[0m
[19.220s] [ 30%] [1m[34mGenerating C++ type support dispatch for ROS interfaces[0m
[19.224s] [ 32%] [1m[34mGenerating C type support dispatch for ROS interfaces[0m
[19.224s] [ 32%] [1m[34mGenerating C++ introspection for ROS interfaces[0m
[20.340s] [ 33%] [32mBuilding CXX object CMakeFiles/turtlesim_msgs__rosidl_typesupport_c.dir/rosidl_typesupport_c/turtlesim_msgs/action/rotate_absolute__type_support.cpp.o[0m
[20.354s] [ 35%] [32mBuilding CXX object CMakeFiles/turtlesim_msgs__rosidl_typesupport_c.dir/rosidl_typesupport_c/turtlesim_msgs/srv/set_pen__type_support.cpp.o[0m
[20.354s] [ 35%] [32mBuilding CXX object CMakeFiles/turtlesim_msgs__rosidl_typesupport_c.dir/rosidl_typesupport_c/turtlesim_msgs/msg/color__type_support.cpp.o[0m
[20.355s] [ 36%] [32mBuilding CXX object CMakeFiles/turtlesim_msgs__rosidl_typesupport_c.dir/rosidl_typesupport_c/turtlesim_msgs/msg/pose__type_support.cpp.o[0m
[20.358s] [ 36%] [32mBuilding CXX object CMakeFiles/turtlesim_msgs__rosidl_typesupport_c.dir/rosidl_typesupport_c/turtlesim_msgs/srv/kill__type_support.cpp.o[0m
[20.368s] [ 37%] [32mBuilding CXX object CMakeFiles/turtlesim_msgs__rosidl_typesupport_c.dir/rosidl_typesupport_c/turtlesim_msgs/srv/spawn__type_support.cpp.o[0m
[20.427s] [ 38%] [32mBuilding CXX object CMakeFiles/turtlesim_msgs__rosidl_typesupport_cpp.dir/rosidl_typesupport_cpp/turtlesim_msgs/action/rotate_absolute__type_support.cpp.o[0m
[20.492s] [ 39%] [32mBuilding CXX object CMakeFiles/turtlesim_msgs__rosidl_typesupport_c.dir/rosidl_typesupport_c/turtlesim_msgs/srv/teleport_relative__type_support.cpp.o[0m
[20.495s] [ 40%] [32mBuilding CXX object CMakeFiles/turtlesim_msgs__rosidl_typesupport_cpp.dir/rosidl_typesupport_cpp/turtlesim_msgs/srv/kill__type_support.cpp.o[0m
[20.497s] [ 41%] [32mBuilding CXX object CMakeFiles/turtlesim_msgs__rosidl_typesupport_cpp.dir/rosidl_typesupport_cpp/turtlesim_msgs/msg/pose__type_support.cpp.o[0m
[20.498s] [ 42%] [32mBuilding CXX object CMakeFiles/turtlesim_msgs__rosidl_typesupport_c.dir/rosidl_typesupport_c/turtlesim_msgs/srv/teleport_absolute__type_support.cpp.o[0m
[20.535s] [ 43%] [32mBuilding CXX object CMakeFiles/turtlesim_msgs__rosidl_typesupport_cpp.dir/rosidl_typesupport_cpp/turtlesim_msgs/srv/set_pen__type_support.cpp.o[0m
[20.535s] [ 44%] [32mBuilding CXX object CMakeFiles/turtlesim_msgs__rosidl_typesupport_cpp.dir/rosidl_typesupport_cpp/turtlesim_msgs/msg/color__type_support.cpp.o[0m
[20.656s] [ 45%] [1m[32mLinking CXX shared library libturtlesim_msgs__rosidl_typesupport_c.so[0m
[20.855s] [ 45%] Built target turtlesim_msgs__rosidl_typesupport_c
[21.295s] [ 46%] [32mBuilding CXX object CMakeFiles/turtlesim_msgs__rosidl_typesupport_introspection_cpp.dir/rosidl_typesupport_introspection_cpp/turtlesim_msgs/action/detail/rotate_absolute__type_support.cpp.o[0m
[21.440s] [ 47%] [32mBuilding C object CMakeFiles/turtlesim_msgs__rosidl_typesupport_introspection_c.dir/rosidl_typesupport_introspection_c/turtlesim_msgs/action/detail/rotate_absolute__type_support.c.o[0m
[21.564s] [ 48%] [32mBuilding C object CMakeFiles/turtlesim_msgs__rosidl_typesupport_introspection_c.dir/rosidl_typesupport_introspection_c/turtlesim_msgs/msg/detail/color__type_support.c.o[0m
[21.582s] [ 50%] [32mBuilding C object CMakeFiles/turtlesim_msgs__rosidl_typesupport_introspection_c.dir/rosidl_typesupport_introspection_c/turtlesim_msgs/msg/detail/pose__type_support.c.o[0m
[21.583s] [ 50%] [32mBuilding CXX object CMakeFiles/turtlesim_msgs__rosidl_typesupport_cpp.dir/rosidl_typesupport_cpp/turtlesim_msgs/srv/teleport_absolute__type_support.cpp.o[0m
[21.608s] [ 51%] [32mBuilding C object CMakeFiles/turtlesim_msgs__rosidl_typesupport_introspection_c.dir/rosidl_typesupport_introspection_c/turtlesim_msgs/srv/detail/kill__type_support.c.o[0m
[21.731s] [ 52%] [32mBuilding C object CMakeFiles/turtlesim_msgs__rosidl_typesupport_introspection_c.dir/rosidl_typesupport_introspection_c/turtlesim_msgs/srv/detail/set_pen__type_support.c.o[0m
[21.735s] [ 52%] [32mBuilding C object CMakeFiles/turtlesim_msgs__rosidl_typesupport_introspection_c.dir/rosidl_typesupport_introspection_c/turtlesim_msgs/srv/detail/spawn__type_support.c.o[0m
[21.735s] [ 53%] [32mBuilding CXX object CMakeFiles/turtlesim_msgs__rosidl_typesupport_introspection_cpp.dir/rosidl_typesupport_introspection_cpp/turtlesim_msgs/msg/detail/color__type_support.cpp.o[0m
[21.764s] [ 54%] [32mBuilding C object CMakeFiles/turtlesim_msgs__rosidl_typesupport_introspection_c.dir/rosidl_typesupport_introspection_c/turtlesim_msgs/srv/detail/teleport_absolute__type_support.c.o[0m
[21.766s] [ 55%] [32mBuilding CXX object CMakeFiles/turtlesim_msgs__rosidl_typesupport_cpp.dir/rosidl_typesupport_cpp/turtlesim_msgs/srv/teleport_relative__type_support.cpp.o[0m
[21.869s] [ 56%] [32mBuilding C object CMakeFiles/turtlesim_msgs__rosidl_typesupport_introspection_c.dir/rosidl_typesupport_introspection_c/turtlesim_msgs/srv/detail/teleport_relative__type_support.c.o[0m
[21.876s] [ 57%] [32mBuilding CXX object CMakeFiles/turtlesim_msgs__rosidl_typesupport_introspection_cpp.dir/rosidl_typesupport_introspection_cpp/turtlesim_msgs/msg/detail/pose__type_support.cpp.o[0m
[21.913s] [ 58%] [32mBuilding CXX object CMakeFiles/turtlesim_msgs__rosidl_typesupport_introspection_cpp.dir/rosidl_typesupport_introspection_cpp/turtlesim_msgs/srv/detail/kill__type_support.cpp.o[0m
[22.015s] [ 59%] [1m[32mLinking C shared library libturtlesim_msgs__rosidl_typesupport_introspection_c.so[0m
[22.220s] [ 59%] Built target turtlesim_msgs__rosidl_typesupport_introspection_c
[22.261s] [ 61%] [32mBuilding CXX object CMakeFiles/turtlesim_msgs__rosidl_typesupport_introspection_cpp.dir/rosidl_typesupport_introspection_cpp/turtlesim_msgs/srv/detail/spawn__type_support.cpp.o[0m
[22.262s] [ 61%] [32mBuilding CXX object CMakeFiles/turtlesim_msgs__rosidl_typesupport_introspection_cpp.dir/rosidl_typesupport_introspection_cpp/turtlesim_msgs/srv/detail/set_pen__type_support.cpp.o[0m
[22.833s] [ 62%] [32mBuilding CXX object CMakeFiles/turtlesim_msgs__rosidl_typesupport_introspection_cpp.dir/rosidl_typesupport_introspection_cpp/turtlesim_msgs/srv/detail/teleport_absolute__type_support.cpp.o[0m
[22.920s] [ 63%] [32mBuilding CXX object CMakeFiles/turtlesim_msgs__rosidl_typesupport_introspection_cpp.dir/rosidl_typesupport_introspection_cpp/turtlesim_msgs/srv/detail/teleport_relative__type_support.cpp.o[0m
[22.981s] [ 64%] [32mBuilding CXX object CMakeFiles/turtlesim_msgs__rosidl_typesupport_cpp.dir/rosidl_typesupport_cpp/turtlesim_msgs/srv/spawn__type_support.cpp.o[0m
[23.063s] [ 65%] [32mBuilding CXX object CMakeFiles/turtlesim_msgs__rosidl_typesupport_fastrtps_c.dir/rosidl_typesupport_fastrtps_c/turtlesim_msgs/action/detail/rotate_absolute__type_support_c.cpp.o[0m
[23.108s] [ 66%] [32mBuilding CXX object CMakeFiles/turtlesim_msgs__rosidl_typesupport_fastrtps_c.dir/rosidl_typesupport_fastrtps_c/turtlesim_msgs/msg/detail/pose__type_support_c.cpp.o[0m
[23.268s] [ 67%] [32mBuilding CXX object CMakeFiles/turtlesim_msgs__rosidl_typesupport_fastrtps_c.dir/rosidl_typesupport_fastrtps_c/turtlesim_msgs/srv/detail/set_pen__type_support_c.cpp.o[0m
[23.268s] [ 67%] [32mBuilding CXX object CMakeFiles/turtlesim_msgs__rosidl_typesupport_fastrtps_c.dir/rosidl_typesupport_fastrtps_c/turtlesim_msgs/srv/detail/kill__type_support_c.cpp.o[0m
[23.576s] [ 68%] [32mBuilding CXX object CMakeFiles/turtlesim_msgs__rosidl_typesupport_fastrtps_c.dir/rosidl_typesupport_fastrtps_c/turtlesim_msgs/srv/detail/spawn__type_support_c.cpp.o[0m
[23.577s] [ 69%] [32mBuilding CXX object CMakeFiles/turtlesim_msgs__rosidl_typesupport_fastrtps_c.dir/rosidl_typesupport_fastrtps_c/turtlesim_msgs/msg/detail/color__type_support_c.cpp.o[0m
[24.092s] [ 70%] [32mBuilding CXX object CMakeFiles/turtlesim_msgs__rosidl_typesupport_fastrtps_c.dir/rosidl_typesupport_fastrtps_c/turtlesim_msgs/srv/detail/teleport_relative__type_support_c.cpp.o[0m
[24.232s] [ 71%] [1m[32mLinking CXX shared library libturtlesim_msgs__rosidl_typesupport_cpp.so[0m
[24.234s] [ 72%] [1m[32mLinking CXX shared library libturtlesim_msgs__rosidl_typesupport_introspection_cpp.so[0m
[24.365s] [ 73%] [32mBuilding CXX object CMakeFiles/turtlesim_msgs__rosidl_typesupport_fastrtps_c.dir/rosidl_typesupport_fastrtps_c/turtlesim_msgs/srv/detail/teleport_absolute__type_support_c.cpp.o[0m
[24.572s] [ 73%] Built target turtlesim_msgs__rosidl_typesupport_cpp
[24.582s] [ 73%] Built target turtlesim_msgs__rosidl_typesupport_introspection_cpp
[25.306s] [ 74%] [1m[32mLinking CXX shared library libturtlesim_msgs__rosidl_typesupport_fastrtps_c.so[0m
[25.487s] [ 74%] Built target turtlesim_msgs__rosidl_typesupport_fastrtps_c
[25.514s] [ 75%] [1m[34mGenerating C++ type support for eProsima Fast-RTPS[0m
[27.128s] [ 76%] [32mBuilding CXX object CMakeFiles/turtlesim_msgs__rosidl_typesupport_fastrtps_cpp.dir/rosidl_typesupport_fastrtps_cpp/turtlesim_msgs/msg/detail/dds_fastrtps/pose__type_support.cpp.o[0m
[27.129s] [ 78%] [32mBuilding CXX object CMakeFiles/turtlesim_msgs__rosidl_typesupport_fastrtps_cpp.dir/rosidl_typesupport_fastrtps_cpp/turtlesim_msgs/srv/detail/dds_fastrtps/teleport_relative__type_support.cpp.o[0m
[27.130s] [ 78%] [32mBuilding CXX object CMakeFiles/turtlesim_msgs__rosidl_typesupport_fastrtps_cpp.dir/rosidl_typesupport_fastrtps_cpp/turtlesim_msgs/srv/detail/dds_fastrtps/spawn__type_support.cpp.o[0m
[27.131s] [ 80%] [32mBuilding CXX object CMakeFiles/turtlesim_msgs__rosidl_typesupport_fastrtps_cpp.dir/rosidl_typesupport_fastrtps_cpp/turtlesim_msgs/msg/detail/dds_fastrtps/color__type_support.cpp.o[0m
[27.132s] [ 80%] [32mBuilding CXX object CMakeFiles/turtlesim_msgs__rosidl_typesupport_fastrtps_cpp.dir/rosidl_typesupport_fastrtps_cpp/turtlesim_msgs/action/detail/dds_fastrtps/rotate_absolute__type_support.cpp.o[0m
[27.132s] [ 81%] [32mBuilding CXX object CMakeFiles/turtlesim_msgs__rosidl_typesupport_fastrtps_cpp.dir/rosidl_typesupport_fastrtps_cpp/turtlesim_msgs/srv/detail/dds_fastrtps/teleport_absolute__type_support.cpp.o[0m
[27.133s] [ 83%] [32mBuilding CXX object CMakeFiles/turtlesim_msgs__rosidl_typesupport_fastrtps_cpp.dir/rosidl_typesupport_fastrtps_cpp/turtlesim_msgs/srv/detail/dds_fastrtps/kill__type_support.cpp.o[0m
[27.134s] [ 83%] [32mBuilding CXX object CMakeFiles/turtlesim_msgs__rosidl_typesupport_fastrtps_cpp.dir/rosidl_typesupport_fastrtps_cpp/turtlesim_msgs/srv/detail/dds_fastrtps/set_pen__type_support.cpp.o[0m
[29.178s] [ 84%] [1m[32mLinking CXX shared library libturtlesim_msgs__rosidl_typesupport_fastrtps_cpp.so[0m
[29.379s] [ 84%] Built target turtlesim_msgs__rosidl_typesupport_fastrtps_cpp
[29.432s] [ 84%] Built target turtlesim_msgs
[29.488s] [ 85%] [1m[34mGenerating Python code for ROS interfaces[0m
[32.333s] [ 85%] Built target turtlesim_msgs__py
[32.398s] [ 87%] [32mBuilding C object CMakeFiles/turtlesim_msgs__rosidl_generator_py.dir/rosidl_generator_py/turtlesim_msgs/srv/_set_pen_s.c.o[0m
[32.398s] [ 88%] [32mBuilding C object CMakeFiles/turtlesim_msgs__rosidl_generator_py.dir/rosidl_generator_py/turtlesim_msgs/srv/_spawn_s.c.o[0m
[32.399s] [ 88%] [32mBuilding C object CMakeFiles/turtlesim_msgs__rosidl_generator_py.dir/rosidl_generator_py/turtlesim_msgs/msg/_pose_s.c.o[0m
[32.399s] [ 89%] [32mBuilding C object CMakeFiles/turtlesim_msgs__rosidl_generator_py.dir/rosidl_generator_py/turtlesim_msgs/srv/_teleport_relative_s.c.o[0m
[32.400s] [ 90%] [32mBuilding C object CMakeFiles/turtlesim_msgs__rosidl_generator_py.dir/rosidl_generator_py/turtlesim_msgs/action/_rotate_absolute_s.c.o[0m
[32.403s] [ 91%] [32mBuilding C object CMakeFiles/turtlesim_msgs__rosidl_generator_py.dir/rosidl_generator_py/turtlesim_msgs/msg/_color_s.c.o[0m
[32.403s] [ 92%] [32mBuilding C object CMakeFiles/turtlesim_msgs__rosidl_generator_py.dir/rosidl_generator_py/turtlesim_msgs/srv/_kill_s.c.o[0m
[32.406s] [ 93%] [32mBuilding C object CMakeFiles/turtlesim_msgs__rosidl_generator_py.dir/rosidl_generator_py/turtlesim_msgs/srv/_teleport_absolute_s.c.o[0m
[32.441s] [ 93%] Built target ament_cmake_python_sync_turtlesim_msgs
[32.857s] [ 94%] [1m[32mLinking C shared library libturtlesim_msgs__rosidl_generator_py.so[0m
[33.018s] [ 94%] Built target turtlesim_msgs__rosidl_generator_py
[33.083s] [ 95%] [32mBuilding C object CMakeFiles/turtlesim_msgs_s__rosidl_typesupport_c.dir/rosidl_generator_py/turtlesim_msgs/_turtlesim_msgs_s.ep.rosidl_typesupport_c.c.o[0m
[33.083s] [ 96%] [32mBuilding C object CMakeFiles/turtlesim_msgs_s__rosidl_typesupport_fastrtps_c.dir/rosidl_generator_py/turtlesim_msgs/_turtlesim_msgs_s.ep.rosidl_typesupport_fastrtps_c.c.o[0m
[33.086s] [ 97%] [32mBuilding C object CMakeFiles/turtlesim_msgs_s__rosidl_typesupport_introspection_c.dir/rosidl_generator_py/turtlesim_msgs/_turtlesim_msgs_s.ep.rosidl_typesupport_introspection_c.c.o[0m
[33.365s] [ 98%] [1m[32mLinking C shared module rosidl_generator_py/turtlesim_msgs/turtlesim_msgs_s__rosidl_typesupport_introspection_c.so[0m
[33.380s] [ 99%] [1m[32mLinking C shared module rosidl_generator_py/turtlesim_msgs/turtlesim_msgs_s__rosidl_typesupport_c.so[0m
[33.399s] [100%] [1m[32mLinking C shared module rosidl_generator_py/turtlesim_msgs/turtlesim_msgs_s__rosidl_typesupport_fastrtps_c.so[0m
[33.530s] [100%] Built target turtlesim_msgs_s__rosidl_typesupport_introspection_c
[33.549s] [100%] Built target turtlesim_msgs_s__rosidl_typesupport_c
[33.559s] [100%] Built target turtlesim_msgs_s__rosidl_typesupport_fastrtps_c
[33.813s] running egg_info
[33.864s] creating turtlesim_msgs.egg-info
[33.865s] writing turtlesim_msgs.egg-info/PKG-INFO
[33.865s] writing dependency_links to turtlesim_msgs.egg-info/dependency_links.txt
[33.866s] writing top-level names to turtlesim_msgs.egg-info/top_level.txt
[33.866s] writing manifest file 'turtlesim_msgs.egg-info/SOURCES.txt'
[34.028s] reading manifest file 'turtlesim_msgs.egg-info/SOURCES.txt'
[34.028s] writing manifest file 'turtlesim_msgs.egg-info/SOURCES.txt'
[34.082s] [100%] Built target ament_cmake_python_build_turtlesim_msgs_egg
[34.109s] Invoked command in '/home/cjson/project/ROS_BEGINNING/build/turtlesim_msgs' returned '0': CMAKE_PREFIX_PATH=${CMAKE_PREFIX_PATH}:/opt/ros/lyrical:/home/cjson/ros2_lyrical/install/rqt_bag_plugins:/home/cjson/ros2_lyrical/install/launch_testing_examples:/home/cjson/ros2_lyrical/install/ros2bag:/home/cjson/ros2_lyrical/install/tracetools_test:/home/cjson/ros2_lyrical/install/tracetools_launch:/home/cjson/ros2_lyrical/install/topic_monitor:/home/cjson/ros2_lyrical/install/tf2_tools:/home/cjson/ros2_lyrical/install/examples_tf2_py:/home/cjson/ros2_lyrical/install/tf2_ros_py:/home/cjson/ros2_lyrical/install/sros2:/home/cjson/ros2_lyrical/install/rqt_topic:/home/cjson/ros2_lyrical/install/rqt_srv:/home/cjson/ros2_lyrical/install/rqt_shell:/home/cjson/ros2_lyrical/install/rqt_service_caller:/home/cjson/ros2_lyrical/install/rqt_reconfigure:/home/cjson/ros2_lyrical/install/rqt_py_console:/home/cjson/ros2_lyrical/install/rqt_publisher:/home/cjson/ros2_lyrical/install/rqt_plot:/home/cjson/ros2_lyrical/install/rqt_action:/home/cjson/ros2_lyrical/install/rqt_msg:/home/cjson/ros2_lyrical/install/rqt_console:/home/cjson/ros2_lyrical/install/rqt:/home/cjson/ros2_lyrical/install/rqt_graph:/home/cjson/ros2_lyrical/install/rqt_bag:/home/cjson/ros2_lyrical/install/rqt_gui_py:/home/cjson/ros2_lyrical/install/rqt_gui:/home/cjson/ros2_lyrical/install/rosbag2_examples_py:/home/cjson/ros2_lyrical/install/ros2trace:/home/cjson/ros2_lyrical/install/ros2topic:/home/cjson/ros2_lyrical/install/ros2test:/home/cjson/ros2_lyrical/install/ros2component:/home/cjson/ros2_lyrical/install/ros2param:/home/cjson/ros2_lyrical/install/ros2lifecycle:/home/cjson/ros2_lyrical/install/ros2service:/home/cjson/ros2_lyrical/install/ros2run:/home/cjson/ros2_lyrical/install/ros2plugin:/home/cjson/ros2_lyrical/install/ros2launch:/home/cjson/ros2_lyrical/install/ros2pkg:/home/cjson/ros2_lyrical/install/ros2node:/home/cjson/ros2_lyrical/install/ros2multicast:/home/cjson/ros2_lyrical/install/ros2interface:/home/cjson/ros2_lyrical/install/ros2doctor:/home/cjson/ros2_lyrical/install/ros2action:/home/cjson/ros2_lyrical/install/ros2cli:/home/cjson/ros2_lyrical/install/quality_of_service_demo_py:/home/cjson/ros2_lyrical/install/lifecycle_py:/home/cjson/ros2_lyrical/install/launch_testing_ros:/home/cjson/ros2_lyrical/install/launch_ros:/home/cjson/ros2_lyrical/install/examples_rclpy_pointcloud_publisher:/home/cjson/ros2_lyrical/install/examples_rclpy_minimal_subscriber:/home/cjson/ros2_lyrical/install/examples_rclpy_minimal_service:/home/cjson/ros2_lyrical/install/examples_rclpy_minimal_publisher:/home/cjson/ros2_lyrical/install/examples_rclpy_minimal_client:/home/cjson/ros2_lyrical/install/examples_rclpy_minimal_action_server:/home/cjson/ros2_lyrical/install/examples_rclpy_minimal_action_client:/home/cjson/ros2_lyrical/install/examples_rclpy_guard_conditions:/home/cjson/ros2_lyrical/install/examples_rclpy_executors:/home/cjson/ros2_lyrical/install/demo_nodes_py:/home/cjson/ros2_lyrical/install/camera_info_manager_py:/home/cjson/ros2_lyrical/install/action_tutorials_py:/home/cjson/ros2_lyrical/install/sensor_msgs_py:/home/cjson/ros2_lyrical/install/ament_uncrustify:/home/cjson/ros2_lyrical/install/tracetools_trace:/home/cjson/ros2_lyrical/install/tracetools_read:/home/cjson/ros2_lyrical/install/test_tracetools_launch:/home/cjson/ros2_lyrical/install/test_ros2trace:/home/cjson/ros2_lyrical/install/test_launch_ros:/home/cjson/ros2_lyrical/install/rpyutils:/home/cjson/ros2_lyrical/install/rosidl_runtime_py:/home/cjson/ros2_lyrical/install/rosidl_pycommon:/home/cjson/ros2_lyrical/install/rosidl_cli:/home/cjson/ros2_lyrical/install/qt_dotgraph:/home/cjson/ros2_lyrical/install/launch_pytest:/home/cjson/ros2_lyrical/install/launch_testing:/home/cjson/ros2_lyrical/install/launch_yaml:/home/cjson/ros2_lyrical/install/launch_xml:/home/cjson/ros2_lyrical/install/launch:/home/cjson/ros2_lyrical/install/domain_coordinator:/home/cjson/ros2_lyrical/install/ament_xmllint:/home/cjson/ros2_lyrical/install/ament_pyflakes:/home/cjson/ros2_lyrical/install/ament_pycodestyle:/home/cjson/ros2_lyrical/install/ament_pep257:/home/cjson/ros2_lyrical/install/ament_pclint:/home/cjson/ros2_lyrical/install/ament_package:/home/cjson/ros2_lyrical/install/ament_mypy:/home/cjson/ros2_lyrical/install/ament_lint_cmake:/home/cjson/ros2_lyrical/install/ament_flake8:/home/cjson/ros2_lyrical/install/ament_copyright:/home/cjson/ros2_lyrical/install/ament_lint:/home/cjson/ros2_lyrical/install/ament_index_python:/home/cjson/ros2_lyrical/install/ament_cpplint:/home/cjson/ros2_lyrical/install/ament_cppcheck:/home/cjson/ros2_lyrical/install/ament_clang_tidy:/home/cjson/ros2_lyrical/install/ament_clang_format /usr/bin/cmake --build /home/cjson/project/ROS_BEGINNING/build/turtlesim_msgs -- -j10 -l10
[34.133s] Invoking command in '/home/cjson/project/ROS_BEGINNING/build/turtlesim_msgs': CMAKE_PREFIX_PATH=${CMAKE_PREFIX_PATH}:/opt/ros/lyrical:/home/cjson/ros2_lyrical/install/rqt_bag_plugins:/home/cjson/ros2_lyrical/install/launch_testing_examples:/home/cjson/ros2_lyrical/install/ros2bag:/home/cjson/ros2_lyrical/install/tracetools_test:/home/cjson/ros2_lyrical/install/tracetools_launch:/home/cjson/ros2_lyrical/install/topic_monitor:/home/cjson/ros2_lyrical/install/tf2_tools:/home/cjson/ros2_lyrical/install/examples_tf2_py:/home/cjson/ros2_lyrical/install/tf2_ros_py:/home/cjson/ros2_lyrical/install/sros2:/home/cjson/ros2_lyrical/install/rqt_topic:/home/cjson/ros2_lyrical/install/rqt_srv:/home/cjson/ros2_lyrical/install/rqt_shell:/home/cjson/ros2_lyrical/install/rqt_service_caller:/home/cjson/ros2_lyrical/install/rqt_reconfigure:/home/cjson/ros2_lyrical/install/rqt_py_console:/home/cjson/ros2_lyrical/install/rqt_publisher:/home/cjson/ros2_lyrical/install/rqt_plot:/home/cjson/ros2_lyrical/install/rqt_action:/home/cjson/ros2_lyrical/install/rqt_msg:/home/cjson/ros2_lyrical/install/rqt_console:/home/cjson/ros2_lyrical/install/rqt:/home/cjson/ros2_lyrical/install/rqt_graph:/home/cjson/ros2_lyrical/install/rqt_bag:/home/cjson/ros2_lyrical/install/rqt_gui_py:/home/cjson/ros2_lyrical/install/rqt_gui:/home/cjson/ros2_lyrical/install/rosbag2_examples_py:/home/cjson/ros2_lyrical/install/ros2trace:/home/cjson/ros2_lyrical/install/ros2topic:/home/cjson/ros2_lyrical/install/ros2test:/home/cjson/ros2_lyrical/install/ros2component:/home/cjson/ros2_lyrical/install/ros2param:/home/cjson/ros2_lyrical/install/ros2lifecycle:/home/cjson/ros2_lyrical/install/ros2service:/home/cjson/ros2_lyrical/install/ros2run:/home/cjson/ros2_lyrical/install/ros2plugin:/home/cjson/ros2_lyrical/install/ros2launch:/home/cjson/ros2_lyrical/install/ros2pkg:/home/cjson/ros2_lyrical/install/ros2node:/home/cjson/ros2_lyrical/install/ros2multicast:/home/cjson/ros2_lyrical/install/ros2interface:/home/cjson/ros2_lyrical/install/ros2doctor:/home/cjson/ros2_lyrical/install/ros2action:/home/cjson/ros2_lyrical/install/ros2cli:/home/cjson/ros2_lyrical/install/quality_of_service_demo_py:/home/cjson/ros2_lyrical/install/lifecycle_py:/home/cjson/ros2_lyrical/install/launch_testing_ros:/home/cjson/ros2_lyrical/install/launch_ros:/home/cjson/ros2_lyrical/install/examples_rclpy_pointcloud_publisher:/home/cjson/ros2_lyrical/install/examples_rclpy_minimal_subscriber:/home/cjson/ros2_lyrical/install/examples_rclpy_minimal_service:/home/cjson/ros2_lyrical/install/examples_rclpy_minimal_publisher:/home/cjson/ros2_lyrical/install/examples_rclpy_minimal_client:/home/cjson/ros2_lyrical/install/examples_rclpy_minimal_action_server:/home/cjson/ros2_lyrical/install/examples_rclpy_minimal_action_client:/home/cjson/ros2_lyrical/install/examples_rclpy_guard_conditions:/home/cjson/ros2_lyrical/install/examples_rclpy_executors:/home/cjson/ros2_lyrical/install/demo_nodes_py:/home/cjson/ros2_lyrical/install/camera_info_manager_py:/home/cjson/ros2_lyrical/install/action_tutorials_py:/home/cjson/ros2_lyrical/install/sensor_msgs_py:/home/cjson/ros2_lyrical/install/ament_uncrustify:/home/cjson/ros2_lyrical/install/tracetools_trace:/home/cjson/ros2_lyrical/install/tracetools_read:/home/cjson/ros2_lyrical/install/test_tracetools_launch:/home/cjson/ros2_lyrical/install/test_ros2trace:/home/cjson/ros2_lyrical/install/test_launch_ros:/home/cjson/ros2_lyrical/install/rpyutils:/home/cjson/ros2_lyrical/install/rosidl_runtime_py:/home/cjson/ros2_lyrical/install/rosidl_pycommon:/home/cjson/ros2_lyrical/install/rosidl_cli:/home/cjson/ros2_lyrical/install/qt_dotgraph:/home/cjson/ros2_lyrical/install/launch_pytest:/home/cjson/ros2_lyrical/install/launch_testing:/home/cjson/ros2_lyrical/install/launch_yaml:/home/cjson/ros2_lyrical/install/launch_xml:/home/cjson/ros2_lyrical/install/launch:/home/cjson/ros2_lyrical/install/domain_coordinator:/home/cjson/ros2_lyrical/install/ament_xmllint:/home/cjson/ros2_lyrical/install/ament_pyflakes:/home/cjson/ros2_lyrical/install/ament_pycodestyle:/home/cjson/ros2_lyrical/install/ament_pep257:/home/cjson/ros2_lyrical/install/ament_pclint:/home/cjson/ros2_lyrical/install/ament_package:/home/cjson/ros2_lyrical/install/ament_mypy:/home/cjson/ros2_lyrical/install/ament_lint_cmake:/home/cjson/ros2_lyrical/install/ament_flake8:/home/cjson/ros2_lyrical/install/ament_copyright:/home/cjson/ros2_lyrical/install/ament_lint:/home/cjson/ros2_lyrical/install/ament_index_python:/home/cjson/ros2_lyrical/install/ament_cpplint:/home/cjson/ros2_lyrical/install/ament_cppcheck:/home/cjson/ros2_lyrical/install/ament_clang_tidy:/home/cjson/ros2_lyrical/install/ament_clang_format /usr/bin/cmake --install /home/cjson/project/ROS_BEGINNING/build/turtlesim_msgs
[34.153s] -- Install configuration: ""
[34.153s] -- Execute custom install script
[34.155s] -- Symlinking: /home/cjson/project/ROS_BEGINNING/install/turtlesim_msgs/share/ament_index/resource_index/rosidl_interfaces/turtlesim_msgs
[34.178s] -- Symlinking: /home/cjson/project/ROS_BEGINNING/install/turtlesim_msgs/share/turtlesim_msgs/action/RotateAbsolute.json
[34.202s] -- Symlinking: /home/cjson/project/ROS_BEGINNING/install/turtlesim_msgs/share/turtlesim_msgs/msg/Color.json
[34.224s] -- Symlinking: /home/cjson/project/ROS_BEGINNING/install/turtlesim_msgs/share/turtlesim_msgs/msg/Pose.json
[34.247s] -- Symlinking: /home/cjson/project/ROS_BEGINNING/install/turtlesim_msgs/share/turtlesim_msgs/srv/Kill.json
[34.270s] -- Symlinking: /home/cjson/project/ROS_BEGINNING/install/turtlesim_msgs/share/turtlesim_msgs/srv/SetPen.json
[34.296s] -- Symlinking: /home/cjson/project/ROS_BEGINNING/install/turtlesim_msgs/share/turtlesim_msgs/srv/Spawn.json
[34.319s] -- Symlinking: /home/cjson/project/ROS_BEGINNING/install/turtlesim_msgs/share/turtlesim_msgs/srv/TeleportAbsolute.json
[34.341s] -- Symlinking: /home/cjson/project/ROS_BEGINNING/install/turtlesim_msgs/share/turtlesim_msgs/srv/TeleportRelative.json
[34.366s] -- Symlinking: /home/cjson/project/ROS_BEGINNING/install/turtlesim_msgs/include/turtlesim_msgs/turtlesim_msgs/action/detail/rotate_absolute__functions.h
[34.389s] -- Symlinking: /home/cjson/project/ROS_BEGINNING/install/turtlesim_msgs/include/turtlesim_msgs/turtlesim_msgs/action/detail/rotate_absolute__struct.h
[34.412s] -- Symlinking: /home/cjson/project/ROS_BEGINNING/install/turtlesim_msgs/include/turtlesim_msgs/turtlesim_msgs/action/detail/rotate_absolute__type_support.h
[34.435s] -- Symlinking: /home/cjson/project/ROS_BEGINNING/install/turtlesim_msgs/include/turtlesim_msgs/turtlesim_msgs/action/rotate_absolute.h
[34.459s] -- Symlinking: /home/cjson/project/ROS_BEGINNING/install/turtlesim_msgs/include/turtlesim_msgs/turtlesim_msgs/msg/color.h
[34.485s] -- Symlinking: /home/cjson/project/ROS_BEGINNING/install/turtlesim_msgs/include/turtlesim_msgs/turtlesim_msgs/msg/detail/color__functions.h
[34.509s] -- Symlinking: /home/cjson/project/ROS_BEGINNING/install/turtlesim_msgs/include/turtlesim_msgs/turtlesim_msgs/msg/detail/color__struct.h
[34.533s] -- Symlinking: /home/cjson/project/ROS_BEGINNING/install/turtlesim_msgs/include/turtlesim_msgs/turtlesim_msgs/msg/detail/color__type_support.h
[34.556s] -- Symlinking: /home/cjson/project/ROS_BEGINNING/install/turtlesim_msgs/include/turtlesim_msgs/turtlesim_msgs/msg/detail/pose__functions.h
[34.582s] -- Symlinking: /home/cjson/project/ROS_BEGINNING/install/turtlesim_msgs/include/turtlesim_msgs/turtlesim_msgs/msg/detail/pose__struct.h
[34.606s] -- Symlinking: /home/cjson/project/ROS_BEGINNING/install/turtlesim_msgs/include/turtlesim_msgs/turtlesim_msgs/msg/detail/pose__type_support.h
[34.630s] -- Symlinking: /home/cjson/project/ROS_BEGINNING/install/turtlesim_msgs/include/turtlesim_msgs/turtlesim_msgs/msg/pose.h
[34.655s] -- Symlinking: /home/cjson/project/ROS_BEGINNING/install/turtlesim_msgs/include/turtlesim_msgs/turtlesim_msgs/msg/rosidl_generator_c__visibility_control.h
[34.680s] -- Symlinking: /home/cjson/project/ROS_BEGINNING/install/turtlesim_msgs/include/turtlesim_msgs/turtlesim_msgs/srv/detail/kill__functions.h
[34.704s] -- Symlinking: /home/cjson/project/ROS_BEGINNING/install/turtlesim_msgs/include/turtlesim_msgs/turtlesim_msgs/srv/detail/kill__struct.h
[34.728s] -- Symlinking: /home/cjson/project/ROS_BEGINNING/install/turtlesim_msgs/include/turtlesim_msgs/turtlesim_msgs/srv/detail/kill__type_support.h
[34.752s] -- Symlinking: /home/cjson/project/ROS_BEGINNING/install/turtlesim_msgs/include/turtlesim_msgs/turtlesim_msgs/srv/detail/set_pen__functions.h
[34.775s] -- Symlinking: /home/cjson/project/ROS_BEGINNING/install/turtlesim_msgs/include/turtlesim_msgs/turtlesim_msgs/srv/detail/set_pen__struct.h
[34.799s] -- Symlinking: /home/cjson/project/ROS_BEGINNING/install/turtlesim_msgs/include/turtlesim_msgs/turtlesim_msgs/srv/detail/set_pen__type_support.h
[34.825s] -- Symlinking: /home/cjson/project/ROS_BEGINNING/install/turtlesim_msgs/include/turtlesim_msgs/turtlesim_msgs/srv/detail/spawn__functions.h
[34.854s] -- Symlinking: /home/cjson/project/ROS_BEGINNING/install/turtlesim_msgs/include/turtlesim_msgs/turtlesim_msgs/srv/detail/spawn__struct.h
[34.877s] -- Symlinking: /home/cjson/project/ROS_BEGINNING/install/turtlesim_msgs/include/turtlesim_msgs/turtlesim_msgs/srv/detail/spawn__type_support.h
[34.905s] -- Symlinking: /home/cjson/project/ROS_BEGINNING/install/turtlesim_msgs/include/turtlesim_msgs/turtlesim_msgs/srv/detail/teleport_absolute__functions.h
[34.931s] -- Symlinking: /home/cjson/project/ROS_BEGINNING/install/turtlesim_msgs/include/turtlesim_msgs/turtlesim_msgs/srv/detail/teleport_absolute__struct.h
[34.958s] -- Symlinking: /home/cjson/project/ROS_BEGINNING/install/turtlesim_msgs/include/turtlesim_msgs/turtlesim_msgs/srv/detail/teleport_absolute__type_support.h
[34.986s] -- Symlinking: /home/cjson/project/ROS_BEGINNING/install/turtlesim_msgs/include/turtlesim_msgs/turtlesim_msgs/srv/detail/teleport_relative__functions.h
[35.009s] -- Symlinking: /home/cjson/project/ROS_BEGINNING/install/turtlesim_msgs/include/turtlesim_msgs/turtlesim_msgs/srv/detail/teleport_relative__struct.h
[35.032s] -- Symlinking: /home/cjson/project/ROS_BEGINNING/install/turtlesim_msgs/include/turtlesim_msgs/turtlesim_msgs/srv/detail/teleport_relative__type_support.h
[35.057s] -- Symlinking: /home/cjson/project/ROS_BEGINNING/install/turtlesim_msgs/include/turtlesim_msgs/turtlesim_msgs/srv/kill.h
[35.084s] -- Symlinking: /home/cjson/project/ROS_BEGINNING/install/turtlesim_msgs/include/turtlesim_msgs/turtlesim_msgs/srv/set_pen.h
[35.109s] -- Symlinking: /home/cjson/project/ROS_BEGINNING/install/turtlesim_msgs/include/turtlesim_msgs/turtlesim_msgs/srv/spawn.h
[35.133s] -- Symlinking: /home/cjson/project/ROS_BEGINNING/install/turtlesim_msgs/include/turtlesim_msgs/turtlesim_msgs/srv/teleport_absolute.h
[35.156s] -- Symlinking: /home/cjson/project/ROS_BEGINNING/install/turtlesim_msgs/include/turtlesim_msgs/turtlesim_msgs/srv/teleport_relative.h
[35.183s] -- Symlinking: /home/cjson/project/ROS_BEGINNING/install/turtlesim_msgs/share/turtlesim_msgs/environment/library_path.sh
[35.208s] -- Symlinking: /home/cjson/project/ROS_BEGINNING/install/turtlesim_msgs/share/turtlesim_msgs/environment/library_path.dsv
[35.238s] -- Symlinking: /home/cjson/project/ROS_BEGINNING/install/turtlesim_msgs/include/turtlesim_msgs/turtlesim_msgs/action/detail/rotate_absolute__rosidl_typesupport_fastrtps_c.h
[35.262s] -- Symlinking: /home/cjson/project/ROS_BEGINNING/install/turtlesim_msgs/include/turtlesim_msgs/turtlesim_msgs/msg/detail/color__rosidl_typesupport_fastrtps_c.h
[35.287s] -- Symlinking: /home/cjson/project/ROS_BEGINNING/install/turtlesim_msgs/include/turtlesim_msgs/turtlesim_msgs/msg/detail/pose__rosidl_typesupport_fastrtps_c.h
[35.317s] -- Symlinking: /home/cjson/project/ROS_BEGINNING/install/turtlesim_msgs/include/turtlesim_msgs/turtlesim_msgs/msg/rosidl_typesupport_fastrtps_c__visibility_control.h
[35.354s] -- Symlinking: /home/cjson/project/ROS_BEGINNING/install/turtlesim_msgs/include/turtlesim_msgs/turtlesim_msgs/srv/detail/kill__rosidl_typesupport_fastrtps_c.h
[35.382s] -- Symlinking: /home/cjson/project/ROS_BEGINNING/install/turtlesim_msgs/include/turtlesim_msgs/turtlesim_msgs/srv/detail/set_pen__rosidl_typesupport_fastrtps_c.h
[35.420s] -- Symlinking: /home/cjson/project/ROS_BEGINNING/install/turtlesim_msgs/include/turtlesim_msgs/turtlesim_msgs/srv/detail/spawn__rosidl_typesupport_fastrtps_c.h
[35.453s] -- Symlinking: /home/cjson/project/ROS_BEGINNING/install/turtlesim_msgs/include/turtlesim_msgs/turtlesim_msgs/srv/detail/teleport_absolute__rosidl_typesupport_fastrtps_c.h
[35.486s] -- Symlinking: /home/cjson/project/ROS_BEGINNING/install/turtlesim_msgs/include/turtlesim_msgs/turtlesim_msgs/srv/detail/teleport_relative__rosidl_typesupport_fastrtps_c.h
[35.521s] -- Symlinking: /home/cjson/project/ROS_BEGINNING/install/turtlesim_msgs/include/turtlesim_msgs/turtlesim_msgs/action/detail/rotate_absolute__builder.hpp
[35.553s] -- Symlinking: /home/cjson/project/ROS_BEGINNING/install/turtlesim_msgs/include/turtlesim_msgs/turtlesim_msgs/action/detail/rotate_absolute__struct.hpp
[35.584s] -- Symlinking: /home/cjson/project/ROS_BEGINNING/install/turtlesim_msgs/include/turtlesim_msgs/turtlesim_msgs/action/detail/rotate_absolute__traits.hpp
[35.612s] -- Symlinking: /home/cjson/project/ROS_BEGINNING/install/turtlesim_msgs/include/turtlesim_msgs/turtlesim_msgs/action/detail/rotate_absolute__type_support.hpp
[35.641s] -- Symlinking: /home/cjson/project/ROS_BEGINNING/install/turtlesim_msgs/include/turtlesim_msgs/turtlesim_msgs/action/rotate_absolute.hpp
[35.674s] -- Symlinking: /home/cjson/project/ROS_BEGINNING/install/turtlesim_msgs/include/turtlesim_msgs/turtlesim_msgs/msg/color.hpp
[35.708s] -- Symlinking: /home/cjson/project/ROS_BEGINNING/install/turtlesim_msgs/include/turtlesim_msgs/turtlesim_msgs/msg/detail/color__builder.hpp
[35.742s] -- Symlinking: /home/cjson/project/ROS_BEGINNING/install/turtlesim_msgs/include/turtlesim_msgs/turtlesim_msgs/msg/detail/color__struct.hpp
[35.774s] -- Symlinking: /home/cjson/project/ROS_BEGINNING/install/turtlesim_msgs/include/turtlesim_msgs/turtlesim_msgs/msg/detail/color__traits.hpp
[35.807s] -- Symlinking: /home/cjson/project/ROS_BEGINNING/install/turtlesim_msgs/include/turtlesim_msgs/turtlesim_msgs/msg/detail/color__type_support.hpp
[35.844s] -- Symlinking: /home/cjson/project/ROS_BEGINNING/install/turtlesim_msgs/include/turtlesim_msgs/turtlesim_msgs/msg/detail/pose__builder.hpp
[35.873s] -- Symlinking: /home/cjson/project/ROS_BEGINNING/install/turtlesim_msgs/include/turtlesim_msgs/turtlesim_msgs/msg/detail/pose__struct.hpp
[35.903s] -- Symlinking: /home/cjson/project/ROS_BEGINNING/install/turtlesim_msgs/include/turtlesim_msgs/turtlesim_msgs/msg/detail/pose__traits.hpp
[35.927s] -- Symlinking: /home/cjson/project/ROS_BEGINNING/install/turtlesim_msgs/include/turtlesim_msgs/turtlesim_msgs/msg/detail/pose__type_support.hpp
[35.950s] -- Symlinking: /home/cjson/project/ROS_BEGINNING/install/turtlesim_msgs/include/turtlesim_msgs/turtlesim_msgs/msg/pose.hpp
[35.975s] -- Symlinking: /home/cjson/project/ROS_BEGINNING/install/turtlesim_msgs/include/turtlesim_msgs/turtlesim_msgs/msg/rosidl_generator_cpp__visibility_control.hpp
[36.004s] -- Symlinking: /home/cjson/project/ROS_BEGINNING/install/turtlesim_msgs/include/turtlesim_msgs/turtlesim_msgs/srv/detail/kill__builder.hpp
[36.030s] -- Symlinking: /home/cjson/project/ROS_BEGINNING/install/turtlesim_msgs/include/turtlesim_msgs/turtlesim_msgs/srv/detail/kill__struct.hpp
[36.053s] -- Symlinking: /home/cjson/project/ROS_BEGINNING/install/turtlesim_msgs/include/turtlesim_msgs/turtlesim_msgs/srv/detail/kill__traits.hpp
[36.077s] -- Symlinking: /home/cjson/project/ROS_BEGINNING/install/turtlesim_msgs/include/turtlesim_msgs/turtlesim_msgs/srv/detail/kill__type_support.hpp
[36.110s] -- Symlinking: /home/cjson/project/ROS_BEGINNING/install/turtlesim_msgs/include/turtlesim_msgs/turtlesim_msgs/srv/detail/set_pen__builder.hpp
[36.135s] -- Symlinking: /home/cjson/project/ROS_BEGINNING/install/turtlesim_msgs/include/turtlesim_msgs/turtlesim_msgs/srv/detail/set_pen__struct.hpp
[36.164s] -- Symlinking: /home/cjson/project/ROS_BEGINNING/install/turtlesim_msgs/include/turtlesim_msgs/turtlesim_msgs/srv/detail/set_pen__traits.hpp
[36.190s] -- Symlinking: /home/cjson/project/ROS_BEGINNING/install/turtlesim_msgs/include/turtlesim_msgs/turtlesim_msgs/srv/detail/set_pen__type_support.hpp
[36.214s] -- Symlinking: /home/cjson/project/ROS_BEGINNING/install/turtlesim_msgs/include/turtlesim_msgs/turtlesim_msgs/srv/detail/spawn__builder.hpp
[36.239s] -- Symlinking: /home/cjson/project/ROS_BEGINNING/install/turtlesim_msgs/include/turtlesim_msgs/turtlesim_msgs/srv/detail/spawn__struct.hpp
[36.265s] -- Symlinking: /home/cjson/project/ROS_BEGINNING/install/turtlesim_msgs/include/turtlesim_msgs/turtlesim_msgs/srv/detail/spawn__traits.hpp
[36.294s] -- Symlinking: /home/cjson/project/ROS_BEGINNING/install/turtlesim_msgs/include/turtlesim_msgs/turtlesim_msgs/srv/detail/spawn__type_support.hpp
[36.320s] -- Symlinking: /home/cjson/project/ROS_BEGINNING/install/turtlesim_msgs/include/turtlesim_msgs/turtlesim_msgs/srv/detail/teleport_absolute__builder.hpp
[36.348s] -- Symlinking: /home/cjson/project/ROS_BEGINNING/install/turtlesim_msgs/include/turtlesim_msgs/turtlesim_msgs/srv/detail/teleport_absolute__struct.hpp
[36.372s] -- Symlinking: /home/cjson/project/ROS_BEGINNING/install/turtlesim_msgs/include/turtlesim_msgs/turtlesim_msgs/srv/detail/teleport_absolute__traits.hpp
[36.400s] -- Symlinking: /home/cjson/project/ROS_BEGINNING/install/turtlesim_msgs/include/turtlesim_msgs/turtlesim_msgs/srv/detail/teleport_absolute__type_support.hpp
[36.428s] -- Symlinking: /home/cjson/project/ROS_BEGINNING/install/turtlesim_msgs/include/turtlesim_msgs/turtlesim_msgs/srv/detail/teleport_relative__builder.hpp
[36.451s] -- Symlinking: /home/cjson/project/ROS_BEGINNING/install/turtlesim_msgs/include/turtlesim_msgs/turtlesim_msgs/srv/detail/teleport_relative__struct.hpp
[36.475s] -- Symlinking: /home/cjson/project/ROS_BEGINNING/install/turtlesim_msgs/include/turtlesim_msgs/turtlesim_msgs/srv/detail/teleport_relative__traits.hpp
[36.506s] -- Symlinking: /home/cjson/project/ROS_BEGINNING/install/turtlesim_msgs/include/turtlesim_msgs/turtlesim_msgs/srv/detail/teleport_relative__type_support.hpp
[36.535s] -- Symlinking: /home/cjson/project/ROS_BEGINNING/install/turtlesim_msgs/include/turtlesim_msgs/turtlesim_msgs/srv/kill.hpp
[36.561s] -- Symlinking: /home/cjson/project/ROS_BEGINNING/install/turtlesim_msgs/include/turtlesim_msgs/turtlesim_msgs/srv/set_pen.hpp
[36.589s] -- Symlinking: /home/cjson/project/ROS_BEGINNING/install/turtlesim_msgs/include/turtlesim_msgs/turtlesim_msgs/srv/spawn.hpp
[36.619s] -- Symlinking: /home/cjson/project/ROS_BEGINNING/install/turtlesim_msgs/include/turtlesim_msgs/turtlesim_msgs/srv/teleport_absolute.hpp
[36.642s] -- Symlinking: /home/cjson/project/ROS_BEGINNING/install/turtlesim_msgs/include/turtlesim_msgs/turtlesim_msgs/srv/teleport_relative.hpp
[36.670s] -- Symlinking: /home/cjson/project/ROS_BEGINNING/install/turtlesim_msgs/include/turtlesim_msgs/turtlesim_msgs/action/detail/rotate_absolute__rosidl_typesupport_fastrtps_cpp.hpp
[36.696s] -- Symlinking: /home/cjson/project/ROS_BEGINNING/install/turtlesim_msgs/include/turtlesim_msgs/turtlesim_msgs/msg/detail/color__rosidl_typesupport_fastrtps_cpp.hpp
[36.721s] -- Symlinking: /home/cjson/project/ROS_BEGINNING/install/turtlesim_msgs/include/turtlesim_msgs/turtlesim_msgs/msg/detail/pose__rosidl_typesupport_fastrtps_cpp.hpp
[36.747s] -- Symlinking: /home/cjson/project/ROS_BEGINNING/install/turtlesim_msgs/include/turtlesim_msgs/turtlesim_msgs/msg/rosidl_typesupport_fastrtps_cpp__visibility_control.h
[36.771s] -- Symlinking: /home/cjson/project/ROS_BEGINNING/install/turtlesim_msgs/include/turtlesim_msgs/turtlesim_msgs/srv/detail/kill__rosidl_typesupport_fastrtps_cpp.hpp
[36.796s] -- Symlinking: /home/cjson/project/ROS_BEGINNING/install/turtlesim_msgs/include/turtlesim_msgs/turtlesim_msgs/srv/detail/set_pen__rosidl_typesupport_fastrtps_cpp.hpp
[36.819s] -- Symlinking: /home/cjson/project/ROS_BEGINNING/install/turtlesim_msgs/include/turtlesim_msgs/turtlesim_msgs/srv/detail/spawn__rosidl_typesupport_fastrtps_cpp.hpp
[36.843s] -- Symlinking: /home/cjson/project/ROS_BEGINNING/install/turtlesim_msgs/include/turtlesim_msgs/turtlesim_msgs/srv/detail/teleport_absolute__rosidl_typesupport_fastrtps_cpp.hpp
[36.866s] -- Symlinking: /home/cjson/project/ROS_BEGINNING/install/turtlesim_msgs/include/turtlesim_msgs/turtlesim_msgs/srv/detail/teleport_relative__rosidl_typesupport_fastrtps_cpp.hpp
[36.893s] -- Symlinking: /home/cjson/project/ROS_BEGINNING/install/turtlesim_msgs/include/turtlesim_msgs/turtlesim_msgs/action/detail/rotate_absolute__rosidl_typesupport_introspection_c.h
[36.916s] -- Symlinking: /home/cjson/project/ROS_BEGINNING/install/turtlesim_msgs/include/turtlesim_msgs/turtlesim_msgs/msg/detail/color__rosidl_typesupport_introspection_c.h
[36.939s] -- Symlinking: /home/cjson/project/ROS_BEGINNING/install/turtlesim_msgs/include/turtlesim_msgs/turtlesim_msgs/msg/detail/pose__rosidl_typesupport_introspection_c.h
[36.963s] -- Symlinking: /home/cjson/project/ROS_BEGINNING/install/turtlesim_msgs/include/turtlesim_msgs/turtlesim_msgs/msg/rosidl_typesupport_introspection_c__visibility_control.h
[36.988s] -- Symlinking: /home/cjson/project/ROS_BEGINNING/install/turtlesim_msgs/include/turtlesim_msgs/turtlesim_msgs/srv/detail/kill__rosidl_typesupport_introspection_c.h
[37.012s] -- Symlinking: /home/cjson/project/ROS_BEGINNING/install/turtlesim_msgs/include/turtlesim_msgs/turtlesim_msgs/srv/detail/set_pen__rosidl_typesupport_introspection_c.h
[37.035s] -- Symlinking: /home/cjson/project/ROS_BEGINNING/install/turtlesim_msgs/include/turtlesim_msgs/turtlesim_msgs/srv/detail/spawn__rosidl_typesupport_introspection_c.h
[37.058s] -- Symlinking: /home/cjson/project/ROS_BEGINNING/install/turtlesim_msgs/include/turtlesim_msgs/turtlesim_msgs/srv/detail/teleport_absolute__rosidl_typesupport_introspection_c.h
[37.091s] -- Symlinking: /home/cjson/project/ROS_BEGINNING/install/turtlesim_msgs/include/turtlesim_msgs/turtlesim_msgs/srv/detail/teleport_relative__rosidl_typesupport_introspection_c.h
[37.115s] -- Symlinking: /home/cjson/project/ROS_BEGINNING/install/turtlesim_msgs/include/turtlesim_msgs/turtlesim_msgs/action/detail/rotate_absolute__rosidl_typesupport_introspection_cpp.hpp
[37.138s] -- Symlinking: /home/cjson/project/ROS_BEGINNING/install/turtlesim_msgs/include/turtlesim_msgs/turtlesim_msgs/msg/detail/color__rosidl_typesupport_introspection_cpp.hpp
[37.163s] -- Symlinking: /home/cjson/project/ROS_BEGINNING/install/turtlesim_msgs/include/turtlesim_msgs/turtlesim_msgs/msg/detail/pose__rosidl_typesupport_introspection_cpp.hpp
[37.188s] -- Symlinking: /home/cjson/project/ROS_BEGINNING/install/turtlesim_msgs/include/turtlesim_msgs/turtlesim_msgs/srv/detail/kill__rosidl_typesupport_introspection_cpp.hpp
[37.213s] -- Symlinking: /home/cjson/project/ROS_BEGINNING/install/turtlesim_msgs/include/turtlesim_msgs/turtlesim_msgs/srv/detail/set_pen__rosidl_typesupport_introspection_cpp.hpp
[37.237s] -- Symlinking: /home/cjson/project/ROS_BEGINNING/install/turtlesim_msgs/include/turtlesim_msgs/turtlesim_msgs/srv/detail/spawn__rosidl_typesupport_introspection_cpp.hpp
[37.260s] -- Symlinking: /home/cjson/project/ROS_BEGINNING/install/turtlesim_msgs/include/turtlesim_msgs/turtlesim_msgs/srv/detail/teleport_absolute__rosidl_typesupport_introspection_cpp.hpp
[37.292s] -- Symlinking: /home/cjson/project/ROS_BEGINNING/install/turtlesim_msgs/include/turtlesim_msgs/turtlesim_msgs/srv/detail/teleport_relative__rosidl_typesupport_introspection_cpp.hpp
[37.319s] -- Symlinking: /home/cjson/project/ROS_BEGINNING/install/turtlesim_msgs/share/turtlesim_msgs/environment/pythonpath.sh
[37.343s] -- Symlinking: /home/cjson/project/ROS_BEGINNING/install/turtlesim_msgs/share/turtlesim_msgs/environment/pythonpath.dsv
[37.368s] -- Symlinking: /home/cjson/project/ROS_BEGINNING/install/turtlesim_msgs/lib/python3.14/site-packages/turtlesim_msgs/turtlesim_msgs_s__rosidl_typesupport_fastrtps_c.so
[37.395s] -- Symlinking: /home/cjson/project/ROS_BEGINNING/install/turtlesim_msgs/lib/python3.14/site-packages/turtlesim_msgs/turtlesim_msgs_s__rosidl_typesupport_introspection_c.so
[37.422s] -- Symlinking: /home/cjson/project/ROS_BEGINNING/install/turtlesim_msgs/lib/python3.14/site-packages/turtlesim_msgs/turtlesim_msgs_s__rosidl_typesupport_c.so
[37.448s] -- Symlinking: /home/cjson/project/ROS_BEGINNING/install/turtlesim_msgs/share/ament_index/resource_index/rust_packages/turtlesim_msgs
[37.477s] -- Symlinking: /home/cjson/project/ROS_BEGINNING/install/turtlesim_msgs/share/turtlesim_msgs/rust/Cargo.toml
[37.504s] -- Symlinking: /home/cjson/project/ROS_BEGINNING/install/turtlesim_msgs/share/turtlesim_msgs/rust/build.rs
[37.528s] -- Symlinking: /home/cjson/project/ROS_BEGINNING/install/turtlesim_msgs/share/turtlesim_msgs/rust/src/action.rs
[37.553s] -- Symlinking: /home/cjson/project/ROS_BEGINNING/install/turtlesim_msgs/share/turtlesim_msgs/rust/src/action/rmw.rs
[37.580s] -- Symlinking: /home/cjson/project/ROS_BEGINNING/install/turtlesim_msgs/share/turtlesim_msgs/rust/src/lib.rs
[37.606s] -- Symlinking: /home/cjson/project/ROS_BEGINNING/install/turtlesim_msgs/share/turtlesim_msgs/rust/src/msg.rs
[37.629s] -- Symlinking: /home/cjson/project/ROS_BEGINNING/install/turtlesim_msgs/share/turtlesim_msgs/rust/src/msg/rmw.rs
[37.653s] -- Symlinking: /home/cjson/project/ROS_BEGINNING/install/turtlesim_msgs/share/turtlesim_msgs/rust/src/srv.rs
[37.677s] -- Symlinking: /home/cjson/project/ROS_BEGINNING/install/turtlesim_msgs/share/turtlesim_msgs/rust/src/srv/rmw.rs
[37.704s] -- Symlinking: /home/cjson/project/ROS_BEGINNING/install/turtlesim_msgs/share/turtlesim_msgs/action/RotateAbsolute.idl
[37.729s] -- Symlinking: /home/cjson/project/ROS_BEGINNING/install/turtlesim_msgs/share/turtlesim_msgs/msg/Color.idl
[37.753s] -- Symlinking: /home/cjson/project/ROS_BEGINNING/install/turtlesim_msgs/share/turtlesim_msgs/msg/Pose.idl
[37.777s] -- Symlinking: /home/cjson/project/ROS_BEGINNING/install/turtlesim_msgs/share/turtlesim_msgs/srv/Kill.idl
[37.801s] -- Symlinking: /home/cjson/project/ROS_BEGINNING/install/turtlesim_msgs/share/turtlesim_msgs/srv/SetPen.idl
[37.824s] -- Symlinking: /home/cjson/project/ROS_BEGINNING/install/turtlesim_msgs/share/turtlesim_msgs/srv/Spawn.idl
[37.852s] -- Symlinking: /home/cjson/project/ROS_BEGINNING/install/turtlesim_msgs/share/turtlesim_msgs/srv/TeleportAbsolute.idl
[37.885s] -- Symlinking: /home/cjson/project/ROS_BEGINNING/install/turtlesim_msgs/share/turtlesim_msgs/srv/TeleportRelative.idl
[37.925s] -- Symlinking: /home/cjson/project/ROS_BEGINNING/install/turtlesim_msgs/share/turtlesim_msgs/action/RotateAbsolute.action
[37.970s] -- Symlinking: /home/cjson/project/ROS_BEGINNING/install/turtlesim_msgs/share/turtlesim_msgs/msg/Color.msg
[38.012s] -- Symlinking: /home/cjson/project/ROS_BEGINNING/install/turtlesim_msgs/share/turtlesim_msgs/msg/Pose.msg
[38.042s] -- Symlinking: /home/cjson/project/ROS_BEGINNING/install/turtlesim_msgs/share/turtlesim_msgs/srv/Kill.srv
[38.066s] -- Symlinking: /home/cjson/project/ROS_BEGINNING/install/turtlesim_msgs/share/turtlesim_msgs/srv/SetPen.srv
[38.094s] -- Symlinking: /home/cjson/project/ROS_BEGINNING/install/turtlesim_msgs/share/turtlesim_msgs/srv/Spawn.srv
[38.122s] -- Symlinking: /home/cjson/project/ROS_BEGINNING/install/turtlesim_msgs/share/turtlesim_msgs/srv/TeleportAbsolute.srv
[38.148s] -- Symlinking: /home/cjson/project/ROS_BEGINNING/install/turtlesim_msgs/share/turtlesim_msgs/srv/TeleportRelative.srv
[38.173s] -- Symlinking: /home/cjson/project/ROS_BEGINNING/install/turtlesim_msgs/share/ament_index/resource_index/package_run_dependencies/turtlesim_msgs
[38.198s] -- Symlinking: /home/cjson/project/ROS_BEGINNING/install/turtlesim_msgs/share/ament_index/resource_index/parent_prefix_path/turtlesim_msgs
[38.222s] -- Symlinking: /home/cjson/project/ROS_BEGINNING/install/turtlesim_msgs/share/turtlesim_msgs/environment/ament_prefix_path.sh
[38.251s] -- Symlinking: /home/cjson/project/ROS_BEGINNING/install/turtlesim_msgs/share/turtlesim_msgs/environment/ament_prefix_path.dsv
[38.279s] -- Symlinking: /home/cjson/project/ROS_BEGINNING/install/turtlesim_msgs/share/turtlesim_msgs/environment/path.sh
[38.305s] -- Symlinking: /home/cjson/project/ROS_BEGINNING/install/turtlesim_msgs/share/turtlesim_msgs/environment/path.dsv
[38.329s] -- Symlinking: /home/cjson/project/ROS_BEGINNING/install/turtlesim_msgs/share/turtlesim_msgs/local_setup.bash
[38.352s] -- Symlinking: /home/cjson/project/ROS_BEGINNING/install/turtlesim_msgs/share/turtlesim_msgs/local_setup.fish
[38.380s] -- Symlinking: /home/cjson/project/ROS_BEGINNING/install/turtlesim_msgs/share/turtlesim_msgs/local_setup.sh
[38.408s] -- Symlinking: /home/cjson/project/ROS_BEGINNING/install/turtlesim_msgs/share/turtlesim_msgs/local_setup.zsh
[38.434s] -- Symlinking: /home/cjson/project/ROS_BEGINNING/install/turtlesim_msgs/share/turtlesim_msgs/local_setup.dsv
[38.462s] -- Symlinking: /home/cjson/project/ROS_BEGINNING/install/turtlesim_msgs/share/turtlesim_msgs/package.dsv
[38.487s] -- Symlinking: /home/cjson/project/ROS_BEGINNING/install/turtlesim_msgs/share/ament_index/resource_index/packages/turtlesim_msgs
[38.511s] -- Symlinking: /home/cjson/project/ROS_BEGINNING/install/turtlesim_msgs/lib/python3.14/site-packages/turtlesim_msgs-1.10.9-py3.14.egg-info/PKG-INFO
[38.534s] -- Symlinking: /home/cjson/project/ROS_BEGINNING/install/turtlesim_msgs/lib/python3.14/site-packages/turtlesim_msgs-1.10.9-py3.14.egg-info/SOURCES.txt
[38.564s] -- Symlinking: /home/cjson/project/ROS_BEGINNING/install/turtlesim_msgs/lib/python3.14/site-packages/turtlesim_msgs-1.10.9-py3.14.egg-info/dependency_links.txt
[38.592s] -- Symlinking: /home/cjson/project/ROS_BEGINNING/install/turtlesim_msgs/lib/python3.14/site-packages/turtlesim_msgs-1.10.9-py3.14.egg-info/top_level.txt
[38.617s] -- Symlinking: /home/cjson/project/ROS_BEGINNING/install/turtlesim_msgs/lib/python3.14/site-packages/turtlesim_msgs/__init__.py
[38.640s] -- Symlinking: /home/cjson/project/ROS_BEGINNING/install/turtlesim_msgs/lib/python3.14/site-packages/turtlesim_msgs/_turtlesim_msgs_s.ep.rosidl_typesupport_c.c
[38.671s] -- Symlinking: /home/cjson/project/ROS_BEGINNING/install/turtlesim_msgs/lib/python3.14/site-packages/turtlesim_msgs/_turtlesim_msgs_s.ep.rosidl_typesupport_fastrtps_c.c
[38.695s] -- Symlinking: /home/cjson/project/ROS_BEGINNING/install/turtlesim_msgs/lib/python3.14/site-packages/turtlesim_msgs/_turtlesim_msgs_s.ep.rosidl_typesupport_introspection_c.c
[38.721s] -- Symlinking: /home/cjson/project/ROS_BEGINNING/install/turtlesim_msgs/lib/python3.14/site-packages/turtlesim_msgs/action/__init__.py
[38.752s] -- Symlinking: /home/cjson/project/ROS_BEGINNING/install/turtlesim_msgs/lib/python3.14/site-packages/turtlesim_msgs/action/_rotate_absolute.py
[38.777s] -- Symlinking: /home/cjson/project/ROS_BEGINNING/install/turtlesim_msgs/lib/python3.14/site-packages/turtlesim_msgs/action/_rotate_absolute_s.c
[38.802s] -- Symlinking: /home/cjson/project/ROS_BEGINNING/install/turtlesim_msgs/lib/python3.14/site-packages/turtlesim_msgs/msg/__init__.py
[38.826s] -- Symlinking: /home/cjson/project/ROS_BEGINNING/install/turtlesim_msgs/lib/python3.14/site-packages/turtlesim_msgs/msg/_color.py
[38.853s] -- Symlinking: /home/cjson/project/ROS_BEGINNING/install/turtlesim_msgs/lib/python3.14/site-packages/turtlesim_msgs/msg/_color_s.c
[38.880s] -- Symlinking: /home/cjson/project/ROS_BEGINNING/install/turtlesim_msgs/lib/python3.14/site-packages/turtlesim_msgs/msg/_pose.py
[38.906s] -- Symlinking: /home/cjson/project/ROS_BEGINNING/install/turtlesim_msgs/lib/python3.14/site-packages/turtlesim_msgs/msg/_pose_s.c
[38.936s] -- Symlinking: /home/cjson/project/ROS_BEGINNING/install/turtlesim_msgs/lib/python3.14/site-packages/turtlesim_msgs/py.typed
[38.971s] -- Symlinking: /home/cjson/project/ROS_BEGINNING/install/turtlesim_msgs/lib/python3.14/site-packages/turtlesim_msgs/srv/__init__.py
[38.997s] -- Symlinking: /home/cjson/project/ROS_BEGINNING/install/turtlesim_msgs/lib/python3.14/site-packages/turtlesim_msgs/srv/_kill.py
[39.035s] -- Symlinking: /home/cjson/project/ROS_BEGINNING/install/turtlesim_msgs/lib/python3.14/site-packages/turtlesim_msgs/srv/_kill_s.c
[39.062s] -- Symlinking: /home/cjson/project/ROS_BEGINNING/install/turtlesim_msgs/lib/python3.14/site-packages/turtlesim_msgs/srv/_set_pen.py
[39.087s] -- Symlinking: /home/cjson/project/ROS_BEGINNING/install/turtlesim_msgs/lib/python3.14/site-packages/turtlesim_msgs/srv/_set_pen_s.c
[39.115s] -- Symlinking: /home/cjson/project/ROS_BEGINNING/install/turtlesim_msgs/lib/python3.14/site-packages/turtlesim_msgs/srv/_spawn.py
[39.142s] -- Symlinking: /home/cjson/project/ROS_BEGINNING/install/turtlesim_msgs/lib/python3.14/site-packages/turtlesim_msgs/srv/_spawn_s.c
[39.167s] -- Symlinking: /home/cjson/project/ROS_BEGINNING/install/turtlesim_msgs/lib/python3.14/site-packages/turtlesim_msgs/srv/_teleport_absolute.py
[39.193s] -- Symlinking: /home/cjson/project/ROS_BEGINNING/install/turtlesim_msgs/lib/python3.14/site-packages/turtlesim_msgs/srv/_teleport_absolute_s.c
[39.217s] -- Symlinking: /home/cjson/project/ROS_BEGINNING/install/turtlesim_msgs/lib/python3.14/site-packages/turtlesim_msgs/srv/_teleport_relative.py
[39.240s] -- Symlinking: /home/cjson/project/ROS_BEGINNING/install/turtlesim_msgs/lib/python3.14/site-packages/turtlesim_msgs/srv/_teleport_relative_s.c
[39.266s] -- Up-to-date symlink: /home/cjson/project/ROS_BEGINNING/install/turtlesim_msgs/lib/python3.14/site-packages/turtlesim_msgs/turtlesim_msgs_s__rosidl_typesupport_c.so
[39.267s] -- Up-to-date symlink: /home/cjson/project/ROS_BEGINNING/install/turtlesim_msgs/lib/python3.14/site-packages/turtlesim_msgs/turtlesim_msgs_s__rosidl_typesupport_fastrtps_c.so
[39.267s] -- Up-to-date symlink: /home/cjson/project/ROS_BEGINNING/install/turtlesim_msgs/lib/python3.14/site-packages/turtlesim_msgs/turtlesim_msgs_s__rosidl_typesupport_introspection_c.so
[39.268s] -- Symlinking: /home/cjson/project/ROS_BEGINNING/install/turtlesim_msgs/share/turtlesim_msgs/cmake/rosidl_cmake-extras.cmake
[39.296s] -- Symlinking: /home/cjson/project/ROS_BEGINNING/install/turtlesim_msgs/share/turtlesim_msgs/cmake/ament_cmake_export_dependencies-extras.cmake
[39.323s] -- Symlinking: /home/cjson/project/ROS_BEGINNING/install/turtlesim_msgs/share/turtlesim_msgs/cmake/ament_cmake_export_include_directories-extras.cmake
[39.353s] -- Symlinking: /home/cjson/project/ROS_BEGINNING/install/turtlesim_msgs/share/turtlesim_msgs/cmake/ament_cmake_export_libraries-extras.cmake
[39.381s] -- Symlinking: /home/cjson/project/ROS_BEGINNING/install/turtlesim_msgs/share/turtlesim_msgs/cmake/ament_cmake_export_targets-extras.cmake
[39.406s] -- Symlinking: /home/cjson/project/ROS_BEGINNING/install/turtlesim_msgs/share/turtlesim_msgs/cmake/rosidl_cmake_export_typesupport_targets-extras.cmake
[39.430s] -- Symlinking: /home/cjson/project/ROS_BEGINNING/install/turtlesim_msgs/share/turtlesim_msgs/cmake/rosidl_cmake_export_typesupport_libraries-extras.cmake
[39.455s] -- Symlinking: /home/cjson/project/ROS_BEGINNING/install/turtlesim_msgs/share/turtlesim_msgs/cmake/rosidl_cmake_aggregate_target-extras.cmake
[39.479s] -- Symlinking: /home/cjson/project/ROS_BEGINNING/install/turtlesim_msgs/share/turtlesim_msgs/cmake/turtlesim_msgsConfig.cmake
[39.507s] -- Symlinking: /home/cjson/project/ROS_BEGINNING/install/turtlesim_msgs/share/turtlesim_msgs/cmake/turtlesim_msgsConfig-version.cmake
[39.531s] -- Symlinking: /home/cjson/project/ROS_BEGINNING/install/turtlesim_msgs/share/turtlesim_msgs/package.xml
[39.553s] -- Installing: /home/cjson/project/ROS_BEGINNING/install/turtlesim_msgs/lib/libturtlesim_msgs__rosidl_generator_c.so
[39.553s] -- Set non-toolchain portion of runtime path of "/home/cjson/project/ROS_BEGINNING/install/turtlesim_msgs/lib/libturtlesim_msgs__rosidl_generator_c.so" to ""
[39.554s] -- Installing: /home/cjson/project/ROS_BEGINNING/install/turtlesim_msgs/lib/libturtlesim_msgs__rosidl_typesupport_fastrtps_c.so
[39.554s] -- Set non-toolchain portion of runtime path of "/home/cjson/project/ROS_BEGINNING/install/turtlesim_msgs/lib/libturtlesim_msgs__rosidl_typesupport_fastrtps_c.so" to ""
[39.554s] -- Installing: /home/cjson/project/ROS_BEGINNING/install/turtlesim_msgs/lib/libturtlesim_msgs__rosidl_typesupport_fastrtps_cpp.so
[39.556s] -- Set non-toolchain portion of runtime path of "/home/cjson/project/ROS_BEGINNING/install/turtlesim_msgs/lib/libturtlesim_msgs__rosidl_typesupport_fastrtps_cpp.so" to ""
[39.556s] -- Installing: /home/cjson/project/ROS_BEGINNING/install/turtlesim_msgs/lib/libturtlesim_msgs__rosidl_typesupport_introspection_c.so
[39.556s] -- Set non-toolchain portion of runtime path of "/home/cjson/project/ROS_BEGINNING/install/turtlesim_msgs/lib/libturtlesim_msgs__rosidl_typesupport_introspection_c.so" to ""
[39.557s] -- Installing: /home/cjson/project/ROS_BEGINNING/install/turtlesim_msgs/lib/libturtlesim_msgs__rosidl_typesupport_c.so
[39.557s] -- Set non-toolchain portion of runtime path of "/home/cjson/project/ROS_BEGINNING/install/turtlesim_msgs/lib/libturtlesim_msgs__rosidl_typesupport_c.so" to ""
[39.557s] -- Installing: /home/cjson/project/ROS_BEGINNING/install/turtlesim_msgs/lib/libturtlesim_msgs__rosidl_typesupport_introspection_cpp.so
[39.558s] -- Set non-toolchain portion of runtime path of "/home/cjson/project/ROS_BEGINNING/install/turtlesim_msgs/lib/libturtlesim_msgs__rosidl_typesupport_introspection_cpp.so" to ""
[39.558s] -- Installing: /home/cjson/project/ROS_BEGINNING/install/turtlesim_msgs/lib/libturtlesim_msgs__rosidl_typesupport_cpp.so
[39.559s] -- Set non-toolchain portion of runtime path of "/home/cjson/project/ROS_BEGINNING/install/turtlesim_msgs/lib/libturtlesim_msgs__rosidl_typesupport_cpp.so" to ""
[39.559s] -- Installing: /home/cjson/project/ROS_BEGINNING/install/turtlesim_msgs/lib/libturtlesim_msgs__rosidl_generator_py.so
[39.563s] -- Set non-toolchain portion of runtime path of "/home/cjson/project/ROS_BEGINNING/install/turtlesim_msgs/lib/libturtlesim_msgs__rosidl_generator_py.so" to ""
[39.563s] -- Installing: /home/cjson/project/ROS_BEGINNING/install/turtlesim_msgs/share/turtlesim_msgs/cmake/export_turtlesim_msgs__rosidl_generator_cExport.cmake
[39.564s] -- Installing: /home/cjson/project/ROS_BEGINNING/install/turtlesim_msgs/share/turtlesim_msgs/cmake/export_turtlesim_msgs__rosidl_generator_cExport-noconfig.cmake
[39.564s] -- Installing: /home/cjson/project/ROS_BEGINNING/install/turtlesim_msgs/share/turtlesim_msgs/cmake/export_turtlesim_msgs__rosidl_typesupport_fastrtps_cExport.cmake
[39.564s] -- Installing: /home/cjson/project/ROS_BEGINNING/install/turtlesim_msgs/share/turtlesim_msgs/cmake/export_turtlesim_msgs__rosidl_typesupport_fastrtps_cExport-noconfig.cmake
[39.565s] -- Installing: /home/cjson/project/ROS_BEGINNING/install/turtlesim_msgs/share/turtlesim_msgs/cmake/export_turtlesim_msgs__rosidl_generator_cppExport.cmake
[39.565s] -- Installing: /home/cjson/project/ROS_BEGINNING/install/turtlesim_msgs/share/turtlesim_msgs/cmake/export_turtlesim_msgs__rosidl_typesupport_fastrtps_cppExport.cmake
[39.566s] -- Installing: /home/cjson/project/ROS_BEGINNING/install/turtlesim_msgs/share/turtlesim_msgs/cmake/export_turtlesim_msgs__rosidl_typesupport_fastrtps_cppExport-noconfig.cmake
[39.566s] -- Installing: /home/cjson/project/ROS_BEGINNING/install/turtlesim_msgs/share/turtlesim_msgs/cmake/turtlesim_msgs__rosidl_typesupport_introspection_cExport.cmake
[39.567s] -- Installing: /home/cjson/project/ROS_BEGINNING/install/turtlesim_msgs/share/turtlesim_msgs/cmake/turtlesim_msgs__rosidl_typesupport_introspection_cExport-noconfig.cmake
[39.567s] -- Installing: /home/cjson/project/ROS_BEGINNING/install/turtlesim_msgs/share/turtlesim_msgs/cmake/turtlesim_msgs__rosidl_typesupport_cExport.cmake
[39.567s] -- Installing: /home/cjson/project/ROS_BEGINNING/install/turtlesim_msgs/share/turtlesim_msgs/cmake/turtlesim_msgs__rosidl_typesupport_cExport-noconfig.cmake
[39.568s] -- Installing: /home/cjson/project/ROS_BEGINNING/install/turtlesim_msgs/share/turtlesim_msgs/cmake/turtlesim_msgs__rosidl_typesupport_introspection_cppExport.cmake
[39.568s] -- Installing: /home/cjson/project/ROS_BEGINNING/install/turtlesim_msgs/share/turtlesim_msgs/cmake/turtlesim_msgs__rosidl_typesupport_introspection_cppExport-noconfig.cmake
[39.568s] -- Installing: /home/cjson/project/ROS_BEGINNING/install/turtlesim_msgs/share/turtlesim_msgs/cmake/turtlesim_msgs__rosidl_typesupport_cppExport.cmake
[39.568s] -- Installing: /home/cjson/project/ROS_BEGINNING/install/turtlesim_msgs/share/turtlesim_msgs/cmake/turtlesim_msgs__rosidl_typesupport_cppExport-noconfig.cmake
[39.569s] -- Installing: /home/cjson/project/ROS_BEGINNING/install/turtlesim_msgs/share/turtlesim_msgs/cmake/export_turtlesim_msgs__rosidl_generator_pyExport.cmake
[39.569s] -- Installing: /home/cjson/project/ROS_BEGINNING/install/turtlesim_msgs/share/turtlesim_msgs/cmake/export_turtlesim_msgs__rosidl_generator_pyExport-noconfig.cmake
[39.803s] Listing '/home/cjson/project/ROS_BEGINNING/install/turtlesim_msgs/lib/python3.14/site-packages/turtlesim_msgs'...
[39.803s] Compiling '/home/cjson/project/ROS_BEGINNING/install/turtlesim_msgs/lib/python3.14/site-packages/turtlesim_msgs/__init__.py'...
[39.803s] Listing '/home/cjson/project/ROS_BEGINNING/install/turtlesim_msgs/lib/python3.14/site-packages/turtlesim_msgs/action'...
[39.803s] Compiling '/home/cjson/project/ROS_BEGINNING/install/turtlesim_msgs/lib/python3.14/site-packages/turtlesim_msgs/action/__init__.py'...
[39.803s] Compiling '/home/cjson/project/ROS_BEGINNING/install/turtlesim_msgs/lib/python3.14/site-packages/turtlesim_msgs/action/_rotate_absolute.py'...
[39.803s] Listing '/home/cjson/project/ROS_BEGINNING/install/turtlesim_msgs/lib/python3.14/site-packages/turtlesim_msgs/msg'...
[39.803s] Compiling '/home/cjson/project/ROS_BEGINNING/install/turtlesim_msgs/lib/python3.14/site-packages/turtlesim_msgs/msg/__init__.py'...
[39.804s] Compiling '/home/cjson/project/ROS_BEGINNING/install/turtlesim_msgs/lib/python3.14/site-packages/turtlesim_msgs/msg/_color.py'...
[39.804s] Compiling '/home/cjson/project/ROS_BEGINNING/install/turtlesim_msgs/lib/python3.14/site-packages/turtlesim_msgs/msg/_pose.py'...
[39.804s] Listing '/home/cjson/project/ROS_BEGINNING/install/turtlesim_msgs/lib/python3.14/site-packages/turtlesim_msgs/srv'...
[39.804s] Compiling '/home/cjson/project/ROS_BEGINNING/install/turtlesim_msgs/lib/python3.14/site-packages/turtlesim_msgs/srv/__init__.py'...
[39.804s] Compiling '/home/cjson/project/ROS_BEGINNING/install/turtlesim_msgs/lib/python3.14/site-packages/turtlesim_msgs/srv/_kill.py'...
[39.804s] Compiling '/home/cjson/project/ROS_BEGINNING/install/turtlesim_msgs/lib/python3.14/site-packages/turtlesim_msgs/srv/_set_pen.py'...
[39.804s] Compiling '/home/cjson/project/ROS_BEGINNING/install/turtlesim_msgs/lib/python3.14/site-packages/turtlesim_msgs/srv/_spawn.py'...
[39.804s] Compiling '/home/cjson/project/ROS_BEGINNING/install/turtlesim_msgs/lib/python3.14/site-packages/turtlesim_msgs/srv/_teleport_absolute.py'...
[39.804s] Compiling '/home/cjson/project/ROS_BEGINNING/install/turtlesim_msgs/lib/python3.14/site-packages/turtlesim_msgs/srv/_teleport_relative.py'...
[39.815s] Invoked command in '/home/cjson/project/ROS_BEGINNING/build/turtlesim_msgs' returned '0': CMAKE_PREFIX_PATH=${CMAKE_PREFIX_PATH}:/opt/ros/lyrical:/home/cjson/ros2_lyrical/install/rqt_bag_plugins:/home/cjson/ros2_lyrical/install/launch_testing_examples:/home/cjson/ros2_lyrical/install/ros2bag:/home/cjson/ros2_lyrical/install/tracetools_test:/home/cjson/ros2_lyrical/install/tracetools_launch:/home/cjson/ros2_lyrical/install/topic_monitor:/home/cjson/ros2_lyrical/install/tf2_tools:/home/cjson/ros2_lyrical/install/examples_tf2_py:/home/cjson/ros2_lyrical/install/tf2_ros_py:/home/cjson/ros2_lyrical/install/sros2:/home/cjson/ros2_lyrical/install/rqt_topic:/home/cjson/ros2_lyrical/install/rqt_srv:/home/cjson/ros2_lyrical/install/rqt_shell:/home/cjson/ros2_lyrical/install/rqt_service_caller:/home/cjson/ros2_lyrical/install/rqt_reconfigure:/home/cjson/ros2_lyrical/install/rqt_py_console:/home/cjson/ros2_lyrical/install/rqt_publisher:/home/cjson/ros2_lyrical/install/rqt_plot:/home/cjson/ros2_lyrical/install/rqt_action:/home/cjson/ros2_lyrical/install/rqt_msg:/home/cjson/ros2_lyrical/install/rqt_console:/home/cjson/ros2_lyrical/install/rqt:/home/cjson/ros2_lyrical/install/rqt_graph:/home/cjson/ros2_lyrical/install/rqt_bag:/home/cjson/ros2_lyrical/install/rqt_gui_py:/home/cjson/ros2_lyrical/install/rqt_gui:/home/cjson/ros2_lyrical/install/rosbag2_examples_py:/home/cjson/ros2_lyrical/install/ros2trace:/home/cjson/ros2_lyrical/install/ros2topic:/home/cjson/ros2_lyrical/install/ros2test:/home/cjson/ros2_lyrical/install/ros2component:/home/cjson/ros2_lyrical/install/ros2param:/home/cjson/ros2_lyrical/install/ros2lifecycle:/home/cjson/ros2_lyrical/install/ros2service:/home/cjson/ros2_lyrical/install/ros2run:/home/cjson/ros2_lyrical/install/ros2plugin:/home/cjson/ros2_lyrical/install/ros2launch:/home/cjson/ros2_lyrical/install/ros2pkg:/home/cjson/ros2_lyrical/install/ros2node:/home/cjson/ros2_lyrical/install/ros2multicast:/home/cjson/ros2_lyrical/install/ros2interface:/home/cjson/ros2_lyrical/install/ros2doctor:/home/cjson/ros2_lyrical/install/ros2action:/home/cjson/ros2_lyrical/install/ros2cli:/home/cjson/ros2_lyrical/install/quality_of_service_demo_py:/home/cjson/ros2_lyrical/install/lifecycle_py:/home/cjson/ros2_lyrical/install/launch_testing_ros:/home/cjson/ros2_lyrical/install/launch_ros:/home/cjson/ros2_lyrical/install/examples_rclpy_pointcloud_publisher:/home/cjson/ros2_lyrical/install/examples_rclpy_minimal_subscriber:/home/cjson/ros2_lyrical/install/examples_rclpy_minimal_service:/home/cjson/ros2_lyrical/install/examples_rclpy_minimal_publisher:/home/cjson/ros2_lyrical/install/examples_rclpy_minimal_client:/home/cjson/ros2_lyrical/install/examples_rclpy_minimal_action_server:/home/cjson/ros2_lyrical/install/examples_rclpy_minimal_action_client:/home/cjson/ros2_lyrical/install/examples_rclpy_guard_conditions:/home/cjson/ros2_lyrical/install/examples_rclpy_executors:/home/cjson/ros2_lyrical/install/demo_nodes_py:/home/cjson/ros2_lyrical/install/camera_info_manager_py:/home/cjson/ros2_lyrical/install/action_tutorials_py:/home/cjson/ros2_lyrical/install/sensor_msgs_py:/home/cjson/ros2_lyrical/install/ament_uncrustify:/home/cjson/ros2_lyrical/install/tracetools_trace:/home/cjson/ros2_lyrical/install/tracetools_read:/home/cjson/ros2_lyrical/install/test_tracetools_launch:/home/cjson/ros2_lyrical/install/test_ros2trace:/home/cjson/ros2_lyrical/install/test_launch_ros:/home/cjson/ros2_lyrical/install/rpyutils:/home/cjson/ros2_lyrical/install/rosidl_runtime_py:/home/cjson/ros2_lyrical/install/rosidl_pycommon:/home/cjson/ros2_lyrical/install/rosidl_cli:/home/cjson/ros2_lyrical/install/qt_dotgraph:/home/cjson/ros2_lyrical/install/launch_pytest:/home/cjson/ros2_lyrical/install/launch_testing:/home/cjson/ros2_lyrical/install/launch_yaml:/home/cjson/ros2_lyrical/install/launch_xml:/home/cjson/ros2_lyrical/install/launch:/home/cjson/ros2_lyrical/install/domain_coordinator:/home/cjson/ros2_lyrical/install/ament_xmllint:/home/cjson/ros2_lyrical/install/ament_pyflakes:/home/cjson/ros2_lyrical/install/ament_pycodestyle:/home/cjson/ros2_lyrical/install/ament_pep257:/home/cjson/ros2_lyrical/install/ament_pclint:/home/cjson/ros2_lyrical/install/ament_package:/home/cjson/ros2_lyrical/install/ament_mypy:/home/cjson/ros2_lyrical/install/ament_lint_cmake:/home/cjson/ros2_lyrical/install/ament_flake8:/home/cjson/ros2_lyrical/install/ament_copyright:/home/cjson/ros2_lyrical/install/ament_lint:/home/cjson/ros2_lyrical/install/ament_index_python:/home/cjson/ros2_lyrical/install/ament_cpplint:/home/cjson/ros2_lyrical/install/ament_cppcheck:/home/cjson/ros2_lyrical/install/ament_clang_tidy:/home/cjson/ros2_lyrical/install/ament_clang_format /usr/bin/cmake --install /home/cjson/project/ROS_BEGINNING/build/turtlesim_msgs
