-- The C compiler identification is GNU 15.2.0
-- The CXX compiler identification is GNU 15.2.0
-- Detecting C compiler ABI info
-- Detecting C compiler ABI info - done
-- Check for working C compiler: /usr/bin/cc - skipped
-- Detecting C compile features
-- Detecting C compile features - done
-- Detecting CXX compiler ABI info
-- Detecting CXX compiler ABI info - done
-- Check for working CXX compiler: /usr/bin/c++ - skipped
-- Detecting CXX compile features
-- Detecting CXX compile features - done
-- Found ament_cmake: 2.8.7 (/home/cjson/ros2_lyrical/install/ament_cmake/share/ament_cmake/cmake)
-- Override CMake install command with custom implementation using symlinks instead of copying resources
-- Found ament_index_cpp: 1.13.3 (/home/cjson/ros2_lyrical/install/ament_index_cpp/share/ament_index_cpp/cmake)
-- Found geometry_msgs: 5.9.2 (/home/cjson/ros2_lyrical/install/geometry_msgs/share/geometry_msgs/cmake)
-- Found rosidl_generator_c: 5.2.1 (/home/cjson/ros2_lyrical/install/rosidl_generator_c/share/rosidl_generator_c/cmake)
-- Found rosidl_generator_cpp: 5.2.1 (/home/cjson/ros2_lyrical/install/rosidl_generator_cpp/share/rosidl_generator_cpp/cmake)
-- Using all available rosidl_typesupport_c: rosidl_typesupport_fastrtps_c;rosidl_typesupport_introspection_c
-- Using all available rosidl_typesupport_cpp: rosidl_typesupport_fastrtps_cpp;rosidl_typesupport_introspection_cpp
-- Performing Test CMAKE_HAVE_LIBC_PTHREAD
-- Performing Test CMAKE_HAVE_LIBC_PTHREAD - Success
-- Found Threads: TRUE
-- Performing Test HAVE_STDATOMIC
-- Performing Test HAVE_STDATOMIC - Success
-- Found WrapAtomic: TRUE
-- Found OpenGL: /usr/lib/x86_64-linux-gnu/libOpenGL.so
-- Found WrapOpenGL: TRUE
-- Found WrapVulkanHeaders: /usr/include
-- Found rclcpp: 32.0.1 (/home/cjson/ros2_lyrical/install/rclcpp/share/rclcpp/cmake)
-- Found rmw_implementation_cmake: 7.10.1 (/home/cjson/ros2_lyrical/install/rmw_implementation_cmake/share/rmw_implementation_cmake/cmake)
-- Found rmw_fastrtps_cpp: 9.4.8 (/home/cjson/ros2_lyrical/install/rmw_fastrtps_cpp/share/rmw_fastrtps_cpp/cmake)
-- Using RMW implementation 'rmw_fastrtps_cpp' as default
-- Found rclcpp_action: 32.0.1 (/home/cjson/ros2_lyrical/install/rclcpp_action/share/rclcpp_action/cmake)
-- Found std_srvs: 5.9.2 (/home/cjson/ros2_lyrical/install/std_srvs/share/std_srvs/cmake)
-- Found turtlesim_msgs: 1.10.9 (/home/cjson/project/ROS_BEGINNING/install/turtlesim_msgs/share/turtlesim_msgs/cmake)
-- Found ament_lint_auto: 0.20.6 (/home/cjson/ros2_lyrical/install/ament_lint_auto/share/ament_lint_auto/cmake)
-- Added test 'copyright' to check source files copyright and LICENSE
-- Added test 'cppcheck' to perform static code analysis on C / C++ code
-- Configured cppcheck include dirs: $<BUILD_INTERFACE:/home/cjson/project/ROS_BEGINNING/src/ros_tutorials/turtlesim/include>
-- Configured cppcheck exclude dirs and/or files: 
-- Added test 'cpplint' to check C / C++ code against the Google style
-- Configured cpplint exclude dirs and/or files: 
-- Added test 'flake8' to check Python code syntax and style conventions
-- Configured 'flake8' exclude dirs and/or files: 
-- Added test 'lint_cmake' to check CMake code style
-- Added test 'pep257' to check Python code against some of the docstring style conventions in PEP 257
-- Added test 'uncrustify' to check C / C++ code style
-- Configured uncrustify additional arguments: 
-- Added test 'xmllint' to check XML markup files
-- Configuring done (14.5s)
-- Generating done (0.1s)
-- Build files have been written to: /home/cjson/project/ROS_BEGINNING/build/turtlesim
[  0%] Built target turtlesim_node_autogen_timestamp_deps
[  0%] Built target mimic_autogen_timestamp_deps
[  0%] Built target turtle_teleop_key_autogen_timestamp_deps
[  0%] Built target draw_square_autogen_timestamp_deps
[  5%] [1m[34mAutomatic MOC and UIC for target turtlesim_node[0m
[ 10%] [1m[34mAutomatic MOC and UIC for target turtle_teleop_key[0m
[ 15%] [1m[34mAutomatic MOC and UIC for target mimic[0m
[ 20%] [1m[34mAutomatic MOC and UIC for target draw_square[0m
[ 20%] Built target turtle_teleop_key_autogen
[ 20%] Built target turtlesim_node_autogen
[ 20%] Built target mimic_autogen
[ 20%] Built target draw_square_autogen
[ 25%] [1m[34mGenerating include/turtlesim/moc_turtle_frame.cpp[0m
[ 30%] [32mBuilding CXX object CMakeFiles/turtle_teleop_key.dir/tutorials/teleop_turtle_key.cpp.o[0m
[ 35%] [32mBuilding CXX object CMakeFiles/turtle_teleop_key.dir/turtle_teleop_key_autogen/mocs_compilation.cpp.o[0m
[ 40%] [32mBuilding CXX object CMakeFiles/mimic.dir/tutorials/mimic.cpp.o[0m
[ 45%] [32mBuilding CXX object CMakeFiles/mimic.dir/mimic_autogen/mocs_compilation.cpp.o[0m
[ 50%] [32mBuilding CXX object CMakeFiles/draw_square.dir/tutorials/draw_square.cpp.o[0m
[ 55%] [32mBuilding CXX object CMakeFiles/draw_square.dir/draw_square_autogen/mocs_compilation.cpp.o[0m
[ 60%] [32mBuilding CXX object CMakeFiles/turtlesim_node.dir/turtlesim_node_autogen/mocs_compilation.cpp.o[0m
[ 65%] [32mBuilding CXX object CMakeFiles/turtlesim_node.dir/src/turtle.cpp.o[0m
[ 70%] [32mBuilding CXX object CMakeFiles/turtlesim_node.dir/src/turtlesim.cpp.o[0m
[ 75%] [32mBuilding CXX object CMakeFiles/turtlesim_node.dir/include/turtlesim/moc_turtle_frame.cpp.o[0m
[ 80%] [32mBuilding CXX object CMakeFiles/turtlesim_node.dir/src/turtle_frame.cpp.o[0m
[ 85%] [1m[32mLinking CXX executable turtle_teleop_key[0m
[ 85%] Built target turtle_teleop_key
[ 90%] [1m[32mLinking CXX executable mimic[0m
[ 90%] Built target mimic
[ 95%] [1m[32mLinking CXX executable draw_square[0m
[ 95%] Built target draw_square
[100%] [1m[32mLinking CXX executable turtlesim_node[0m
[100%] Built target turtlesim_node
-- Install configuration: ""
-- Execute custom install script
-- Symlinking: /home/cjson/project/ROS_BEGINNING/install/turtlesim/lib/turtlesim/turtlesim_node
-- Symlinking: /home/cjson/project/ROS_BEGINNING/install/turtlesim/lib/turtlesim/turtle_teleop_key
-- Symlinking: /home/cjson/project/ROS_BEGINNING/install/turtlesim/lib/turtlesim/draw_square
-- Symlinking: /home/cjson/project/ROS_BEGINNING/install/turtlesim/lib/turtlesim/mimic
-- Symlinking: /home/cjson/project/ROS_BEGINNING/install/turtlesim/share/turtlesim/launch/multisim.launch.py
-- Symlinking: /home/cjson/project/ROS_BEGINNING/install/turtlesim/share/ament_index/resource_index/package_run_dependencies/turtlesim
-- Symlinking: /home/cjson/project/ROS_BEGINNING/install/turtlesim/share/ament_index/resource_index/parent_prefix_path/turtlesim
-- Symlinking: /home/cjson/project/ROS_BEGINNING/install/turtlesim/share/turtlesim/environment/ament_prefix_path.sh
-- Symlinking: /home/cjson/project/ROS_BEGINNING/install/turtlesim/share/turtlesim/environment/ament_prefix_path.dsv
-- Symlinking: /home/cjson/project/ROS_BEGINNING/install/turtlesim/share/turtlesim/environment/path.sh
-- Symlinking: /home/cjson/project/ROS_BEGINNING/install/turtlesim/share/turtlesim/environment/path.dsv
-- Symlinking: /home/cjson/project/ROS_BEGINNING/install/turtlesim/share/turtlesim/local_setup.bash
-- Symlinking: /home/cjson/project/ROS_BEGINNING/install/turtlesim/share/turtlesim/local_setup.fish
-- Symlinking: /home/cjson/project/ROS_BEGINNING/install/turtlesim/share/turtlesim/local_setup.sh
-- Symlinking: /home/cjson/project/ROS_BEGINNING/install/turtlesim/share/turtlesim/local_setup.zsh
-- Symlinking: /home/cjson/project/ROS_BEGINNING/install/turtlesim/share/turtlesim/local_setup.dsv
-- Symlinking: /home/cjson/project/ROS_BEGINNING/install/turtlesim/share/turtlesim/package.dsv
-- Symlinking: /home/cjson/project/ROS_BEGINNING/install/turtlesim/share/ament_index/resource_index/packages/turtlesim
-- Symlinking: /home/cjson/project/ROS_BEGINNING/install/turtlesim/share/turtlesim/cmake/turtlesimConfig.cmake
-- Symlinking: /home/cjson/project/ROS_BEGINNING/install/turtlesim/share/turtlesim/cmake/turtlesimConfig-version.cmake
-- Symlinking: /home/cjson/project/ROS_BEGINNING/install/turtlesim/share/turtlesim/package.xml
-- Installing: /home/cjson/project/ROS_BEGINNING/install/turtlesim/share/turtlesim/images
-- Installing: /home/cjson/project/ROS_BEGINNING/install/turtlesim/share/turtlesim/images/galactic.png
-- Installing: /home/cjson/project/ROS_BEGINNING/install/turtlesim/share/turtlesim/images/iron.png
-- Installing: /home/cjson/project/ROS_BEGINNING/install/turtlesim/share/turtlesim/images/kilted.png
-- Installing: /home/cjson/project/ROS_BEGINNING/install/turtlesim/share/turtlesim/images/dashing.png
-- Installing: /home/cjson/project/ROS_BEGINNING/install/turtlesim/share/turtlesim/images/ardent.png
-- Installing: /home/cjson/project/ROS_BEGINNING/install/turtlesim/share/turtlesim/images/jazzy.png
-- Installing: /home/cjson/project/ROS_BEGINNING/install/turtlesim/share/turtlesim/images/lyrical.png
-- Installing: /home/cjson/project/ROS_BEGINNING/install/turtlesim/share/turtlesim/images/foxy.png
-- Installing: /home/cjson/project/ROS_BEGINNING/install/turtlesim/share/turtlesim/images/humble.png
-- Installing: /home/cjson/project/ROS_BEGINNING/install/turtlesim/share/turtlesim/images/bouncy.png
-- Installing: /home/cjson/project/ROS_BEGINNING/install/turtlesim/share/turtlesim/images/rolling.png
-- Installing: /home/cjson/project/ROS_BEGINNING/install/turtlesim/share/turtlesim/images/crystal.png
-- Installing: /home/cjson/project/ROS_BEGINNING/install/turtlesim/share/turtlesim/images/eloquent.png
